D:\update\gx.sql
D:\update\version.php
D:\update\addons\ewei_shopv2\version.php
D:\update\addons\ewei_shopv2\core\com\sms.php
D:\update\addons\ewei_shopv2\core\mobile\account\index.php
D:\update\addons\ewei_shopv2\core\mobile\goods\code.php
D:\update\addons\ewei_shopv2\core\mobile\goods\detail.php
D:\update\addons\ewei_shopv2\core\mobile\goods\index.php
D:\update\addons\ewei_shopv2\core\mobile\goods\package.php
D:\update\addons\ewei_shopv2\core\mobile\goods\picker.php
D:\update\addons\ewei_shopv2\core\mobile\goods\recent.php
D:\update\addons\ewei_shopv2\core\mobile\goods\wholesalepicker.php
D:\update\addons\ewei_shopv2\core\mobile\sale\coupon\detail.php
D:\update\addons\ewei_shopv2\core\mobile\sale\coupon\index.php
D:\update\addons\ewei_shopv2\core\mobile\sale\coupon\my.php
D:\update\addons\ewei_shopv2\core\mobile\sale\coupon\quickget.php
D:\update\addons\ewei_shopv2\core\mobile\sale\coupon\show.php
D:\update\addons\ewei_shopv2\core\mobile\sale\coupon\util.php
D:\update\addons\ewei_shopv2\core\mobile\sale\sendticket\share.php
D:\update\addons\ewei_shopv2\core\mobile\shop\category.php
D:\update\addons\ewei_shopv2\core\mobile\shop\notice.php
D:\update\addons\ewei_shopv2\core\mobile\store\index.php
D:\update\addons\ewei_shopv2\core\mobile\store\map.php
D:\update\addons\ewei_shopv2\core\mobile\store\selector.php
D:\update\addons\ewei_shopv2\core\web\sysset\sms\index.php
D:\update\addons\ewei_shopv2\core\web\sysset\sms\temp.php
D:\update\addons\ewei_shopv2\plugin\commission\config.php
D:\update\addons\ewei_shopv2\plugin\commission\core\model.php
D:\update\addons\ewei_shopv2\plugin\commission\core\model.php.bak
D:\update\addons\ewei_shopv2\plugin\commission\core\model.php.en
D:\update\addons\ewei_shopv2\plugin\commission\core\page_login_mobile.php
D:\update\addons\ewei_shopv2\plugin\commission\core\page_mobile.php
D:\update\addons\ewei_shopv2\plugin\commission\core\mobile\apply.php
D:\update\addons\ewei_shopv2\plugin\commission\core\mobile\ccard.php
D:\update\addons\ewei_shopv2\plugin\commission\core\mobile\down.php
D:\update\addons\ewei_shopv2\plugin\commission\core\mobile\index.php
D:\update\addons\ewei_shopv2\plugin\commission\core\mobile\log.php
D:\update\addons\ewei_shopv2\plugin\commission\core\mobile\order.php
D:\update\addons\ewei_shopv2\plugin\commission\core\mobile\qrcode.php
D:\update\addons\ewei_shopv2\plugin\commission\core\mobile\rank.php
D:\update\addons\ewei_shopv2\plugin\commission\core\mobile\register.php
D:\update\addons\ewei_shopv2\plugin\commission\core\mobile\share.php
D:\update\addons\ewei_shopv2\plugin\commission\core\mobile\withdraw.php
D:\update\addons\ewei_shopv2\plugin\commission\core\mobile\myshop\index.php
D:\update\addons\ewei_shopv2\plugin\commission\core\mobile\myshop\select.php
D:\update\addons\ewei_shopv2\plugin\commission\core\mobile\myshop\set.php
D:\update\addons\ewei_shopv2\plugin\commission\core\web\agent.php
D:\update\addons\ewei_shopv2\plugin\commission\core\web\apply.php
D:\update\addons\ewei_shopv2\plugin\commission\core\web\bank.php
D:\update\addons\ewei_shopv2\plugin\commission\core\web\cover.php
D:\update\addons\ewei_shopv2\plugin\commission\core\web\increase.php
D:\update\addons\ewei_shopv2\plugin\commission\core\web\index.php
D:\update\addons\ewei_shopv2\plugin\commission\core\web\level.php
D:\update\addons\ewei_shopv2\plugin\commission\core\web\rank.php
D:\update\addons\ewei_shopv2\plugin\commission\core\web\statistics\agent.php
D:\update\addons\ewei_shopv2\plugin\commission\core\web\statistics\order.php
D:\update\addons\ewei_shopv2\plugin\commission\core\web\statistics\user.php
D:\update\addons\ewei_shopv2\plugin\commission\static\images\bangzhu.jpg
D:\update\addons\ewei_shopv2\plugin\commission\static\images\poster.jpg
D:\update\addons\ewei_shopv2\plugin\commission\static\images\poster.jpg.zip
D:\update\addons\ewei_shopv2\plugin\commission\static\images\register_example.jpg
D:\update\addons\ewei_shopv2\plugin\commission\static\js\apply.js
D:\update\addons\ewei_shopv2\plugin\commission\static\js\ccard.js
D:\update\addons\ewei_shopv2\plugin\commission\static\js\down.js
D:\update\addons\ewei_shopv2\plugin\commission\static\js\log.js
D:\update\addons\ewei_shopv2\plugin\commission\static\js\myshop.js
D:\update\addons\ewei_shopv2\plugin\commission\static\js\order.js
D:\update\addons\ewei_shopv2\plugin\commission\static\js\qrcode.js
D:\update\addons\ewei_shopv2\plugin\commission\static\js\rank.js
D:\update\addons\ewei_shopv2\plugin\commission\static\js\register.js
D:\update\addons\ewei_shopv2\plugin\commission\template\mobile\default\apply.html
D:\update\addons\ewei_shopv2\plugin\commission\template\mobile\default\common.html
D:\update\addons\ewei_shopv2\plugin\commission\template\mobile\default\down.html
D:\update\addons\ewei_shopv2\plugin\commission\template\mobile\default\index.html
D:\update\addons\ewei_shopv2\plugin\commission\template\mobile\default\order.html
D:\update\addons\ewei_shopv2\plugin\commission\template\mobile\default\qrcode.html
D:\update\addons\ewei_shopv2\plugin\commission\template\mobile\default\rank.html
D:\update\addons\ewei_shopv2\plugin\commission\template\mobile\default\register.html
D:\update\addons\ewei_shopv2\plugin\commission\template\mobile\default\share.html
D:\update\addons\ewei_shopv2\plugin\commission\template\mobile\default\withdraw.html
D:\update\addons\ewei_shopv2\plugin\commission\template\mobile\default\_menu.html
D:\update\addons\ewei_shopv2\plugin\commission\template\mobile\default\ccard\detail.html
D:\update\addons\ewei_shopv2\plugin\commission\template\mobile\default\ccard\index.html
D:\update\addons\ewei_shopv2\plugin\commission\template\mobile\default\log\detail.html
D:\update\addons\ewei_shopv2\plugin\commission\template\mobile\default\log\index.html
D:\update\addons\ewei_shopv2\plugin\commission\template\mobile\default\myshop\index.html
D:\update\addons\ewei_shopv2\plugin\commission\template\mobile\default\myshop\select.html
D:\update\addons\ewei_shopv2\plugin\commission\template\mobile\default\myshop\set.html
D:\update\addons\ewei_shopv2\plugin\commission\template\mobile\default\static\css\style.css
D:\update\addons\ewei_shopv2\plugin\commission\template\mobile\default\static\images\bg.png
D:\update\addons\ewei_shopv2\plugin\commission\template\mobile\default\static\images\fenxiao_ico1.png
D:\update\addons\ewei_shopv2\plugin\commission\template\mobile\default\static\images\fenxiao_ico2.png
D:\update\addons\ewei_shopv2\plugin\commission\template\mobile\default\static\images\fenxiao_ico3.png
D:\update\addons\ewei_shopv2\plugin\commission\template\mobile\default\static\images\fenxiao_ico4.png
D:\update\addons\ewei_shopv2\plugin\commission\template\mobile\default\static\images\gold_ico1.png
D:\update\addons\ewei_shopv2\plugin\commission\template\mobile\default\static\images\gold_ico2.png
D:\update\addons\ewei_shopv2\plugin\commission\template\mobile\red\apply.html
D:\update\addons\ewei_shopv2\plugin\commission\template\mobile\red\common.html
D:\update\addons\ewei_shopv2\plugin\commission\template\mobile\red\down.html
D:\update\addons\ewei_shopv2\plugin\commission\template\mobile\red\index.html
D:\update\addons\ewei_shopv2\plugin\commission\template\mobile\red\order.html
D:\update\addons\ewei_shopv2\plugin\commission\template\mobile\red\qrcode.html
D:\update\addons\ewei_shopv2\plugin\commission\template\mobile\red\rank.html
D:\update\addons\ewei_shopv2\plugin\commission\template\mobile\red\register.html
D:\update\addons\ewei_shopv2\plugin\commission\template\mobile\red\share.html
D:\update\addons\ewei_shopv2\plugin\commission\template\mobile\red\withdraw.html
D:\update\addons\ewei_shopv2\plugin\commission\template\mobile\red\_menu.html
D:\update\addons\ewei_shopv2\plugin\commission\template\mobile\red\ccard\detail.html
D:\update\addons\ewei_shopv2\plugin\commission\template\mobile\red\ccard\index.html
D:\update\addons\ewei_shopv2\plugin\commission\template\mobile\red\log\detail.html
D:\update\addons\ewei_shopv2\plugin\commission\template\mobile\red\log\index.html
D:\update\addons\ewei_shopv2\plugin\commission\template\mobile\red\myshop\index.html
D:\update\addons\ewei_shopv2\plugin\commission\template\mobile\red\myshop\select.html
D:\update\addons\ewei_shopv2\plugin\commission\template\mobile\red\myshop\set.html
D:\update\addons\ewei_shopv2\plugin\commission\template\mobile\red\static\css\style.css
D:\update\addons\ewei_shopv2\plugin\commission\template\mobile\red\static\images\bg.png
D:\update\addons\ewei_shopv2\plugin\commission\template\mobile\red\static\images\fenxiao_ico1.png
D:\update\addons\ewei_shopv2\plugin\commission\template\mobile\red\static\images\fenxiao_ico2.png
D:\update\addons\ewei_shopv2\plugin\commission\template\mobile\red\static\images\fenxiao_ico3.png
D:\update\addons\ewei_shopv2\plugin\commission\template\mobile\red\static\images\fenxiao_ico4.png
D:\update\addons\ewei_shopv2\plugin\commission\template\mobile\red\static\images\gold_ico1.png
D:\update\addons\ewei_shopv2\plugin\commission\template\mobile\red\static\images\gold_ico2.png
D:\update\addons\ewei_shopv2\plugin\commission\template\web\agent.html
D:\update\addons\ewei_shopv2\plugin\commission\template\web\agent_user.html
D:\update\addons\ewei_shopv2\plugin\commission\template\web\cover.html
D:\update\addons\ewei_shopv2\plugin\commission\template\web\goods.html
D:\update\addons\ewei_shopv2\plugin\commission\template\web\goods_merch.html
D:\update\addons\ewei_shopv2\plugin\commission\template\web\increase.html
D:\update\addons\ewei_shopv2\plugin\commission\template\web\notice.html
D:\update\addons\ewei_shopv2\plugin\commission\template\web\query.html
D:\update\addons\ewei_shopv2\plugin\commission\template\web\rank.html
D:\update\addons\ewei_shopv2\plugin\commission\template\web\set.html
D:\update\addons\ewei_shopv2\plugin\commission\template\web\tabs.html
D:\update\addons\ewei_shopv2\plugin\commission\template\web\apply\changecommission.html
D:\update\addons\ewei_shopv2\plugin\commission\template\web\apply\detail.html
D:\update\addons\ewei_shopv2\plugin\commission\template\web\apply\index.html
D:\update\addons\ewei_shopv2\plugin\commission\template\web\bank\index.html
D:\update\addons\ewei_shopv2\plugin\commission\template\web\bank\post.html
D:\update\addons\ewei_shopv2\plugin\commission\template\web\level\index.html
D:\update\addons\ewei_shopv2\plugin\commission\template\web\level\post.html
D:\update\addons\ewei_shopv2\plugin\commission\template\web\set\basic.html
D:\update\addons\ewei_shopv2\plugin\commission\template\web\set\center.html
D:\update\addons\ewei_shopv2\plugin\commission\template\web\set\level.html
D:\update\addons\ewei_shopv2\plugin\commission\template\web\set\money.html
D:\update\addons\ewei_shopv2\plugin\commission\template\web\set\myshop.html
D:\update\addons\ewei_shopv2\plugin\commission\template\web\set\protocol.html
D:\update\addons\ewei_shopv2\plugin\commission\template\web\set\relate.html
D:\update\addons\ewei_shopv2\plugin\commission\template\web\set\style.html
D:\update\addons\ewei_shopv2\plugin\commission\template\web\statistics\agent.html
D:\update\addons\ewei_shopv2\plugin\commission\template\web\statistics\order.html
D:\update\addons\ewei_shopv2\plugin\commission\template\web\statistics\user.html
D:\update\addons\ewei_shopv2\plugin\commission\template\web_v3\agent.html
D:\update\addons\ewei_shopv2\plugin\commission\template\web_v3\agent_user.html
D:\update\addons\ewei_shopv2\plugin\commission\template\web_v3\cover.html
D:\update\addons\ewei_shopv2\plugin\commission\template\web_v3\goods.html
D:\update\addons\ewei_shopv2\plugin\commission\template\web_v3\goods_merch.html
D:\update\addons\ewei_shopv2\plugin\commission\template\web_v3\increase.html
D:\update\addons\ewei_shopv2\plugin\commission\template\web_v3\notice.html
D:\update\addons\ewei_shopv2\plugin\commission\template\web_v3\query.html
D:\update\addons\ewei_shopv2\plugin\commission\template\web_v3\rank.html
D:\update\addons\ewei_shopv2\plugin\commission\template\web_v3\set.html
D:\update\addons\ewei_shopv2\plugin\commission\template\web_v3\tabs.html
D:\update\addons\ewei_shopv2\plugin\commission\template\web_v3\apply\changecommission.html
D:\update\addons\ewei_shopv2\plugin\commission\template\web_v3\apply\detail.html
D:\update\addons\ewei_shopv2\plugin\commission\template\web_v3\apply\index.html
D:\update\addons\ewei_shopv2\plugin\commission\template\web_v3\bank\index.html
D:\update\addons\ewei_shopv2\plugin\commission\template\web_v3\bank\post.html
D:\update\addons\ewei_shopv2\plugin\commission\template\web_v3\level\index.html
D:\update\addons\ewei_shopv2\plugin\commission\template\web_v3\level\post.html
D:\update\addons\ewei_shopv2\plugin\commission\template\web_v3\set\basic.html
D:\update\addons\ewei_shopv2\plugin\commission\template\web_v3\set\center.html
D:\update\addons\ewei_shopv2\plugin\commission\template\web_v3\set\level.html
D:\update\addons\ewei_shopv2\plugin\commission\template\web_v3\set\money.html
D:\update\addons\ewei_shopv2\plugin\commission\template\web_v3\set\myshop.html
D:\update\addons\ewei_shopv2\plugin\commission\template\web_v3\set\protocol.html
D:\update\addons\ewei_shopv2\plugin\commission\template\web_v3\set\relate.html
D:\update\addons\ewei_shopv2\plugin\commission\template\web_v3\set\style.html
D:\update\addons\ewei_shopv2\plugin\commission\template\web_v3\statistics\agent.html
D:\update\addons\ewei_shopv2\plugin\commission\template\web_v3\statistics\order.html
D:\update\addons\ewei_shopv2\plugin\commission\template\web_v3\statistics\user.html
D:\update\addons\ewei_shopv2\plugin\merch\config.php
D:\update\addons\ewei_shopv2\plugin\merch\core\model.php
D:\update\addons\ewei_shopv2\plugin\merch\core\inc\common.php
D:\update\addons\ewei_shopv2\plugin\merch\core\inc\page_merch.php
D:\update\addons\ewei_shopv2\plugin\merch\core\mobile\index.php
D:\update\addons\ewei_shopv2\plugin\merch\core\mobile\list.php
D:\update\addons\ewei_shopv2\plugin\merch\core\mobile\map.php
D:\update\addons\ewei_shopv2\plugin\merch\core\mobile\register.php
D:\update\addons\ewei_shopv2\plugin\merch\core\mobile\member\favorite.php
D:\update\addons\ewei_shopv2\plugin\merch\core\web\category.php
D:\update\addons\ewei_shopv2\plugin\merch\core\web\check.php
D:\update\addons\ewei_shopv2\plugin\merch\core\web\clearing.php
D:\update\addons\ewei_shopv2\plugin\merch\core\web\cover.php
D:\update\addons\ewei_shopv2\plugin\merch\core\web\group.php
D:\update\addons\ewei_shopv2\plugin\merch\core\web\index.php
D:\update\addons\ewei_shopv2\plugin\merch\core\web\notice.php
D:\update\addons\ewei_shopv2\plugin\merch\core\web\reg.php
D:\update\addons\ewei_shopv2\plugin\merch\core\web\set.php
D:\update\addons\ewei_shopv2\plugin\merch\core\web\user.php
D:\update\addons\ewei_shopv2\plugin\merch\core\web\util.php
D:\update\addons\ewei_shopv2\plugin\merch\core\web\manage\index.php
D:\update\addons\ewei_shopv2\plugin\merch\core\web\manage\login.php
D:\update\addons\ewei_shopv2\plugin\merch\core\web\manage\apply\detail.php
D:\update\addons\ewei_shopv2\plugin\merch\core\web\manage\apply\index.php
D:\update\addons\ewei_shopv2\plugin\merch\core\web\manage\apply\list.php
D:\update\addons\ewei_shopv2\plugin\merch\core\web\manage\creditshop\adv.php
D:\update\addons\ewei_shopv2\plugin\merch\core\web\manage\creditshop\category.php
D:\update\addons\ewei_shopv2\plugin\merch\core\web\manage\creditshop\comment.php
D:\update\addons\ewei_shopv2\plugin\merch\core\web\manage\creditshop\cover.php
D:\update\addons\ewei_shopv2\plugin\merch\core\web\manage\creditshop\goods.php
D:\update\addons\ewei_shopv2\plugin\merch\core\web\manage\creditshop\index.php
D:\update\addons\ewei_shopv2\plugin\merch\core\web\manage\creditshop\log.php
D:\update\addons\ewei_shopv2\plugin\merch\core\web\manage\diypage\index.php
D:\update\addons\ewei_shopv2\plugin\merch\core\web\manage\diypage\menu\index.php
D:\update\addons\ewei_shopv2\plugin\merch\core\web\manage\diypage\page\diy.php
D:\update\addons\ewei_shopv2\plugin\merch\core\web\manage\diypage\page\index.php
D:\update\addons\ewei_shopv2\plugin\merch\core\web\manage\diypage\page\mod.php
D:\update\addons\ewei_shopv2\plugin\merch\core\web\manage\diypage\page\sys.php
D:\update\addons\ewei_shopv2\plugin\merch\core\web\manage\diypage\shop\adv.php
D:\update\addons\ewei_shopv2\plugin\merch\core\web\manage\diypage\shop\index.php
D:\update\addons\ewei_shopv2\plugin\merch\core\web\manage\diypage\temp\category.php
D:\update\addons\ewei_shopv2\plugin\merch\core\web\manage\diypage\temp\index.php
D:\update\addons\ewei_shopv2\plugin\merch\core\web\manage\exhelper\index.php
D:\update\addons\ewei_shopv2\plugin\merch\core\web\manage\exhelper\printset.php
D:\update\addons\ewei_shopv2\plugin\merch\core\web\manage\exhelper\sender.php
D:\update\addons\ewei_shopv2\plugin\merch\core\web\manage\exhelper\short.php
D:\update\addons\ewei_shopv2\plugin\merch\core\web\manage\exhelper\temp.php
D:\update\addons\ewei_shopv2\plugin\merch\core\web\manage\exhelper\print\batch.php
D:\update\addons\ewei_shopv2\plugin\merch\core\web\manage\exhelper\print\single.php
D:\update\addons\ewei_shopv2\plugin\merch\core\web\manage\exhelper\temp\express.php
D:\update\addons\ewei_shopv2\plugin\merch\core\web\manage\exhelper\temp\invoice.php
D:\update\addons\ewei_shopv2\plugin\merch\core\web\manage\goods\category.php
D:\update\addons\ewei_shopv2\plugin\merch\core\web\manage\goods\group.php
D:\update\addons\ewei_shopv2\plugin\merch\core\web\manage\goods\index.php
D:\update\addons\ewei_shopv2\plugin\merch\core\web\manage\goods\post.php
D:\update\addons\ewei_shopv2\plugin\merch\core\web\manage\goods\virtual\category.php
D:\update\addons\ewei_shopv2\plugin\merch\core\web\manage\goods\virtual\data.php
D:\update\addons\ewei_shopv2\plugin\merch\core\web\manage\goods\virtual\temp.php
D:\update\addons\ewei_shopv2\plugin\merch\core\web\manage\member\list.php
D:\update\addons\ewei_shopv2\plugin\merch\core\web\manage\member\query.php
D:\update\addons\ewei_shopv2\plugin\merch\core\web\manage\order\batchsend.php
D:\update\addons\ewei_shopv2\plugin\merch\core\web\manage\order\detail.php
D:\update\addons\ewei_shopv2\plugin\merch\core\web\manage\order\export.php
D:\update\addons\ewei_shopv2\plugin\merch\core\web\manage\order\index.php
D:\update\addons\ewei_shopv2\plugin\merch\core\web\manage\order\list.php
D:\update\addons\ewei_shopv2\plugin\merch\core\web\manage\order\op.php
D:\update\addons\ewei_shopv2\plugin\merch\core\web\manage\order\util.php
D:\update\addons\ewei_shopv2\plugin\merch\core\web\manage\order\op\refund.php
D:\update\addons\ewei_shopv2\plugin\merch\core\web\manage\perm\index.php
D:\update\addons\ewei_shopv2\plugin\merch\core\web\manage\perm\log.php
D:\update\addons\ewei_shopv2\plugin\merch\core\web\manage\perm\role.php
D:\update\addons\ewei_shopv2\plugin\merch\core\web\manage\perm\user.php
D:\update\addons\ewei_shopv2\plugin\merch\core\web\manage\plugins\index.php
D:\update\addons\ewei_shopv2\plugin\merch\core\web\manage\quick\adv.php
D:\update\addons\ewei_shopv2\plugin\merch\core\web\manage\quick\index.php
D:\update\addons\ewei_shopv2\plugin\merch\core\web\manage\quick\pages.php
D:\update\addons\ewei_shopv2\plugin\merch\core\web\manage\sale\index.php
D:\update\addons\ewei_shopv2\plugin\merch\core\web\manage\sale\coupon\category.php
D:\update\addons\ewei_shopv2\plugin\merch\core\web\manage\sale\coupon\index.php
D:\update\addons\ewei_shopv2\plugin\merch\core\web\manage\sale\coupon\log.php
D:\update\addons\ewei_shopv2\plugin\merch\core\web\manage\shop\adv.php
D:\update\addons\ewei_shopv2\plugin\merch\core\web\manage\shop\banner.php
D:\update\addons\ewei_shopv2\plugin\merch\core\web\manage\shop\comment.php
D:\update\addons\ewei_shopv2\plugin\merch\core\web\manage\shop\cube.php
D:\update\addons\ewei_shopv2\plugin\merch\core\web\manage\shop\dispatch.php
D:\update\addons\ewei_shopv2\plugin\merch\core\web\manage\shop\index.php
D:\update\addons\ewei_shopv2\plugin\merch\core\web\manage\shop\nav.php
D:\update\addons\ewei_shopv2\plugin\merch\core\web\manage\shop\notice.php
D:\update\addons\ewei_shopv2\plugin\merch\core\web\manage\shop\recommand.php
D:\update\addons\ewei_shopv2\plugin\merch\core\web\manage\shop\refundaddress.php
D:\update\addons\ewei_shopv2\plugin\merch\core\web\manage\shop\sort.php
D:\update\addons\ewei_shopv2\plugin\merch\core\web\manage\shop\verify\log.php
D:\update\addons\ewei_shopv2\plugin\merch\core\web\manage\shop\verify\saler.php
D:\update\addons\ewei_shopv2\plugin\merch\core\web\manage\shop\verify\store.php
D:\update\addons\ewei_shopv2\plugin\merch\core\web\manage\statistics\goods.php
D:\update\addons\ewei_shopv2\plugin\merch\core\web\manage\statistics\goods_rank.php
D:\update\addons\ewei_shopv2\plugin\merch\core\web\manage\statistics\goods_trans.php
D:\update\addons\ewei_shopv2\plugin\merch\core\web\manage\statistics\index.php
D:\update\addons\ewei_shopv2\plugin\merch\core\web\manage\statistics\member_cost.php
D:\update\addons\ewei_shopv2\plugin\merch\core\web\manage\statistics\member_increase.php
D:\update\addons\ewei_shopv2\plugin\merch\core\web\manage\statistics\order.php
D:\update\addons\ewei_shopv2\plugin\merch\core\web\manage\statistics\sale.php
D:\update\addons\ewei_shopv2\plugin\merch\core\web\manage\statistics\sale_analysis.php
D:\update\addons\ewei_shopv2\plugin\merch\core\web\manage\sysset\index.php
D:\update\addons\ewei_shopv2\plugin\merch\core\web\manage\sysset\printer.php
D:\update\addons\ewei_shopv2\plugin\merch\core\web\manage\taobao\index.php
D:\update\addons\ewei_shopv2\plugin\merch\core\web\manage\taobao\jingdong.php
D:\update\addons\ewei_shopv2\plugin\merch\core\web\manage\taobao\one688.php
D:\update\addons\ewei_shopv2\plugin\merch\core\web\manage\taobao\taobaocsv.php
D:\update\addons\ewei_shopv2\plugin\merch\core\web\manage\util\area.php
D:\update\addons\ewei_shopv2\plugin\merch\core\web\manage\util\index.php
D:\update\addons\ewei_shopv2\plugin\merch\core\web\manage\util\selecticon.php
D:\update\addons\ewei_shopv2\plugin\merch\core\web\manage\util\selecturl.php
D:\update\addons\ewei_shopv2\plugin\merch\core\web\statistics\merch.php
D:\update\addons\ewei_shopv2\plugin\merch\core\web\statistics\order.php
D:\update\addons\ewei_shopv2\plugin\merch\static\images\bargain_bg.png
D:\update\addons\ewei_shopv2\plugin\merch\static\images\fu.png
D:\update\addons\ewei_shopv2\plugin\merch\static\images\share_logo.jpg
D:\update\addons\ewei_shopv2\plugin\merch\static\images\swipe-info-bg.png
D:\update\addons\ewei_shopv2\plugin\merch\static\images\tishi.png
D:\update\addons\ewei_shopv2\plugin\merch\static\js\list.js
D:\update\addons\ewei_shopv2\plugin\merch\static\js\map.js
D:\update\addons\ewei_shopv2\plugin\merch\static\js\register.js
D:\update\addons\ewei_shopv2\plugin\merch\static\js\manage\init.js
D:\update\addons\ewei_shopv2\plugin\merch\template\mobile\default\common.html
D:\update\addons\ewei_shopv2\plugin\merch\template\mobile\default\map.html
D:\update\addons\ewei_shopv2\plugin\merch\template\mobile\default\register.html
D:\update\addons\ewei_shopv2\plugin\merch\template\mobile\default\register_notice.html
D:\update\addons\ewei_shopv2\plugin\merch\template\mobile\default\_menu.html
D:\update\addons\ewei_shopv2\plugin\merch\template\mobile\default\list\category.html
D:\update\addons\ewei_shopv2\plugin\merch\template\mobile\default\list\index.html
D:\update\addons\ewei_shopv2\plugin\merch\template\mobile\default\list\merchuser.html
D:\update\addons\ewei_shopv2\plugin\merch\template\mobile\default\member\cart.html
D:\update\addons\ewei_shopv2\plugin\merch\template\mobile\default\member\favorite.html
D:\update\addons\ewei_shopv2\plugin\merch\template\mobile\default\member\history.html
D:\update\addons\ewei_shopv2\plugin\merch\template\mobile\default\order\index.html
D:\update\addons\ewei_shopv2\plugin\merch\template\mobile\default\static\css\style.css
D:\update\addons\ewei_shopv2\plugin\merch\template\mobile\default\static\images\regbg.png
D:\update\addons\ewei_shopv2\plugin\merch\template\web\cover.html
D:\update\addons\ewei_shopv2\plugin\merch\template\web\index.html
D:\update\addons\ewei_shopv2\plugin\merch\template\web\notice.html
D:\update\addons\ewei_shopv2\plugin\merch\template\web\set.html
D:\update\addons\ewei_shopv2\plugin\merch\template\web\tabs.html
D:\update\addons\ewei_shopv2\plugin\merch\template\web\category\index.html
D:\update\addons\ewei_shopv2\plugin\merch\template\web\category\post.html
D:\update\addons\ewei_shopv2\plugin\merch\template\web\category\post_swipe.html
D:\update\addons\ewei_shopv2\plugin\merch\template\web\category\query.html
D:\update\addons\ewei_shopv2\plugin\merch\template\web\category\swipe.html
D:\update\addons\ewei_shopv2\plugin\merch\template\web\check\detail.html
D:\update\addons\ewei_shopv2\plugin\merch\template\web\check\index.html
D:\update\addons\ewei_shopv2\plugin\merch\template\web\clearing\index.html
D:\update\addons\ewei_shopv2\plugin\merch\template\web\clearing\post.html
D:\update\addons\ewei_shopv2\plugin\merch\template\web\clearing\query.html
D:\update\addons\ewei_shopv2\plugin\merch\template\web\group\index.html
D:\update\addons\ewei_shopv2\plugin\merch\template\web\group\post.html
D:\update\addons\ewei_shopv2\plugin\merch\template\web\group\query.html
D:\update\addons\ewei_shopv2\plugin\merch\template\web\manage\common.html
D:\update\addons\ewei_shopv2\plugin\merch\template\web\manage\login.html
D:\update\addons\ewei_shopv2\plugin\merch\template\web\manage\updatepassword.html
D:\update\addons\ewei_shopv2\plugin\merch\template\web\manage\_footer.html
D:\update\addons\ewei_shopv2\plugin\merch\template\web\manage\_header.html
D:\update\addons\ewei_shopv2\plugin\merch\template\web\manage\_header_base.html
D:\update\addons\ewei_shopv2\plugin\merch\template\web\manage\_message.html
D:\update\addons\ewei_shopv2\plugin\merch\template\web\manage\apply\applytype.html
D:\update\addons\ewei_shopv2\plugin\merch\template\web\manage\apply\box.html
D:\update\addons\ewei_shopv2\plugin\merch\template\web\manage\apply\detail.html
D:\update\addons\ewei_shopv2\plugin\merch\template\web\manage\apply\index.html
D:\update\addons\ewei_shopv2\plugin\merch\template\web\manage\apply\list.html
D:\update\addons\ewei_shopv2\plugin\merch\template\web\manage\apply\post.html
D:\update\addons\ewei_shopv2\plugin\merch\template\web\manage\apply\table.html
D:\update\addons\ewei_shopv2\plugin\merch\template\web\manage\apply\tabs.html
D:\update\addons\ewei_shopv2\plugin\merch\template\web\manage\creditshop\category\index.html
D:\update\addons\ewei_shopv2\plugin\merch\template\web\manage\creditshop\category\query.html
D:\update\addons\ewei_shopv2\plugin\merch\template\web\manage\exhelper\index.html
D:\update\addons\ewei_shopv2\plugin\merch\template\web\manage\exhelper\printset.html
D:\update\addons\ewei_shopv2\plugin\merch\template\web\manage\exhelper\short.html
D:\update\addons\ewei_shopv2\plugin\merch\template\web\manage\exhelper\tabs.html
D:\update\addons\ewei_shopv2\plugin\merch\template\web\manage\exhelper\print\print_tpl_dosend.html
D:\update\addons\ewei_shopv2\plugin\merch\template\web\manage\exhelper\print\print_tpl_template.html
D:\update\addons\ewei_shopv2\plugin\merch\template\web\manage\exhelper\print\batch\index.html
D:\update\addons\ewei_shopv2\plugin\merch\template\web\manage\exhelper\print\batch\print_tpl_detail.html
D:\update\addons\ewei_shopv2\plugin\merch\template\web\manage\exhelper\print\single\index.html
D:\update\addons\ewei_shopv2\plugin\merch\template\web\manage\exhelper\print\single\print_tpl.html
D:\update\addons\ewei_shopv2\plugin\merch\template\web\manage\exhelper\print\single\print_tpl_detail.html
D:\update\addons\ewei_shopv2\plugin\merch\template\web\manage\exhelper\sender\index.html
D:\update\addons\ewei_shopv2\plugin\merch\template\web\manage\exhelper\sender\post.html
D:\update\addons\ewei_shopv2\plugin\merch\template\web\manage\exhelper\temp\express\index.html
D:\update\addons\ewei_shopv2\plugin\merch\template\web\manage\exhelper\temp\express\post.html
D:\update\addons\ewei_shopv2\plugin\merch\template\web\manage\exhelper\temp\invoice\index.html
D:\update\addons\ewei_shopv2\plugin\merch\template\web\manage\exhelper\temp\invoice\post.html
D:\update\addons\ewei_shopv2\plugin\merch\template\web\manage\goods\index.html
D:\update\addons\ewei_shopv2\plugin\merch\template\web\manage\goods\post.html
D:\update\addons\ewei_shopv2\plugin\merch\template\web\manage\goods\query.html
D:\update\addons\ewei_shopv2\plugin\merch\template\web\manage\goods\tabs.html
D:\update\addons\ewei_shopv2\plugin\merch\template\web\manage\goods\category\index.html
D:\update\addons\ewei_shopv2\plugin\merch\template\web\manage\goods\category\query.html
D:\update\addons\ewei_shopv2\plugin\merch\template\web\manage\goods\group\index.html
D:\update\addons\ewei_shopv2\plugin\merch\template\web\manage\goods\group\post.html
D:\update\addons\ewei_shopv2\plugin\merch\template\web\manage\goods\group\query.html
D:\update\addons\ewei_shopv2\plugin\merch\template\web\manage\goods\tab\basic.html
D:\update\addons\ewei_shopv2\plugin\merch\template\web\manage\goods\tab\buy.html
D:\update\addons\ewei_shopv2\plugin\merch\template\web\manage\goods\tab\des.html
D:\update\addons\ewei_shopv2\plugin\merch\template\web\manage\goods\tab\notice.html
D:\update\addons\ewei_shopv2\plugin\merch\template\web\manage\goods\tab\option.html
D:\update\addons\ewei_shopv2\plugin\merch\template\web\manage\goods\tab\param.html
D:\update\addons\ewei_shopv2\plugin\merch\template\web\manage\goods\tab\sale.html
D:\update\addons\ewei_shopv2\plugin\merch\template\web\manage\goods\tab\share.html
D:\update\addons\ewei_shopv2\plugin\merch\template\web\manage\goods\tab\verify.html
D:\update\addons\ewei_shopv2\plugin\merch\template\web\manage\goods\tpl\param.html
D:\update\addons\ewei_shopv2\plugin\merch\template\web\manage\goods\tpl\spec.html
D:\update\addons\ewei_shopv2\plugin\merch\template\web\manage\goods\tpl\spec_item.html
D:\update\addons\ewei_shopv2\plugin\merch\template\web\manage\goods\virtual\category.html
D:\update\addons\ewei_shopv2\plugin\merch\template\web\manage\goods\virtual\data\index.html
D:\update\addons\ewei_shopv2\plugin\merch\template\web\manage\goods\virtual\data\post.html
D:\update\addons\ewei_shopv2\plugin\merch\template\web\manage\goods\virtual\data\tpl.html
D:\update\addons\ewei_shopv2\plugin\merch\template\web\manage\goods\virtual\temp\index.html
D:\update\addons\ewei_shopv2\plugin\merch\template\web\manage\goods\virtual\temp\post.html
D:\update\addons\ewei_shopv2\plugin\merch\template\web\manage\goods\virtual\temp\tpl.html
D:\update\addons\ewei_shopv2\plugin\merch\template\web\manage\hotelreservation\goods\post.html
D:\update\addons\ewei_shopv2\plugin\merch\template\web\manage\member\query.html
D:\update\addons\ewei_shopv2\plugin\merch\template\web\manage\member\tabs.html
D:\update\addons\ewei_shopv2\plugin\merch\template\web\manage\member\detail\basic.html
D:\update\addons\ewei_shopv2\plugin\merch\template\web\manage\member\detail\diyform.html
D:\update\addons\ewei_shopv2\plugin\merch\template\web\manage\member\detail\trade.html
D:\update\addons\ewei_shopv2\plugin\merch\template\web\manage\member\list\detail.html
D:\update\addons\ewei_shopv2\plugin\merch\template\web\manage\order\batchsend.html
D:\update\addons\ewei_shopv2\plugin\merch\template\web\manage\order\detail.html
D:\update\addons\ewei_shopv2\plugin\merch\template\web\manage\order\export.html
D:\update\addons\ewei_shopv2\plugin\merch\template\web\manage\order\index.html
D:\update\addons\ewei_shopv2\plugin\merch\template\web\manage\order\list.html
D:\update\addons\ewei_shopv2\plugin\merch\template\web\manage\order\ops.html
D:\update\addons\ewei_shopv2\plugin\merch\template\web\manage\order\tabs.html
D:\update\addons\ewei_shopv2\plugin\merch\template\web\manage\order\op\changeaddress.html
D:\update\addons\ewei_shopv2\plugin\merch\template\web\manage\order\op\changeprice.html
D:\update\addons\ewei_shopv2\plugin\merch\template\web\manage\order\op\close.html
D:\update\addons\ewei_shopv2\plugin\merch\template\web\manage\order\op\remarksaler.html
D:\update\addons\ewei_shopv2\plugin\merch\template\web\manage\order\op\send.html
D:\update\addons\ewei_shopv2\plugin\merch\template\web\manage\order\op\sendcancel.html
D:\update\addons\ewei_shopv2\plugin\merch\template\web\manage\order\op\refund\index.html
D:\update\addons\ewei_shopv2\plugin\merch\template\web\manage\order\op\refund\submit.html
D:\update\addons\ewei_shopv2\plugin\merch\template\web\manage\perm\log.html
D:\update\addons\ewei_shopv2\plugin\merch\template\web\manage\perm\perms.html
D:\update\addons\ewei_shopv2\plugin\merch\template\web\manage\perm\tabs.html
D:\update\addons\ewei_shopv2\plugin\merch\template\web\manage\perm\role\index.html
D:\update\addons\ewei_shopv2\plugin\merch\template\web\manage\perm\role\post.html
D:\update\addons\ewei_shopv2\plugin\merch\template\web\manage\perm\role\query.html
D:\update\addons\ewei_shopv2\plugin\merch\template\web\manage\perm\user\index.html
D:\update\addons\ewei_shopv2\plugin\merch\template\web\manage\perm\user\post.html
D:\update\addons\ewei_shopv2\plugin\merch\template\web\manage\plugins\index.html
D:\update\addons\ewei_shopv2\plugin\merch\template\web\manage\plugins\tabs.html
D:\update\addons\ewei_shopv2\plugin\merch\template\web\manage\sale\enough.html
D:\update\addons\ewei_shopv2\plugin\merch\template\web\manage\sale\enoughfree.html
D:\update\addons\ewei_shopv2\plugin\merch\template\web\manage\sale\tabs.html
D:\update\addons\ewei_shopv2\plugin\merch\template\web\manage\sale\coupon\category.html
D:\update\addons\ewei_shopv2\plugin\merch\template\web\manage\sale\coupon\index.html
D:\update\addons\ewei_shopv2\plugin\merch\template\web\manage\sale\coupon\log.html
D:\update\addons\ewei_shopv2\plugin\merch\template\web\manage\sale\coupon\post.html
D:\update\addons\ewei_shopv2\plugin\merch\template\web\manage\sale\coupon\query.html
D:\update\addons\ewei_shopv2\plugin\merch\template\web\manage\sale\coupon\querygoods.html
D:\update\addons\ewei_shopv2\plugin\merch\template\web\manage\sale\coupon\set.html
D:\update\addons\ewei_shopv2\plugin\merch\template\web\manage\sale\coupon\post\basic.html
D:\update\addons\ewei_shopv2\plugin\merch\template\web\manage\sale\coupon\post\center.html
D:\update\addons\ewei_shopv2\plugin\merch\template\web\manage\sale\coupon\post\consume.html
D:\update\addons\ewei_shopv2\plugin\merch\template\web\manage\sale\coupon\post\limit.html
D:\update\addons\ewei_shopv2\plugin\merch\template\web\manage\sale\coupon\post\resp.html
D:\update\addons\ewei_shopv2\plugin\merch\template\web\manage\sale\coupon\post\usage.html
D:\update\addons\ewei_shopv2\plugin\merch\template\web\manage\sale\coupon\set\basic.html
D:\update\addons\ewei_shopv2\plugin\merch\template\web\manage\shop\index.html
D:\update\addons\ewei_shopv2\plugin\merch\template\web\manage\shop\selectareas.html
D:\update\addons\ewei_shopv2\plugin\merch\template\web\manage\shop\selectareasNew.html
D:\update\addons\ewei_shopv2\plugin\merch\template\web\manage\shop\tabs.html
D:\update\addons\ewei_shopv2\plugin\merch\template\web\manage\shop\adv\index.html
D:\update\addons\ewei_shopv2\plugin\merch\template\web\manage\shop\adv\post.html
D:\update\addons\ewei_shopv2\plugin\merch\template\web\manage\shop\banner\index.html
D:\update\addons\ewei_shopv2\plugin\merch\template\web\manage\shop\banner\post.html
D:\update\addons\ewei_shopv2\plugin\merch\template\web\manage\shop\comment\index.html
D:\update\addons\ewei_shopv2\plugin\merch\template\web\manage\shop\comment\post.html
D:\update\addons\ewei_shopv2\plugin\merch\template\web\manage\shop\cube\index.html
D:\update\addons\ewei_shopv2\plugin\merch\template\web\manage\shop\dispatch\index.html
D:\update\addons\ewei_shopv2\plugin\merch\template\web\manage\shop\dispatch\post.html
D:\update\addons\ewei_shopv2\plugin\merch\template\web\manage\shop\dispatch\tpl.html
D:\update\addons\ewei_shopv2\plugin\merch\template\web\manage\shop\nav\index.html
D:\update\addons\ewei_shopv2\plugin\merch\template\web\manage\shop\nav\post.html
D:\update\addons\ewei_shopv2\plugin\merch\template\web\manage\shop\notice\index.html
D:\update\addons\ewei_shopv2\plugin\merch\template\web\manage\shop\notice\post.html
D:\update\addons\ewei_shopv2\plugin\merch\template\web\manage\shop\recommand\index.html
D:\update\addons\ewei_shopv2\plugin\merch\template\web\manage\shop\refundaddress\index.html
D:\update\addons\ewei_shopv2\plugin\merch\template\web\manage\shop\refundaddress\post.html
D:\update\addons\ewei_shopv2\plugin\merch\template\web\manage\shop\sort\index.html
D:\update\addons\ewei_shopv2\plugin\merch\template\web\manage\shop\verify\saler\index.html
D:\update\addons\ewei_shopv2\plugin\merch\template\web\manage\shop\verify\saler\post.html
D:\update\addons\ewei_shopv2\plugin\merch\template\web\manage\shop\verify\saler\query.html
D:\update\addons\ewei_shopv2\plugin\merch\template\web\manage\shop\verify\store\index.html
D:\update\addons\ewei_shopv2\plugin\merch\template\web\manage\shop\verify\store\post.html
D:\update\addons\ewei_shopv2\plugin\merch\template\web\manage\shop\verify\store\query.html
D:\update\addons\ewei_shopv2\plugin\merch\template\web\manage\statistics\goods.html
D:\update\addons\ewei_shopv2\plugin\merch\template\web\manage\statistics\goods_rank.html
D:\update\addons\ewei_shopv2\plugin\merch\template\web\manage\statistics\goods_trans.html
D:\update\addons\ewei_shopv2\plugin\merch\template\web\manage\statistics\member_cost.html
D:\update\addons\ewei_shopv2\plugin\merch\template\web\manage\statistics\member_increase.html
D:\update\addons\ewei_shopv2\plugin\merch\template\web\manage\statistics\order.html
D:\update\addons\ewei_shopv2\plugin\merch\template\web\manage\statistics\sale.html
D:\update\addons\ewei_shopv2\plugin\merch\template\web\manage\statistics\sale_analysis.html
D:\update\addons\ewei_shopv2\plugin\merch\template\web\manage\statistics\tabs.html
D:\update\addons\ewei_shopv2\plugin\merch\template\web\manage\sysset\index.html
D:\update\addons\ewei_shopv2\plugin\merch\template\web\manage\sysset\notice.html
D:\update\addons\ewei_shopv2\plugin\merch\template\web\manage\sysset\tabs.html
D:\update\addons\ewei_shopv2\plugin\merch\template\web\manage\sysset\printer\index.html
D:\update\addons\ewei_shopv2\plugin\merch\template\web\manage\sysset\printer\post.html
D:\update\addons\ewei_shopv2\plugin\merch\template\web\manage\sysset\printer\printer_list.html
D:\update\addons\ewei_shopv2\plugin\merch\template\web\manage\sysset\printer\printer_post.html
D:\update\addons\ewei_shopv2\plugin\merch\template\web\manage\sysset\printer\printer_query.html
D:\update\addons\ewei_shopv2\plugin\merch\template\web\manage\sysset\printer\printer_tpl.html
D:\update\addons\ewei_shopv2\plugin\merch\template\web\manage\sysset\printer\query.html
D:\update\addons\ewei_shopv2\plugin\merch\template\web\manage\sysset\printer\set.html
D:\update\addons\ewei_shopv2\plugin\merch\template\web\manage\sysset\printer\tpl.html
D:\update\addons\ewei_shopv2\plugin\merch\template\web\manage\taobao\index.html
D:\update\addons\ewei_shopv2\plugin\merch\template\web\manage\taobao\jingdong.html
D:\update\addons\ewei_shopv2\plugin\merch\template\web\manage\taobao\one688.html
D:\update\addons\ewei_shopv2\plugin\merch\template\web\manage\taobao\tabs.html
D:\update\addons\ewei_shopv2\plugin\merch\template\web\manage\taobao\taobaocsv.html
D:\update\addons\ewei_shopv2\plugin\merch\template\web\manage\util\express.html
D:\update\addons\ewei_shopv2\plugin\merch\template\web\manage\util\selecticon.html
D:\update\addons\ewei_shopv2\plugin\merch\template\web\manage\util\selecturl.html
D:\update\addons\ewei_shopv2\plugin\merch\template\web\manage\util\selecturl_tpl.html
D:\update\addons\ewei_shopv2\plugin\merch\template\web\reg\detail.html
D:\update\addons\ewei_shopv2\plugin\merch\template\web\reg\index.html
D:\update\addons\ewei_shopv2\plugin\merch\template\web\set\basic.html
D:\update\addons\ewei_shopv2\plugin\merch\template\web\set\enter.html
D:\update\addons\ewei_shopv2\plugin\merch\template\web\set\protocol.html
D:\update\addons\ewei_shopv2\plugin\merch\template\web\set\web.html
D:\update\addons\ewei_shopv2\plugin\merch\template\web\statistics\merch.html
D:\update\addons\ewei_shopv2\plugin\merch\template\web\statistics\order.html
D:\update\addons\ewei_shopv2\plugin\merch\template\web\user\basic.html
D:\update\addons\ewei_shopv2\plugin\merch\template\web\user\index.html
D:\update\addons\ewei_shopv2\plugin\merch\template\web\user\plugin.html
D:\update\addons\ewei_shopv2\plugin\merch\template\web\user\post.html
D:\update\addons\ewei_shopv2\plugin\merch\template\web\user\query.html
D:\update\addons\ewei_shopv2\plugin\merch\template\web\user\querymerchs.html
D:\update\addons\ewei_shopv2\plugin\merch\template\web_v3\cover.html
D:\update\addons\ewei_shopv2\plugin\merch\template\web_v3\index.html
D:\update\addons\ewei_shopv2\plugin\merch\template\web_v3\notice.html
D:\update\addons\ewei_shopv2\plugin\merch\template\web_v3\set.html
D:\update\addons\ewei_shopv2\plugin\merch\template\web_v3\category\index.html
D:\update\addons\ewei_shopv2\plugin\merch\template\web_v3\category\post.html
D:\update\addons\ewei_shopv2\plugin\merch\template\web_v3\category\post_swipe.html
D:\update\addons\ewei_shopv2\plugin\merch\template\web_v3\category\query.html
D:\update\addons\ewei_shopv2\plugin\merch\template\web_v3\category\swipe.html
D:\update\addons\ewei_shopv2\plugin\merch\template\web_v3\check\detail.html
D:\update\addons\ewei_shopv2\plugin\merch\template\web_v3\check\index.html
D:\update\addons\ewei_shopv2\plugin\merch\template\web_v3\clearing\index.html
D:\update\addons\ewei_shopv2\plugin\merch\template\web_v3\clearing\post.html
D:\update\addons\ewei_shopv2\plugin\merch\template\web_v3\clearing\query.html
D:\update\addons\ewei_shopv2\plugin\merch\template\web_v3\group\index.html
D:\update\addons\ewei_shopv2\plugin\merch\template\web_v3\group\post.html
D:\update\addons\ewei_shopv2\plugin\merch\template\web_v3\group\query.html
D:\update\addons\ewei_shopv2\plugin\merch\template\web_v3\manage\common.html
D:\update\addons\ewei_shopv2\plugin\merch\template\web_v3\manage\login.html
D:\update\addons\ewei_shopv2\plugin\merch\template\web_v3\manage\search.html
D:\update\addons\ewei_shopv2\plugin\merch\template\web_v3\manage\updatepassword.html
D:\update\addons\ewei_shopv2\plugin\merch\template\web_v3\manage\_header_base.html
D:\update\addons\ewei_shopv2\plugin\merch\template\web_v3\manage\_message.html
D:\update\addons\ewei_shopv2\plugin\merch\template\web_v3\manage\apply\applytype.html
D:\update\addons\ewei_shopv2\plugin\merch\template\web_v3\manage\apply\box.html
D:\update\addons\ewei_shopv2\plugin\merch\template\web_v3\manage\apply\detail.html
D:\update\addons\ewei_shopv2\plugin\merch\template\web_v3\manage\apply\index.html
D:\update\addons\ewei_shopv2\plugin\merch\template\web_v3\manage\apply\list.html
D:\update\addons\ewei_shopv2\plugin\merch\template\web_v3\manage\apply\post.html
D:\update\addons\ewei_shopv2\plugin\merch\template\web_v3\manage\apply\table.html
D:\update\addons\ewei_shopv2\plugin\merch\template\web_v3\manage\apply\tabs.html
D:\update\addons\ewei_shopv2\plugin\merch\template\web_v3\manage\creditshop\category\index.html
D:\update\addons\ewei_shopv2\plugin\merch\template\web_v3\manage\creditshop\category\query.html
D:\update\addons\ewei_shopv2\plugin\merch\template\web_v3\manage\exhelper\index.html
D:\update\addons\ewei_shopv2\plugin\merch\template\web_v3\manage\exhelper\printset.html
D:\update\addons\ewei_shopv2\plugin\merch\template\web_v3\manage\exhelper\short.html
D:\update\addons\ewei_shopv2\plugin\merch\template\web_v3\manage\exhelper\tabs.html
D:\update\addons\ewei_shopv2\plugin\merch\template\web_v3\manage\exhelper\print\print_tpl_dosend.html
D:\update\addons\ewei_shopv2\plugin\merch\template\web_v3\manage\exhelper\print\print_tpl_template.html
D:\update\addons\ewei_shopv2\plugin\merch\template\web_v3\manage\exhelper\print\batch\index.html
D:\update\addons\ewei_shopv2\plugin\merch\template\web_v3\manage\exhelper\print\batch\print_tpl_detail.html
D:\update\addons\ewei_shopv2\plugin\merch\template\web_v3\manage\exhelper\print\single\index.html
D:\update\addons\ewei_shopv2\plugin\merch\template\web_v3\manage\exhelper\print\single\print_tpl.html
D:\update\addons\ewei_shopv2\plugin\merch\template\web_v3\manage\exhelper\print\single\print_tpl_detail.html
D:\update\addons\ewei_shopv2\plugin\merch\template\web_v3\manage\exhelper\sender\index.html
D:\update\addons\ewei_shopv2\plugin\merch\template\web_v3\manage\exhelper\sender\post.html
D:\update\addons\ewei_shopv2\plugin\merch\template\web_v3\manage\exhelper\temp\express\index.html
D:\update\addons\ewei_shopv2\plugin\merch\template\web_v3\manage\exhelper\temp\express\post.html
D:\update\addons\ewei_shopv2\plugin\merch\template\web_v3\manage\exhelper\temp\invoice\index.html
D:\update\addons\ewei_shopv2\plugin\merch\template\web_v3\manage\exhelper\temp\invoice\post.html
D:\update\addons\ewei_shopv2\plugin\merch\template\web_v3\manage\goods\create.html
D:\update\addons\ewei_shopv2\plugin\merch\template\web_v3\manage\goods\index.html
D:\update\addons\ewei_shopv2\plugin\merch\template\web_v3\manage\goods\post.html
D:\update\addons\ewei_shopv2\plugin\merch\template\web_v3\manage\goods\query.html
D:\update\addons\ewei_shopv2\plugin\merch\template\web_v3\manage\goods\tabs.html
D:\update\addons\ewei_shopv2\plugin\merch\template\web_v3\manage\goods\category\index.html
D:\update\addons\ewei_shopv2\plugin\merch\template\web_v3\manage\goods\category\query.html
D:\update\addons\ewei_shopv2\plugin\merch\template\web_v3\manage\goods\group\index.html
D:\update\addons\ewei_shopv2\plugin\merch\template\web_v3\manage\goods\group\post.html
D:\update\addons\ewei_shopv2\plugin\merch\template\web_v3\manage\goods\group\query.html
D:\update\addons\ewei_shopv2\plugin\merch\template\web_v3\manage\goods\tab\basic.html
D:\update\addons\ewei_shopv2\plugin\merch\template\web_v3\manage\goods\tab\buy.html
D:\update\addons\ewei_shopv2\plugin\merch\template\web_v3\manage\goods\tab\des.html
D:\update\addons\ewei_shopv2\plugin\merch\template\web_v3\manage\goods\tab\notice.html
D:\update\addons\ewei_shopv2\plugin\merch\template\web_v3\manage\goods\tab\option.html
D:\update\addons\ewei_shopv2\plugin\merch\template\web_v3\manage\goods\tab\param.html
D:\update\addons\ewei_shopv2\plugin\merch\template\web_v3\manage\goods\tab\sale.html
D:\update\addons\ewei_shopv2\plugin\merch\template\web_v3\manage\goods\tab\share.html
D:\update\addons\ewei_shopv2\plugin\merch\template\web_v3\manage\goods\tab\verify.html
D:\update\addons\ewei_shopv2\plugin\merch\template\web_v3\manage\goods\tpl\param.html
D:\update\addons\ewei_shopv2\plugin\merch\template\web_v3\manage\goods\tpl\spec.html
D:\update\addons\ewei_shopv2\plugin\merch\template\web_v3\manage\goods\tpl\spec_item.html
D:\update\addons\ewei_shopv2\plugin\merch\template\web_v3\manage\goods\virtual\category.html
D:\update\addons\ewei_shopv2\plugin\merch\template\web_v3\manage\goods\virtual\data\index.html
D:\update\addons\ewei_shopv2\plugin\merch\template\web_v3\manage\goods\virtual\data\post.html
D:\update\addons\ewei_shopv2\plugin\merch\template\web_v3\manage\goods\virtual\data\tpl.html
D:\update\addons\ewei_shopv2\plugin\merch\template\web_v3\manage\goods\virtual\temp\index.html
D:\update\addons\ewei_shopv2\plugin\merch\template\web_v3\manage\goods\virtual\temp\post.html
D:\update\addons\ewei_shopv2\plugin\merch\template\web_v3\manage\goods\virtual\temp\tpl.html
D:\update\addons\ewei_shopv2\plugin\merch\template\web_v3\manage\hotelreservation\goods\post.html
D:\update\addons\ewei_shopv2\plugin\merch\template\web_v3\manage\hotelreservation\goods\tab\basic.html
D:\update\addons\ewei_shopv2\plugin\merch\template\web_v3\manage\hotelreservation\goods\tab\option.html
D:\update\addons\ewei_shopv2\plugin\merch\template\web_v3\manage\member\query.html
D:\update\addons\ewei_shopv2\plugin\merch\template\web_v3\manage\member\tabs.html
D:\update\addons\ewei_shopv2\plugin\merch\template\web_v3\manage\member\detail\basic.html
D:\update\addons\ewei_shopv2\plugin\merch\template\web_v3\manage\member\detail\diyform.html
D:\update\addons\ewei_shopv2\plugin\merch\template\web_v3\manage\member\detail\trade.html
D:\update\addons\ewei_shopv2\plugin\merch\template\web_v3\manage\member\list\detail.html
D:\update\addons\ewei_shopv2\plugin\merch\template\web_v3\manage\order\batchsend.html
D:\update\addons\ewei_shopv2\plugin\merch\template\web_v3\manage\order\detail.html
D:\update\addons\ewei_shopv2\plugin\merch\template\web_v3\manage\order\export.html
D:\update\addons\ewei_shopv2\plugin\merch\template\web_v3\manage\order\index.html
D:\update\addons\ewei_shopv2\plugin\merch\template\web_v3\manage\order\list.html
D:\update\addons\ewei_shopv2\plugin\merch\template\web_v3\manage\order\ops.html
D:\update\addons\ewei_shopv2\plugin\merch\template\web_v3\manage\order\tabs.html
D:\update\addons\ewei_shopv2\plugin\merch\template\web_v3\manage\order\op\changeaddress.html
D:\update\addons\ewei_shopv2\plugin\merch\template\web_v3\manage\order\op\changeprice.html
D:\update\addons\ewei_shopv2\plugin\merch\template\web_v3\manage\order\op\close.html
D:\update\addons\ewei_shopv2\plugin\merch\template\web_v3\manage\order\op\remarksaler.html
D:\update\addons\ewei_shopv2\plugin\merch\template\web_v3\manage\order\op\send.html
D:\update\addons\ewei_shopv2\plugin\merch\template\web_v3\manage\order\op\sendcancel.html
D:\update\addons\ewei_shopv2\plugin\merch\template\web_v3\manage\order\op\refund\index.html
D:\update\addons\ewei_shopv2\plugin\merch\template\web_v3\manage\order\op\refund\submit.html
D:\update\addons\ewei_shopv2\plugin\merch\template\web_v3\manage\perm\log.html
D:\update\addons\ewei_shopv2\plugin\merch\template\web_v3\manage\perm\perms.html
D:\update\addons\ewei_shopv2\plugin\merch\template\web_v3\manage\perm\tabs.html
D:\update\addons\ewei_shopv2\plugin\merch\template\web_v3\manage\perm\role\index.html
D:\update\addons\ewei_shopv2\plugin\merch\template\web_v3\manage\perm\role\post.html
D:\update\addons\ewei_shopv2\plugin\merch\template\web_v3\manage\perm\role\query.html
D:\update\addons\ewei_shopv2\plugin\merch\template\web_v3\manage\perm\user\index.html
D:\update\addons\ewei_shopv2\plugin\merch\template\web_v3\manage\perm\user\post.html
D:\update\addons\ewei_shopv2\plugin\merch\template\web_v3\manage\plugins\index.html
D:\update\addons\ewei_shopv2\plugin\merch\template\web_v3\manage\plugins\index2.html
D:\update\addons\ewei_shopv2\plugin\merch\template\web_v3\manage\plugins\tabs.html
D:\update\addons\ewei_shopv2\plugin\merch\template\web_v3\manage\sale\enough.html
D:\update\addons\ewei_shopv2\plugin\merch\template\web_v3\manage\sale\enoughfree.html
D:\update\addons\ewei_shopv2\plugin\merch\template\web_v3\manage\sale\tabs.html
D:\update\addons\ewei_shopv2\plugin\merch\template\web_v3\manage\sale\coupon\category.html
D:\update\addons\ewei_shopv2\plugin\merch\template\web_v3\manage\sale\coupon\index.html
D:\update\addons\ewei_shopv2\plugin\merch\template\web_v3\manage\sale\coupon\log.html
D:\update\addons\ewei_shopv2\plugin\merch\template\web_v3\manage\sale\coupon\post.html
D:\update\addons\ewei_shopv2\plugin\merch\template\web_v3\manage\sale\coupon\query.html
D:\update\addons\ewei_shopv2\plugin\merch\template\web_v3\manage\sale\coupon\querygoods.html
D:\update\addons\ewei_shopv2\plugin\merch\template\web_v3\manage\sale\coupon\set.html
D:\update\addons\ewei_shopv2\plugin\merch\template\web_v3\manage\sale\coupon\post\basic.html
D:\update\addons\ewei_shopv2\plugin\merch\template\web_v3\manage\sale\coupon\post\center.html
D:\update\addons\ewei_shopv2\plugin\merch\template\web_v3\manage\sale\coupon\post\consume.html
D:\update\addons\ewei_shopv2\plugin\merch\template\web_v3\manage\sale\coupon\post\limit.html
D:\update\addons\ewei_shopv2\plugin\merch\template\web_v3\manage\sale\coupon\post\resp.html
D:\update\addons\ewei_shopv2\plugin\merch\template\web_v3\manage\sale\coupon\post\usage.html
D:\update\addons\ewei_shopv2\plugin\merch\template\web_v3\manage\sale\coupon\set\basic.html
D:\update\addons\ewei_shopv2\plugin\merch\template\web_v3\manage\shop\index.html
D:\update\addons\ewei_shopv2\plugin\merch\template\web_v3\manage\shop\selectareas.html
D:\update\addons\ewei_shopv2\plugin\merch\template\web_v3\manage\shop\selectareasNew.html
D:\update\addons\ewei_shopv2\plugin\merch\template\web_v3\manage\shop\adv\index.html
D:\update\addons\ewei_shopv2\plugin\merch\template\web_v3\manage\shop\adv\post.html
D:\update\addons\ewei_shopv2\plugin\merch\template\web_v3\manage\shop\banner\index.html
D:\update\addons\ewei_shopv2\plugin\merch\template\web_v3\manage\shop\banner\post.html
D:\update\addons\ewei_shopv2\plugin\merch\template\web_v3\manage\shop\comment\index.html
D:\update\addons\ewei_shopv2\plugin\merch\template\web_v3\manage\shop\comment\post.html
D:\update\addons\ewei_shopv2\plugin\merch\template\web_v3\manage\shop\cube\index.html
D:\update\addons\ewei_shopv2\plugin\merch\template\web_v3\manage\shop\dispatch\index.html
D:\update\addons\ewei_shopv2\plugin\merch\template\web_v3\manage\shop\dispatch\post.html
D:\update\addons\ewei_shopv2\plugin\merch\template\web_v3\manage\shop\dispatch\tpl.html
D:\update\addons\ewei_shopv2\plugin\merch\template\web_v3\manage\shop\nav\index.html
D:\update\addons\ewei_shopv2\plugin\merch\template\web_v3\manage\shop\nav\post.html
D:\update\addons\ewei_shopv2\plugin\merch\template\web_v3\manage\shop\notice\index.html
D:\update\addons\ewei_shopv2\plugin\merch\template\web_v3\manage\shop\notice\post.html
D:\update\addons\ewei_shopv2\plugin\merch\template\web_v3\manage\shop\recommand\index.html
D:\update\addons\ewei_shopv2\plugin\merch\template\web_v3\manage\shop\refundaddress\index.html
D:\update\addons\ewei_shopv2\plugin\merch\template\web_v3\manage\shop\refundaddress\post.html
D:\update\addons\ewei_shopv2\plugin\merch\template\web_v3\manage\shop\sort\index.html
D:\update\addons\ewei_shopv2\plugin\merch\template\web_v3\manage\shop\verify\saler\index.html
D:\update\addons\ewei_shopv2\plugin\merch\template\web_v3\manage\shop\verify\saler\post.html
D:\update\addons\ewei_shopv2\plugin\merch\template\web_v3\manage\shop\verify\saler\query.html
D:\update\addons\ewei_shopv2\plugin\merch\template\web_v3\manage\shop\verify\store\index.html
D:\update\addons\ewei_shopv2\plugin\merch\template\web_v3\manage\shop\verify\store\post.html
D:\update\addons\ewei_shopv2\plugin\merch\template\web_v3\manage\shop\verify\store\query.html
D:\update\addons\ewei_shopv2\plugin\merch\template\web_v3\manage\statistics\goods.html
D:\update\addons\ewei_shopv2\plugin\merch\template\web_v3\manage\statistics\goods_rank.html
D:\update\addons\ewei_shopv2\plugin\merch\template\web_v3\manage\statistics\goods_trans.html
D:\update\addons\ewei_shopv2\plugin\merch\template\web_v3\manage\statistics\member_cost.html
D:\update\addons\ewei_shopv2\plugin\merch\template\web_v3\manage\statistics\member_increase.html
D:\update\addons\ewei_shopv2\plugin\merch\template\web_v3\manage\statistics\order.html
D:\update\addons\ewei_shopv2\plugin\merch\template\web_v3\manage\statistics\sale.html
D:\update\addons\ewei_shopv2\plugin\merch\template\web_v3\manage\statistics\sale_analysis.html
D:\update\addons\ewei_shopv2\plugin\merch\template\web_v3\manage\sysset\index.html
D:\update\addons\ewei_shopv2\plugin\merch\template\web_v3\manage\sysset\notice.html
D:\update\addons\ewei_shopv2\plugin\merch\template\web_v3\manage\sysset\tabs.html
D:\update\addons\ewei_shopv2\plugin\merch\template\web_v3\manage\sysset\printer\index.html
D:\update\addons\ewei_shopv2\plugin\merch\template\web_v3\manage\sysset\printer\post.html
D:\update\addons\ewei_shopv2\plugin\merch\template\web_v3\manage\sysset\printer\printer_list.html
D:\update\addons\ewei_shopv2\plugin\merch\template\web_v3\manage\sysset\printer\printer_post.html
D:\update\addons\ewei_shopv2\plugin\merch\template\web_v3\manage\sysset\printer\printer_query.html
D:\update\addons\ewei_shopv2\plugin\merch\template\web_v3\manage\sysset\printer\printer_tpl.html
D:\update\addons\ewei_shopv2\plugin\merch\template\web_v3\manage\sysset\printer\query.html
D:\update\addons\ewei_shopv2\plugin\merch\template\web_v3\manage\sysset\printer\set.html
D:\update\addons\ewei_shopv2\plugin\merch\template\web_v3\manage\sysset\printer\tpl.html
D:\update\addons\ewei_shopv2\plugin\merch\template\web_v3\manage\taobao\index.html
D:\update\addons\ewei_shopv2\plugin\merch\template\web_v3\manage\taobao\jingdong.html
D:\update\addons\ewei_shopv2\plugin\merch\template\web_v3\manage\taobao\one688.html
D:\update\addons\ewei_shopv2\plugin\merch\template\web_v3\manage\taobao\tabs.html
D:\update\addons\ewei_shopv2\plugin\merch\template\web_v3\manage\taobao\taobaocsv.html
D:\update\addons\ewei_shopv2\plugin\merch\template\web_v3\manage\util\express.html
D:\update\addons\ewei_shopv2\plugin\merch\template\web_v3\manage\util\selecticon.html
D:\update\addons\ewei_shopv2\plugin\merch\template\web_v3\manage\util\selecturl.html
D:\update\addons\ewei_shopv2\plugin\merch\template\web_v3\manage\util\selecturl_tpl.html
D:\update\addons\ewei_shopv2\plugin\merch\template\web_v3\reg\detail.html
D:\update\addons\ewei_shopv2\plugin\merch\template\web_v3\reg\index.html
D:\update\addons\ewei_shopv2\plugin\merch\template\web_v3\set\basic.html
D:\update\addons\ewei_shopv2\plugin\merch\template\web_v3\set\enter.html
D:\update\addons\ewei_shopv2\plugin\merch\template\web_v3\set\protocol.html
D:\update\addons\ewei_shopv2\plugin\merch\template\web_v3\set\web.html
D:\update\addons\ewei_shopv2\plugin\merch\template\web_v3\statistics\merch.html
D:\update\addons\ewei_shopv2\plugin\merch\template\web_v3\statistics\order.html
D:\update\addons\ewei_shopv2\plugin\merch\template\web_v3\user\basic.html
D:\update\addons\ewei_shopv2\plugin\merch\template\web_v3\user\index.html
D:\update\addons\ewei_shopv2\plugin\merch\template\web_v3\user\plugin.html
D:\update\addons\ewei_shopv2\plugin\merch\template\web_v3\user\post.html
D:\update\addons\ewei_shopv2\plugin\merch\template\web_v3\user\query.html
D:\update\addons\ewei_shopv2\plugin\merch\template\web_v3\user\querymerchs.html
D:\update\addons\ewei_shopv2\template\mobile\default\goods\code.html
D:\update\addons\ewei_shopv2\template\mobile\default\goods\detail.html
D:\update\addons\ewei_shopv2\template\mobile\default\goods\gift.html
D:\update\addons\ewei_shopv2\template\mobile\default\goods\index.html
D:\update\addons\ewei_shopv2\template\mobile\default\goods\package.html
D:\update\addons\ewei_shopv2\template\mobile\default\goods\packdetail.html
D:\update\addons\ewei_shopv2\template\mobile\default\goods\picker.html
D:\update\addons\ewei_shopv2\template\mobile\default\goods\wholesalePicker.html
D:\update\addons\ewei_shopv2\template\mobile\default\member\activation.html
D:\update\addons\ewei_shopv2\template\mobile\default\member\bind.html
D:\update\addons\ewei_shopv2\template\mobile\default\member\cart.html
D:\update\addons\ewei_shopv2\template\mobile\default\member\changepwd.html
D:\update\addons\ewei_shopv2\template\mobile\default\member\favorite.html
D:\update\addons\ewei_shopv2\template\mobile\default\member\fullback.html
D:\update\addons\ewei_shopv2\template\mobile\default\member\history.html
D:\update\addons\ewei_shopv2\template\mobile\default\member\index.html
D:\update\addons\ewei_shopv2\template\mobile\default\member\info.html
D:\update\addons\ewei_shopv2\template\mobile\default\member\log.html
D:\update\addons\ewei_shopv2\template\mobile\default\member\notice.html
D:\update\addons\ewei_shopv2\template\mobile\default\member\order_rank.html
D:\update\addons\ewei_shopv2\template\mobile\default\member\rank.html
D:\update\addons\ewei_shopv2\template\mobile\default\member\recharge.html
D:\update\addons\ewei_shopv2\template\mobile\default\member\withdraw.html
D:\update\addons\ewei_shopv2\template\mobile\default\member\address\form.html
D:\update\addons\ewei_shopv2\template\mobile\default\member\address\index.html
D:\update\addons\ewei_shopv2\template\mobile\default\member\address\post.html
D:\update\addons\ewei_shopv2\template\mobile\default\member\address\selector.html
D:\update\addons\ewei_shopv2\template\mobile\default\member\info\face.html
D:\update\addons\ewei_shopv2\template\mobile\default\order\alipay.html
D:\update\addons\ewei_shopv2\template\mobile\default\order\comment.html
D:\update\addons\ewei_shopv2\template\mobile\default\order\create.html
D:\update\addons\ewei_shopv2\template\mobile\default\order\detail.html
D:\update\addons\ewei_shopv2\template\mobile\default\order\express.html
D:\update\addons\ewei_shopv2\template\mobile\default\order\index.html
D:\update\addons\ewei_shopv2\template\mobile\default\order\pay.html
D:\update\addons\ewei_shopv2\template\mobile\default\order\refund.html
D:\update\addons\ewei_shopv2\template\mobile\default\order\refundexpress.html
D:\update\addons\ewei_shopv2\template\mobile\default\order\verify.html
D:\update\addons\ewei_shopv2\template\mobile\default\order\pay\peerpay.html
D:\update\addons\ewei_shopv2\template\mobile\default\order\pay\peerpaydetail.html
D:\update\addons\ewei_shopv2\template\mobile\default\order\pay\peerpayshare.html
D:\update\addons\ewei_shopv2\template\mobile\default\order\pay\success.html
D:\update\addons\ewei_shopv2\template\mobile\default\order\pay\wechat_jie.html
D:\update\addons\ewei_shopv2\template\mobile\default\sale\coupon\detail.html
D:\update\addons\ewei_shopv2\template\mobile\default\sale\coupon\index.html
D:\update\addons\ewei_shopv2\template\mobile\default\sale\coupon\my\detail.html
D:\update\addons\ewei_shopv2\template\mobile\default\sale\coupon\my\index.html
D:\update\addons\ewei_shopv2\template\mobile\default\sale\coupon\my\showcoupongoods.html
D:\update\addons\ewei_shopv2\template\mobile\default\sale\coupon\my\showcoupons.html
D:\update\addons\ewei_shopv2\template\mobile\default\sale\coupon\my\showcoupons2.html
D:\update\addons\ewei_shopv2\template\mobile\default\sale\coupon\my\showcoupons3.html
D:\update\addons\ewei_shopv2\template\mobile\default\sale\coupon\util\couponpicker.html
D:\update\addons\ewei_shopv2\template\mobile\default\sale\coupon\util\picker.html
D:\update\addons\ewei_shopv2\template\mobile\default\sale\sendticket\index.html
D:\update\addons\ewei_shopv2\template\mobile\default\sale\sendticket\share\enjoy.html
D:\update\addons\ewei_shopv2\template\mobile\default\sale\sendticket\share\index.html
D:\update\addons\ewei_shopv2\template\mobile\default\sale\sendticket\share\share.html
D:\update\addons\ewei_shopv2\template\mobile\default\sale\sendticket\share\unclaimed.html
D:\update\addons\ewei_shopv2\template\mobile\default\shop\category\index.html
D:\update\addons\ewei_shopv2\template\mobile\default\shop\index\adv.html
D:\update\addons\ewei_shopv2\template\mobile\default\shop\index\banner.html
D:\update\addons\ewei_shopv2\template\mobile\default\shop\index\cube.html
D:\update\addons\ewei_shopv2\template\mobile\default\shop\index\goods.html
D:\update\addons\ewei_shopv2\template\mobile\default\shop\index\nav.html
D:\update\addons\ewei_shopv2\template\mobile\default\shop\index\notice.html
D:\update\addons\ewei_shopv2\template\mobile\default\shop\index\recommand.html
D:\update\addons\ewei_shopv2\template\mobile\default\shop\index\search.html
D:\update\addons\ewei_shopv2\template\mobile\default\shop\index\seckill.html
D:\update\addons\ewei_shopv2\template\mobile\default\shop\index\seckill_tpl.html
D:\update\addons\ewei_shopv2\template\mobile\default\shop\notice\detail.html
D:\update\addons\ewei_shopv2\template\mobile\default\shop\notice\index.html
D:\update\addons\ewei_shopv2\template\mobile\default\static\css\1.jpg
D:\update\addons\ewei_shopv2\template\mobile\default\static\css\coupon-new.css
D:\update\addons\ewei_shopv2\template\mobile\default\static\css\coupon.css
D:\update\addons\ewei_shopv2\template\mobile\default\static\css\detail_custom.css
D:\update\addons\ewei_shopv2\template\mobile\default\static\css\h5app.css
D:\update\addons\ewei_shopv2\template\mobile\default\static\css\index.css
D:\update\addons\ewei_shopv2\template\mobile\default\static\css\orderdetail.css
D:\update\addons\ewei_shopv2\template\mobile\default\static\css\rank.css
D:\update\addons\ewei_shopv2\template\mobile\default\static\css\storedetail.css
D:\update\addons\ewei_shopv2\template\mobile\default\static\css\style.css
D:\update\addons\ewei_shopv2\template\mobile\default\static\css\verifygoods.css
D:\update\addons\ewei_shopv2\template\mobile\default\static\css\verifyorder.css
D:\update\addons\ewei_shopv2\template\mobile\default\static\images\alipay.png
D:\update\addons\ewei_shopv2\template\mobile\default\static\images\arrow.png
D:\update\addons\ewei_shopv2\template\mobile\default\static\images\catback.png
D:\update\addons\ewei_shopv2\template\mobile\default\static\images\coupon_bg.png
D:\update\addons\ewei_shopv2\template\mobile\default\static\images\custom_angle.jpg
D:\update\addons\ewei_shopv2\template\mobile\default\static\images\gold.png
D:\update\addons\ewei_shopv2\template\mobile\default\static\images\guide.png
D:\update\addons\ewei_shopv2\template\mobile\default\static\images\icon_audio_reading_1.png
D:\update\addons\ewei_shopv2\template\mobile\default\static\images\icon_audio_reading_2.png
D:\update\addons\ewei_shopv2\template\mobile\default\static\images\icon_audio_reading_3.png
D:\update\addons\ewei_shopv2\template\mobile\default\static\images\icon_audio_reading_gray_1.png
D:\update\addons\ewei_shopv2\template\mobile\default\static\images\icon_audio_reading_gray_2.png
D:\update\addons\ewei_shopv2\template\mobile\default\static\images\icon_audio_reading_gray_3.png
D:\update\addons\ewei_shopv2\template\mobile\default\static\images\icon_audio_reading_green_1.png
D:\update\addons\ewei_shopv2\template\mobile\default\static\images\icon_audio_reading_green_2.png
D:\update\addons\ewei_shopv2\template\mobile\default\static\images\icon_audio_reading_green_3.png
D:\update\addons\ewei_shopv2\template\mobile\default\static\images\label1.png
D:\update\addons\ewei_shopv2\template\mobile\default\static\images\label2.png
D:\update\addons\ewei_shopv2\template\mobile\default\static\images\order_line.jpg
D:\update\addons\ewei_shopv2\template\mobile\default\static\images\order_line.png
D:\update\addons\ewei_shopv2\template\mobile\default\static\images\qrloading.jpg
D:\update\addons\ewei_shopv2\template\mobile\default\static\images\rank_head_bg.png
D:\update\addons\ewei_shopv2\template\mobile\default\static\images\rank_icon_gold.png
D:\update\addons\ewei_shopv2\template\mobile\default\static\images\rank_line.jpg
D:\update\addons\ewei_shopv2\template\mobile\default\static\images\rank_line_center.jpg
D:\update\addons\ewei_shopv2\template\mobile\default\static\images\rank_line_center_orange.jpg
D:\update\addons\ewei_shopv2\template\mobile\default\static\images\rank_line_center_yellow.jpg
D:\update\addons\ewei_shopv2\template\mobile\default\static\images\rank_line_dot.png
D:\update\addons\ewei_shopv2\template\mobile\default\static\images\rank_line_left.jpg
D:\update\addons\ewei_shopv2\template\mobile\default\static\images\rank_line_left_orange.jpg
D:\update\addons\ewei_shopv2\template\mobile\default\static\images\rank_line_left_yellow.jpg
D:\update\addons\ewei_shopv2\template\mobile\default\static\images\rank_line_orange.jpg
D:\update\addons\ewei_shopv2\template\mobile\default\static\images\rank_line_right.jpg
D:\update\addons\ewei_shopv2\template\mobile\default\static\images\rank_line_right_orange.jpg
D:\update\addons\ewei_shopv2\template\mobile\default\static\images\rank_line_right_yellow.jpg
D:\update\addons\ewei_shopv2\template\mobile\default\static\images\rank_line_yellow.jpg
D:\update\addons\ewei_shopv2\template\mobile\default\static\images\rank_list_icon_1.png
D:\update\addons\ewei_shopv2\template\mobile\default\static\images\rank_list_icon_2.png
D:\update\addons\ewei_shopv2\template\mobile\default\static\images\rank_list_icon_3.png
D:\update\addons\ewei_shopv2\template\mobile\default\static\images\salez.png
D:\update\addons\ewei_shopv2\template\mobile\default\static\images\seckill-logo.jpg
D:\update\addons\ewei_shopv2\template\mobile\default\static\images\coupon\coupon-list-img.png
D:\update\addons\ewei_shopv2\template\mobile\default\static\images\coupon\coupon_bg_blue.png
D:\update\addons\ewei_shopv2\template\mobile\default\static\images\coupon\coupon_bg_gray.png
D:\update\addons\ewei_shopv2\template\mobile\default\static\images\coupon\coupon_bg_green.png
D:\update\addons\ewei_shopv2\template\mobile\default\static\images\coupon\coupon_bg_orange.png
D:\update\addons\ewei_shopv2\template\mobile\default\static\images\coupon\coupon_bg_purple.png
D:\update\addons\ewei_shopv2\template\mobile\default\static\images\coupon\coupon_bg_red.png
D:\update\addons\ewei_shopv2\template\mobile\default\static\images\coupon\coupon_bg_white.png
D:\update\addons\ewei_shopv2\template\mobile\default\static\images\coupon\coupon_stamp_01.png
D:\update\addons\ewei_shopv2\template\mobile\default\static\images\coupon\coupon_stamp_02.png
D:\update\addons\ewei_shopv2\template\mobile\default\static\images\coupon\coupon_stamp_03.png
D:\update\addons\ewei_shopv2\template\mobile\default\static\images\coupon\coupon_stamp_04.png
D:\update\addons\ewei_shopv2\template\mobile\default\static\images\coupon\coupon_stamp_05.png
D:\update\addons\ewei_shopv2\template\mobile\default\static\images\coupon\coupon_stamp_06.png
D:\update\addons\ewei_shopv2\template\mobile\default\static\images\coupon\end.png
D:\update\addons\ewei_shopv2\template\mobile\default\static\images\coupon\ling.png
D:\update\addons\ewei_shopv2\template\mobile\default\static\images\coupon\past.png
D:\update\addons\ewei_shopv2\template\mobile\default\static\images\coupon\used.png
D:\update\addons\ewei_shopv2\template\mobile\default\static\images\newcoupon\tip-icon.jpg
D:\update\addons\ewei_shopv2\template\mobile\default\static\sendticket\css\bootstrap.min.css
D:\update\addons\ewei_shopv2\template\mobile\default\static\sendticket\css\style.css
D:\update\addons\ewei_shopv2\template\mobile\default\static\sendticket\img\bg1.png
D:\update\addons\ewei_shopv2\template\mobile\default\static\sendticket\img\bg2.png
D:\update\addons\ewei_shopv2\template\mobile\default\static\sendticket\img\bg3.png
D:\update\addons\ewei_shopv2\template\mobile\default\static\sendticket\img\bg4.png
D:\update\addons\ewei_shopv2\template\mobile\default\static\sendticket\img\bg7.png
D:\update\addons\ewei_shopv2\template\mobile\default\static\sendticket\img\bg7s.png
D:\update\addons\ewei_shopv2\template\mobile\default\static\sendticket\img\box.png
D:\update\addons\ewei_shopv2\template\mobile\default\static\sendticket\img\circle.png
D:\update\addons\ewei_shopv2\template\mobile\default\static\sendticket\img\close.png
D:\update\addons\ewei_shopv2\template\mobile\default\static\sendticket\img\close1.png
D:\update\addons\ewei_shopv2\template\mobile\default\static\sendticket\img\foot.png
D:\update\addons\ewei_shopv2\template\mobile\default\static\sendticket\img\get.png
D:\update\addons\ewei_shopv2\template\mobile\default\static\sendticket\img\gift.png
D:\update\addons\ewei_shopv2\template\mobile\default\static\sendticket\img\gift2s.png
D:\update\addons\ewei_shopv2\template\mobile\default\static\sendticket\img\gifts.png
D:\update\addons\ewei_shopv2\template\mobile\default\static\sendticket\img\gifts_1.png
D:\update\addons\ewei_shopv2\template\mobile\default\static\sendticket\img\guide.png
D:\update\addons\ewei_shopv2\template\mobile\default\static\sendticket\img\guide1.png
D:\update\addons\ewei_shopv2\template\mobile\default\static\sendticket\img\guide_1.png
D:\update\addons\ewei_shopv2\template\mobile\default\static\sendticket\img\lbg.png
D:\update\addons\ewei_shopv2\template\mobile\default\static\sendticket\img\new.png
D:\update\addons\ewei_shopv2\template\mobile\default\static\sendticket\img\overdue.png
D:\update\addons\ewei_shopv2\template\mobile\default\static\sendticket\img\packup.png
D:\update\addons\ewei_shopv2\template\mobile\default\static\sendticket\img\sbg1.png
D:\update\addons\ewei_shopv2\template\mobile\default\static\sendticket\img\sbg1s.png
D:\update\addons\ewei_shopv2\template\mobile\default\static\sendticket\img\sbg2.png
D:\update\addons\ewei_shopv2\template\mobile\default\static\sendticket\img\sbg2s.png
D:\update\addons\ewei_shopv2\template\mobile\default\static\sendticket\img\sbtn.png
D:\update\addons\ewei_shopv2\template\mobile\default\static\sendticket\img\share.png
D:\update\addons\ewei_shopv2\template\mobile\default\static\sendticket\img\unfold.png
D:\update\addons\ewei_shopv2\template\mobile\default\static\sendticket\js\bootstrap.js
D:\update\addons\ewei_shopv2\template\mobile\default\static\sendticket\js\jquery-1.7.2.js
D:\update\addons\ewei_shopv2\template\mobile\default\store\detail.html
D:\update\addons\ewei_shopv2\template\mobile\default\store\map.html
D:\update\addons\ewei_shopv2\template\mobile\default\store\selector.html
D:\update\addons\ewei_shopv2\template\mobile\default\util\success.html
D:\update\addons\ewei_shopv2\template\mobile\default\verify\detail.html
D:\update\addons\ewei_shopv2\template\mobile\default\verify\page.html
D:\update\addons\ewei_shopv2\template\mobile\default\verify\tradedetail.html
D:\update\addons\ewei_shopv2\template\mobile\default\verify\verifygoods\detail.html
D:\update\addons\ewei_shopv2\template\mobile\default\verify\verifygoods\index.html
D:\update\addons\ewei_shopv2\template\mobile\default\verify\verifyorder\detail.html
D:\update\addons\ewei_shopv2\template\mobile\default\verify\verifyorder\log.html
D:\update\addons\ewei_shopv2\template\mobile\default\verifygoods\activecard.html
D:\update\addons\ewei_shopv2\template\mobile\default\verifygoods\detail.html
D:\update\addons\ewei_shopv2\template\mobile\default\verifygoods\index.html
D:\update\addons\ewei_shopv2\template\web\sysset\sms\set.html
D:\update\addons\ewei_shopv2\template\web\sysset\sms\temp\index.html
D:\update\addons\ewei_shopv2\template\web\sysset\sms\temp\post.html
D:\update\addons\ewei_shopv2\template\web\sysset\sms\temp\testsend.html
D:\update\addons\ewei_shopv2\template\web\sysset\sms\temp\tpl.html
D:\update\addons\ewei_shopv2\template\web_v3\sysset\sms\set.html
D:\update\addons\ewei_shopv2\template\web_v3\sysset\sms\temp\index.html
D:\update\addons\ewei_shopv2\template\web_v3\sysset\sms\temp\post.html
D:\update\addons\ewei_shopv2\template\web_v3\sysset\sms\temp\testsend.html
D:\update\addons\ewei_shopv2\template\web_v3\sysset\sms\temp\tpl.html
