D:\update\±Ø¶Á.txt
D:\update\addons\ewei_shopv2\version.php
D:\update\addons\ewei_shopv2\core\mobile\store\index.php
D:\update\addons\ewei_shopv2\plugin\groups\config.php
D:\update\addons\ewei_shopv2\plugin\groups\core\model.php
D:\update\addons\ewei_shopv2\plugin\groups\core\processor.php
D:\update\addons\ewei_shopv2\plugin\groups\core\mobile\address.php
D:\update\addons\ewei_shopv2\plugin\groups\core\mobile\category.php
D:\update\addons\ewei_shopv2\plugin\groups\core\mobile\goods.php
D:\update\addons\ewei_shopv2\plugin\groups\core\mobile\index.php
D:\update\addons\ewei_shopv2\plugin\groups\core\mobile\orders.php
D:\update\addons\ewei_shopv2\plugin\groups\core\mobile\pay.php
D:\update\addons\ewei_shopv2\plugin\groups\core\mobile\refund.php
D:\update\addons\ewei_shopv2\plugin\groups\core\mobile\team.php
D:\update\addons\ewei_shopv2\plugin\groups\core\mobile\verify.php
D:\update\addons\ewei_shopv2\plugin\groups\core\web\adv.php
D:\update\addons\ewei_shopv2\plugin\groups\core\web\batchsend.php
D:\update\addons\ewei_shopv2\plugin\groups\core\web\category.php
D:\update\addons\ewei_shopv2\plugin\groups\core\web\cover.php
D:\update\addons\ewei_shopv2\plugin\groups\core\web\exhelper.php
D:\update\addons\ewei_shopv2\plugin\groups\core\web\goods.php
D:\update\addons\ewei_shopv2\plugin\groups\core\web\index.php
D:\update\addons\ewei_shopv2\plugin\groups\core\web\order.php
D:\update\addons\ewei_shopv2\plugin\groups\core\web\refund.php
D:\update\addons\ewei_shopv2\plugin\groups\core\web\set.php
D:\update\addons\ewei_shopv2\plugin\groups\core\web\team.php
D:\update\addons\ewei_shopv2\plugin\groups\core\web\verify.php
D:\update\addons\ewei_shopv2\plugin\groups\static\expcom.xml
D:\update\addons\ewei_shopv2\plugin\groups\static\js\address.js
D:\update\addons\ewei_shopv2\plugin\groups\static\js\category.js
D:\update\addons\ewei_shopv2\plugin\groups\static\js\confirm.js
D:\update\addons\ewei_shopv2\plugin\groups\static\js\designer.js
D:\update\addons\ewei_shopv2\plugin\groups\static\js\exhelper.js
D:\update\addons\ewei_shopv2\plugin\groups\static\js\fightGroups.js
D:\update\addons\ewei_shopv2\plugin\groups\static\js\goods.js
D:\update\addons\ewei_shopv2\plugin\groups\static\js\jquery.contextMenu.css
D:\update\addons\ewei_shopv2\plugin\groups\static\js\jquery.contextMenu.js
D:\update\addons\ewei_shopv2\plugin\groups\static\js\LodopFuncs.js
D:\update\addons\ewei_shopv2\plugin\groups\static\js\op.js
D:\update\addons\ewei_shopv2\plugin\groups\static\js\orderdetail.js
D:\update\addons\ewei_shopv2\plugin\groups\static\js\orders.js
D:\update\addons\ewei_shopv2\plugin\groups\static\js\pay.js
D:\update\addons\ewei_shopv2\plugin\groups\static\js\refund.js
D:\update\addons\ewei_shopv2\plugin\groups\static\js\team.js
D:\update\addons\ewei_shopv2\plugin\groups\static\js\verify.js
D:\update\addons\ewei_shopv2\plugin\groups\task\order.php
D:\update\addons\ewei_shopv2\plugin\groups\task\receive.php
D:\update\addons\ewei_shopv2\plugin\groups\task\refund.php
D:\update\addons\ewei_shopv2\plugin\groups\template\mobile\default\address.html
D:\update\addons\ewei_shopv2\plugin\groups\template\mobile\default\category.html
D:\update\addons\ewei_shopv2\plugin\groups\template\mobile\default\error.html
D:\update\addons\ewei_shopv2\plugin\groups\template\mobile\default\index.html
D:\update\addons\ewei_shopv2\plugin\groups\template\mobile\default\pay.html
D:\update\addons\ewei_shopv2\plugin\groups\template\mobile\default\verify.html
D:\update\addons\ewei_shopv2\plugin\groups\template\mobile\default\_groups_footer.html
D:\update\addons\ewei_shopv2\plugin\groups\template\mobile\default\_header.html
D:\update\addons\ewei_shopv2\plugin\groups\template\mobile\default\address\form.html
D:\update\addons\ewei_shopv2\plugin\groups\template\mobile\default\address\index.html
D:\update\addons\ewei_shopv2\plugin\groups\template\mobile\default\address\post.html
D:\update\addons\ewei_shopv2\plugin\groups\template\mobile\default\address\selector.html
D:\update\addons\ewei_shopv2\plugin\groups\template\mobile\default\css\style.css
D:\update\addons\ewei_shopv2\plugin\groups\template\mobile\default\goods\fightGroups.html
D:\update\addons\ewei_shopv2\plugin\groups\template\mobile\default\goods\index.html
D:\update\addons\ewei_shopv2\plugin\groups\template\mobile\default\goods\openGroups.html
D:\update\addons\ewei_shopv2\plugin\groups\template\mobile\default\images\avatar.png
D:\update\addons\ewei_shopv2\plugin\groups\template\mobile\default\images\cha.png
D:\update\addons\ewei_shopv2\plugin\groups\template\mobile\default\images\common.css
D:\update\addons\ewei_shopv2\plugin\groups\template\mobile\default\images\css.css
D:\update\addons\ewei_shopv2\plugin\groups\template\mobile\default\images\d.jpg
D:\update\addons\ewei_shopv2\plugin\groups\template\mobile\default\images\d.png
D:\update\addons\ewei_shopv2\plugin\groups\template\mobile\default\images\fail.png
D:\update\addons\ewei_shopv2\plugin\groups\template\mobile\default\images\frightin.png
D:\update\addons\ewei_shopv2\plugin\groups\template\mobile\default\images\guide1.png
D:\update\addons\ewei_shopv2\plugin\groups\template\mobile\default\images\guide2.png
D:\update\addons\ewei_shopv2\plugin\groups\template\mobile\default\images\in.png
D:\update\addons\ewei_shopv2\plugin\groups\template\mobile\default\images\jquery.color.js
D:\update\addons\ewei_shopv2\plugin\groups\template\mobile\default\images\list.js
D:\update\addons\ewei_shopv2\plugin\groups\template\mobile\default\images\lo.gif
D:\update\addons\ewei_shopv2\plugin\groups\template\mobile\default\images\lo1.gif
D:\update\addons\ewei_shopv2\plugin\groups\template\mobile\default\images\submit.png
D:\update\addons\ewei_shopv2\plugin\groups\template\mobile\default\images\success.png
D:\update\addons\ewei_shopv2\plugin\groups\template\mobile\default\images\user\1.jpg
D:\update\addons\ewei_shopv2\plugin\groups\template\mobile\default\images\user\10.jpg
D:\update\addons\ewei_shopv2\plugin\groups\template\mobile\default\images\user\11.jpg
D:\update\addons\ewei_shopv2\plugin\groups\template\mobile\default\images\user\12.jpg
D:\update\addons\ewei_shopv2\plugin\groups\template\mobile\default\images\user\13.jpg
D:\update\addons\ewei_shopv2\plugin\groups\template\mobile\default\images\user\14.jpg
D:\update\addons\ewei_shopv2\plugin\groups\template\mobile\default\images\user\15.jpg
D:\update\addons\ewei_shopv2\plugin\groups\template\mobile\default\images\user\16.jpg
D:\update\addons\ewei_shopv2\plugin\groups\template\mobile\default\images\user\17.jpg
D:\update\addons\ewei_shopv2\plugin\groups\template\mobile\default\images\user\18.jpg
D:\update\addons\ewei_shopv2\plugin\groups\template\mobile\default\images\user\19.jpg
D:\update\addons\ewei_shopv2\plugin\groups\template\mobile\default\images\user\2.jpg
D:\update\addons\ewei_shopv2\plugin\groups\template\mobile\default\images\user\20.jpg
D:\update\addons\ewei_shopv2\plugin\groups\template\mobile\default\images\user\3.jpg
D:\update\addons\ewei_shopv2\plugin\groups\template\mobile\default\images\user\4.jpg
D:\update\addons\ewei_shopv2\plugin\groups\template\mobile\default\images\user\5.jpg
D:\update\addons\ewei_shopv2\plugin\groups\template\mobile\default\images\user\6.jpg
D:\update\addons\ewei_shopv2\plugin\groups\template\mobile\default\images\user\7.jpg
D:\update\addons\ewei_shopv2\plugin\groups\template\mobile\default\images\user\8.jpg
D:\update\addons\ewei_shopv2\plugin\groups\template\mobile\default\images\user\9.jpg
D:\update\addons\ewei_shopv2\plugin\groups\template\mobile\default\orders\confirm.html
D:\update\addons\ewei_shopv2\plugin\groups\template\mobile\default\orders\detail.html
D:\update\addons\ewei_shopv2\plugin\groups\template\mobile\default\orders\express.html
D:\update\addons\ewei_shopv2\plugin\groups\template\mobile\default\orders\index.html
D:\update\addons\ewei_shopv2\plugin\groups\template\mobile\default\orders\verify.html
D:\update\addons\ewei_shopv2\plugin\groups\template\mobile\default\refund\express.html
D:\update\addons\ewei_shopv2\plugin\groups\template\mobile\default\refund\index.html
D:\update\addons\ewei_shopv2\plugin\groups\template\mobile\default\team\detail.html
D:\update\addons\ewei_shopv2\plugin\groups\template\mobile\default\team\index.html
D:\update\addons\ewei_shopv2\plugin\groups\template\mobile\default\team\rules.html
D:\update\addons\ewei_shopv2\plugin\groups\template\mobile\default\verify\detail.html
D:\update\addons\ewei_shopv2\plugin\groups\template\mobile\static\js\detail.js
D:\update\addons\ewei_shopv2\plugin\groups\template\web\batchsend.html
D:\update\addons\ewei_shopv2\plugin\groups\template\web\cover.html
D:\update\addons\ewei_shopv2\plugin\groups\template\web\index.html
D:\update\addons\ewei_shopv2\plugin\groups\template\web\notice.html
D:\update\addons\ewei_shopv2\plugin\groups\template\web\tabs.html
D:\update\addons\ewei_shopv2\plugin\groups\template\web\adv\index.html
D:\update\addons\ewei_shopv2\plugin\groups\template\web\adv\post.html
D:\update\addons\ewei_shopv2\plugin\groups\template\web\category\index.html
D:\update\addons\ewei_shopv2\plugin\groups\template\web\category\post.html
D:\update\addons\ewei_shopv2\plugin\groups\template\web\exhelper\batch.html
D:\update\addons\ewei_shopv2\plugin\groups\template\web\exhelper\express.html
D:\update\addons\ewei_shopv2\plugin\groups\template\web\exhelper\expresspost.html
D:\update\addons\ewei_shopv2\plugin\groups\template\web\exhelper\index.html
D:\update\addons\ewei_shopv2\plugin\groups\template\web\exhelper\invoice.html
D:\update\addons\ewei_shopv2\plugin\groups\template\web\exhelper\invoicepost.html
D:\update\addons\ewei_shopv2\plugin\groups\template\web\exhelper\print_tpl_batch_detail.html
D:\update\addons\ewei_shopv2\plugin\groups\template\web\exhelper\print_tpl_dosend.html
D:\update\addons\ewei_shopv2\plugin\groups\template\web\exhelper\print_tpl_single.html
D:\update\addons\ewei_shopv2\plugin\groups\template\web\exhelper\print_tpl_single_detail.html
D:\update\addons\ewei_shopv2\plugin\groups\template\web\exhelper\print_tpl_template.html
D:\update\addons\ewei_shopv2\plugin\groups\template\web\exhelper\sender.html
D:\update\addons\ewei_shopv2\plugin\groups\template\web\exhelper\senderpost.html
D:\update\addons\ewei_shopv2\plugin\groups\template\web\exhelper\short.html
D:\update\addons\ewei_shopv2\plugin\groups\template\web\exhelper\single.html
D:\update\addons\ewei_shopv2\plugin\groups\template\web\exhelper\tabs.html
D:\update\addons\ewei_shopv2\plugin\groups\template\web\goods\basic.html
D:\update\addons\ewei_shopv2\plugin\groups\template\web\goods\index.html
D:\update\addons\ewei_shopv2\plugin\groups\template\web\goods\info.html
D:\update\addons\ewei_shopv2\plugin\groups\template\web\goods\marketing.html
D:\update\addons\ewei_shopv2\plugin\groups\template\web\goods\post.html
D:\update\addons\ewei_shopv2\plugin\groups\template\web\goods\query.html
D:\update\addons\ewei_shopv2\plugin\groups\template\web\goods\recycle.html
D:\update\addons\ewei_shopv2\plugin\groups\template\web\goods\sale.html
D:\update\addons\ewei_shopv2\plugin\groups\template\web\goods\share.html
D:\update\addons\ewei_shopv2\plugin\groups\template\web\goods\sold.html
D:\update\addons\ewei_shopv2\plugin\groups\template\web\goods\stock.html
D:\update\addons\ewei_shopv2\plugin\groups\template\web\goods\store.html
D:\update\addons\ewei_shopv2\plugin\groups\template\web\goods\verify.html
D:\update\addons\ewei_shopv2\plugin\groups\template\web\order\changeaddress.html
D:\update\addons\ewei_shopv2\plugin\groups\template\web\order\close.html
D:\update\addons\ewei_shopv2\plugin\groups\template\web\order\detail.html
D:\update\addons\ewei_shopv2\plugin\groups\template\web\order\index.html
D:\update\addons\ewei_shopv2\plugin\groups\template\web\order\ops.html
D:\update\addons\ewei_shopv2\plugin\groups\template\web\order\post.html
D:\update\addons\ewei_shopv2\plugin\groups\template\web\order\remarksaler.html
D:\update\addons\ewei_shopv2\plugin\groups\template\web\order\send.html
D:\update\addons\ewei_shopv2\plugin\groups\template\web\order\sendcancel.html
D:\update\addons\ewei_shopv2\plugin\groups\template\web\refund\detail.html
D:\update\addons\ewei_shopv2\plugin\groups\template\web\refund\index.html
D:\update\addons\ewei_shopv2\plugin\groups\template\web\refund\submit.html
D:\update\addons\ewei_shopv2\plugin\groups\template\web\set\basic.html
D:\update\addons\ewei_shopv2\plugin\groups\template\web\set\description.html
D:\update\addons\ewei_shopv2\plugin\groups\template\web\set\index.html
D:\update\addons\ewei_shopv2\plugin\groups\template\web\set\query.html
D:\update\addons\ewei_shopv2\plugin\groups\template\web\set\rights.html
D:\update\addons\ewei_shopv2\plugin\groups\template\web\set\rules.html
D:\update\addons\ewei_shopv2\plugin\groups\template\web\set\trade.html
D:\update\addons\ewei_shopv2\plugin\groups\template\web\set\user.html
D:\update\addons\ewei_shopv2\plugin\groups\template\web\team\detail.html
D:\update\addons\ewei_shopv2\plugin\groups\template\web\team\good.html
D:\update\addons\ewei_shopv2\plugin\groups\template\web\team\index.html
D:\update\addons\ewei_shopv2\plugin\groups\template\web\team\info.html
D:\update\addons\ewei_shopv2\plugin\groups\template\web\team\order.html
D:\update\addons\ewei_shopv2\plugin\groups\template\web\verify\detail.html
D:\update\addons\ewei_shopv2\plugin\groups\template\web\verify\index.html
D:\update\addons\ewei_shopv2\plugin\groups\template\web_v3\batchsend.html
D:\update\addons\ewei_shopv2\plugin\groups\template\web_v3\cover.html
D:\update\addons\ewei_shopv2\plugin\groups\template\web_v3\index.html
D:\update\addons\ewei_shopv2\plugin\groups\template\web_v3\notice.html
D:\update\addons\ewei_shopv2\plugin\groups\template\web_v3\tabs.html
D:\update\addons\ewei_shopv2\plugin\groups\template\web_v3\adv\index.html
D:\update\addons\ewei_shopv2\plugin\groups\template\web_v3\adv\post.html
D:\update\addons\ewei_shopv2\plugin\groups\template\web_v3\category\index.html
D:\update\addons\ewei_shopv2\plugin\groups\template\web_v3\category\post.html
D:\update\addons\ewei_shopv2\plugin\groups\template\web_v3\exhelper\batch.html
D:\update\addons\ewei_shopv2\plugin\groups\template\web_v3\exhelper\express.html
D:\update\addons\ewei_shopv2\plugin\groups\template\web_v3\exhelper\expresspost.html
D:\update\addons\ewei_shopv2\plugin\groups\template\web_v3\exhelper\index.html
D:\update\addons\ewei_shopv2\plugin\groups\template\web_v3\exhelper\invoice.html
D:\update\addons\ewei_shopv2\plugin\groups\template\web_v3\exhelper\invoicepost.html
D:\update\addons\ewei_shopv2\plugin\groups\template\web_v3\exhelper\printset.html
D:\update\addons\ewei_shopv2\plugin\groups\template\web_v3\exhelper\print_tpl_batch_detail.html
D:\update\addons\ewei_shopv2\plugin\groups\template\web_v3\exhelper\print_tpl_dosend.html
D:\update\addons\ewei_shopv2\plugin\groups\template\web_v3\exhelper\print_tpl_single.html
D:\update\addons\ewei_shopv2\plugin\groups\template\web_v3\exhelper\print_tpl_single_detail.html
D:\update\addons\ewei_shopv2\plugin\groups\template\web_v3\exhelper\print_tpl_template.html
D:\update\addons\ewei_shopv2\plugin\groups\template\web_v3\exhelper\sender.html
D:\update\addons\ewei_shopv2\plugin\groups\template\web_v3\exhelper\senderpost.html
D:\update\addons\ewei_shopv2\plugin\groups\template\web_v3\exhelper\short.html
D:\update\addons\ewei_shopv2\plugin\groups\template\web_v3\exhelper\single.html
D:\update\addons\ewei_shopv2\plugin\groups\template\web_v3\exhelper\tabs.html
D:\update\addons\ewei_shopv2\plugin\groups\template\web_v3\goods\basic.html
D:\update\addons\ewei_shopv2\plugin\groups\template\web_v3\goods\index.html
D:\update\addons\ewei_shopv2\plugin\groups\template\web_v3\goods\info.html
D:\update\addons\ewei_shopv2\plugin\groups\template\web_v3\goods\marketing.html
D:\update\addons\ewei_shopv2\plugin\groups\template\web_v3\goods\post.html
D:\update\addons\ewei_shopv2\plugin\groups\template\web_v3\goods\query.html
D:\update\addons\ewei_shopv2\plugin\groups\template\web_v3\goods\recycle.html
D:\update\addons\ewei_shopv2\plugin\groups\template\web_v3\goods\sale.html
D:\update\addons\ewei_shopv2\plugin\groups\template\web_v3\goods\share.html
D:\update\addons\ewei_shopv2\plugin\groups\template\web_v3\goods\sold.html
D:\update\addons\ewei_shopv2\plugin\groups\template\web_v3\goods\stock.html
D:\update\addons\ewei_shopv2\plugin\groups\template\web_v3\goods\store.html
D:\update\addons\ewei_shopv2\plugin\groups\template\web_v3\goods\verify.html
D:\update\addons\ewei_shopv2\plugin\groups\template\web_v3\order\changeaddress.html
D:\update\addons\ewei_shopv2\plugin\groups\template\web_v3\order\close.html
D:\update\addons\ewei_shopv2\plugin\groups\template\web_v3\order\detail.html
D:\update\addons\ewei_shopv2\plugin\groups\template\web_v3\order\index.html
D:\update\addons\ewei_shopv2\plugin\groups\template\web_v3\order\ops.html
D:\update\addons\ewei_shopv2\plugin\groups\template\web_v3\order\post.html
D:\update\addons\ewei_shopv2\plugin\groups\template\web_v3\order\remarksaler.html
D:\update\addons\ewei_shopv2\plugin\groups\template\web_v3\order\send.html
D:\update\addons\ewei_shopv2\plugin\groups\template\web_v3\order\sendcancel.html
D:\update\addons\ewei_shopv2\plugin\groups\template\web_v3\refund\detail.html
D:\update\addons\ewei_shopv2\plugin\groups\template\web_v3\refund\index.html
D:\update\addons\ewei_shopv2\plugin\groups\template\web_v3\refund\submit.html
D:\update\addons\ewei_shopv2\plugin\groups\template\web_v3\set\basic.html
D:\update\addons\ewei_shopv2\plugin\groups\template\web_v3\set\description.html
D:\update\addons\ewei_shopv2\plugin\groups\template\web_v3\set\index.html
D:\update\addons\ewei_shopv2\plugin\groups\template\web_v3\set\query.html
D:\update\addons\ewei_shopv2\plugin\groups\template\web_v3\set\rights.html
D:\update\addons\ewei_shopv2\plugin\groups\template\web_v3\set\rules.html
D:\update\addons\ewei_shopv2\plugin\groups\template\web_v3\set\trade.html
D:\update\addons\ewei_shopv2\plugin\groups\template\web_v3\set\user.html
D:\update\addons\ewei_shopv2\plugin\groups\template\web_v3\team\detail.html
D:\update\addons\ewei_shopv2\plugin\groups\template\web_v3\team\good.html
D:\update\addons\ewei_shopv2\plugin\groups\template\web_v3\team\index.html
D:\update\addons\ewei_shopv2\plugin\groups\template\web_v3\team\info.html
D:\update\addons\ewei_shopv2\plugin\groups\template\web_v3\team\order.html
D:\update\addons\ewei_shopv2\plugin\groups\template\web_v3\verify\detail.html
D:\update\addons\ewei_shopv2\plugin\groups\template\web_v3\verify\index.html
D:\update\addons\ewei_shopv2\plugin\quick\config.php
D:\update\addons\ewei_shopv2\plugin\quick\core\model.php
D:\update\addons\ewei_shopv2\plugin\quick\core\processor.php
D:\update\addons\ewei_shopv2\plugin\quick\core\mobile\index.php
D:\update\addons\ewei_shopv2\plugin\quick\core\web\adv.php
D:\update\addons\ewei_shopv2\plugin\quick\core\web\index.php
D:\update\addons\ewei_shopv2\plugin\quick\core\web\pages.php
D:\update\addons\ewei_shopv2\plugin\quick\static\css\quick.css
D:\update\addons\ewei_shopv2\plugin\quick\static\css\web.base.css
D:\update\addons\ewei_shopv2\plugin\quick\static\css\web.css
D:\update\addons\ewei_shopv2\plugin\quick\static\images\banner-1.jpg
D:\update\addons\ewei_shopv2\plugin\quick\static\images\banner-2.jpg
D:\update\addons\ewei_shopv2\plugin\quick\static\images\goods-1.jpg
D:\update\addons\ewei_shopv2\plugin\quick\static\images\goods-2.jpg
D:\update\addons\ewei_shopv2\plugin\quick\static\images\goods-3.jpg
D:\update\addons\ewei_shopv2\plugin\quick\static\images\goods-4.jpg
D:\update\addons\ewei_shopv2\plugin\quick\static\images\shop-1.jpg
D:\update\addons\ewei_shopv2\plugin\quick\static\images\shop-2.jpg
D:\update\addons\ewei_shopv2\plugin\quick\static\images\shop-3.jpg
D:\update\addons\ewei_shopv2\plugin\quick\static\images\wx-top.png
D:\update\addons\ewei_shopv2\plugin\quick\static\js\mobile.js
D:\update\addons\ewei_shopv2\plugin\quick\static\js\picker.js
D:\update\addons\ewei_shopv2\plugin\quick\static\js\web.js
D:\update\addons\ewei_shopv2\plugin\quick\template\mobile\default\index.html
D:\update\addons\ewei_shopv2\plugin\quick\template\mobile\default\tpl.html
D:\update\addons\ewei_shopv2\plugin\quick\template\web\index.html
D:\update\addons\ewei_shopv2\plugin\quick\template\web\tabs.html
D:\update\addons\ewei_shopv2\plugin\quick\template\web\adv\index.html
D:\update\addons\ewei_shopv2\plugin\quick\template\web\adv\post.html
D:\update\addons\ewei_shopv2\plugin\quick\template\web\pages\index.html
D:\update\addons\ewei_shopv2\plugin\quick\template\web\pages\post.html
D:\update\addons\ewei_shopv2\plugin\quick\template\web\pages\tpl_adv.html
D:\update\addons\ewei_shopv2\plugin\quick\template\web\pages\tpl_basic.html
D:\update\addons\ewei_shopv2\plugin\quick\template\web\pages\tpl_content.html
D:\update\addons\ewei_shopv2\plugin\quick\template\web\pages\tpl_editor.html
D:\update\addons\ewei_shopv2\plugin\quick\template\web_v3\index.html
D:\update\addons\ewei_shopv2\plugin\quick\template\web_v3\tabs.html
D:\update\addons\ewei_shopv2\plugin\quick\template\web_v3\adv\index.html
D:\update\addons\ewei_shopv2\plugin\quick\template\web_v3\adv\post.html
D:\update\addons\ewei_shopv2\plugin\quick\template\web_v3\pages\index.html
D:\update\addons\ewei_shopv2\plugin\quick\template\web_v3\pages\post.html
D:\update\addons\ewei_shopv2\plugin\quick\template\web_v3\pages\tpl_adv.html
D:\update\addons\ewei_shopv2\plugin\quick\template\web_v3\pages\tpl_basic.html
D:\update\addons\ewei_shopv2\plugin\quick\template\web_v3\pages\tpl_content.html
D:\update\addons\ewei_shopv2\plugin\quick\template\web_v3\pages\tpl_editor.html
D:\update\addons\ewei_shopv2\plugin\sns\config.php
D:\update\addons\ewei_shopv2\plugin\sns\core\model.php
D:\update\addons\ewei_shopv2\plugin\sns\core\page_mobile.php
D:\update\addons\ewei_shopv2\plugin\sns\core\processor.php
D:\update\addons\ewei_shopv2\plugin\sns\core\mobile\board.php
D:\update\addons\ewei_shopv2\plugin\sns\core\mobile\index.php
D:\update\addons\ewei_shopv2\plugin\sns\core\mobile\post.php
D:\update\addons\ewei_shopv2\plugin\sns\core\mobile\user.php
D:\update\addons\ewei_shopv2\plugin\sns\core\web\adv.php
D:\update\addons\ewei_shopv2\plugin\sns\core\web\board.php
D:\update\addons\ewei_shopv2\plugin\sns\core\web\category.php
D:\update\addons\ewei_shopv2\plugin\sns\core\web\complain.php
D:\update\addons\ewei_shopv2\plugin\sns\core\web\cover.php
D:\update\addons\ewei_shopv2\plugin\sns\core\web\goods.php
D:\update\addons\ewei_shopv2\plugin\sns\core\web\index.php
D:\update\addons\ewei_shopv2\plugin\sns\core\web\level.php
D:\update\addons\ewei_shopv2\plugin\sns\core\web\manage.php
D:\update\addons\ewei_shopv2\plugin\sns\core\web\member.php
D:\update\addons\ewei_shopv2\plugin\sns\core\web\posts.php
D:\update\addons\ewei_shopv2\plugin\sns\core\web\replys.php
D:\update\addons\ewei_shopv2\plugin\sns\static\images\banner.png
D:\update\addons\ewei_shopv2\plugin\sns\static\images\head.jpg
D:\update\addons\ewei_shopv2\plugin\sns\static\images\face\1.gif
D:\update\addons\ewei_shopv2\plugin\sns\static\images\face\10.gif
D:\update\addons\ewei_shopv2\plugin\sns\static\images\face\11.gif
D:\update\addons\ewei_shopv2\plugin\sns\static\images\face\12.gif
D:\update\addons\ewei_shopv2\plugin\sns\static\images\face\13.gif
D:\update\addons\ewei_shopv2\plugin\sns\static\images\face\14.gif
D:\update\addons\ewei_shopv2\plugin\sns\static\images\face\15.gif
D:\update\addons\ewei_shopv2\plugin\sns\static\images\face\16.gif
D:\update\addons\ewei_shopv2\plugin\sns\static\images\face\17.gif
D:\update\addons\ewei_shopv2\plugin\sns\static\images\face\18.gif
D:\update\addons\ewei_shopv2\plugin\sns\static\images\face\19.gif
D:\update\addons\ewei_shopv2\plugin\sns\static\images\face\2.gif
D:\update\addons\ewei_shopv2\plugin\sns\static\images\face\20.gif
D:\update\addons\ewei_shopv2\plugin\sns\static\images\face\21.gif
D:\update\addons\ewei_shopv2\plugin\sns\static\images\face\22.gif
D:\update\addons\ewei_shopv2\plugin\sns\static\images\face\23.gif
D:\update\addons\ewei_shopv2\plugin\sns\static\images\face\24.gif
D:\update\addons\ewei_shopv2\plugin\sns\static\images\face\25.gif
D:\update\addons\ewei_shopv2\plugin\sns\static\images\face\26.gif
D:\update\addons\ewei_shopv2\plugin\sns\static\images\face\27.gif
D:\update\addons\ewei_shopv2\plugin\sns\static\images\face\28.gif
D:\update\addons\ewei_shopv2\plugin\sns\static\images\face\29.gif
D:\update\addons\ewei_shopv2\plugin\sns\static\images\face\3.gif
D:\update\addons\ewei_shopv2\plugin\sns\static\images\face\30.gif
D:\update\addons\ewei_shopv2\plugin\sns\static\images\face\31.gif
D:\update\addons\ewei_shopv2\plugin\sns\static\images\face\32.gif
D:\update\addons\ewei_shopv2\plugin\sns\static\images\face\33.gif
D:\update\addons\ewei_shopv2\plugin\sns\static\images\face\34.gif
D:\update\addons\ewei_shopv2\plugin\sns\static\images\face\35.gif
D:\update\addons\ewei_shopv2\plugin\sns\static\images\face\36.gif
D:\update\addons\ewei_shopv2\plugin\sns\static\images\face\37.gif
D:\update\addons\ewei_shopv2\plugin\sns\static\images\face\38.gif
D:\update\addons\ewei_shopv2\plugin\sns\static\images\face\39.gif
D:\update\addons\ewei_shopv2\plugin\sns\static\images\face\4.gif
D:\update\addons\ewei_shopv2\plugin\sns\static\images\face\40.gif
D:\update\addons\ewei_shopv2\plugin\sns\static\images\face\41.gif
D:\update\addons\ewei_shopv2\plugin\sns\static\images\face\42.gif
D:\update\addons\ewei_shopv2\plugin\sns\static\images\face\43.gif
D:\update\addons\ewei_shopv2\plugin\sns\static\images\face\44.gif
D:\update\addons\ewei_shopv2\plugin\sns\static\images\face\45.gif
D:\update\addons\ewei_shopv2\plugin\sns\static\images\face\46.gif
D:\update\addons\ewei_shopv2\plugin\sns\static\images\face\47.gif
D:\update\addons\ewei_shopv2\plugin\sns\static\images\face\48.gif
D:\update\addons\ewei_shopv2\plugin\sns\static\images\face\49.gif
D:\update\addons\ewei_shopv2\plugin\sns\static\images\face\5.gif
D:\update\addons\ewei_shopv2\plugin\sns\static\images\face\50.gif
D:\update\addons\ewei_shopv2\plugin\sns\static\images\face\51.gif
D:\update\addons\ewei_shopv2\plugin\sns\static\images\face\52.gif
D:\update\addons\ewei_shopv2\plugin\sns\static\images\face\53.gif
D:\update\addons\ewei_shopv2\plugin\sns\static\images\face\54.gif
D:\update\addons\ewei_shopv2\plugin\sns\static\images\face\55.gif
D:\update\addons\ewei_shopv2\plugin\sns\static\images\face\56.gif
D:\update\addons\ewei_shopv2\plugin\sns\static\images\face\57.gif
D:\update\addons\ewei_shopv2\plugin\sns\static\images\face\58.gif
D:\update\addons\ewei_shopv2\plugin\sns\static\images\face\59.gif
D:\update\addons\ewei_shopv2\plugin\sns\static\images\face\6.gif
D:\update\addons\ewei_shopv2\plugin\sns\static\images\face\60.gif
D:\update\addons\ewei_shopv2\plugin\sns\static\images\face\61.gif
D:\update\addons\ewei_shopv2\plugin\sns\static\images\face\62.gif
D:\update\addons\ewei_shopv2\plugin\sns\static\images\face\63.gif
D:\update\addons\ewei_shopv2\plugin\sns\static\images\face\64.gif
D:\update\addons\ewei_shopv2\plugin\sns\static\images\face\65.gif
D:\update\addons\ewei_shopv2\plugin\sns\static\images\face\66.gif
D:\update\addons\ewei_shopv2\plugin\sns\static\images\face\67.gif
D:\update\addons\ewei_shopv2\plugin\sns\static\images\face\68.gif
D:\update\addons\ewei_shopv2\plugin\sns\static\images\face\69.gif
D:\update\addons\ewei_shopv2\plugin\sns\static\images\face\7.gif
D:\update\addons\ewei_shopv2\plugin\sns\static\images\face\70.gif
D:\update\addons\ewei_shopv2\plugin\sns\static\images\face\71.gif
D:\update\addons\ewei_shopv2\plugin\sns\static\images\face\72.gif
D:\update\addons\ewei_shopv2\plugin\sns\static\images\face\73.gif
D:\update\addons\ewei_shopv2\plugin\sns\static\images\face\74.gif
D:\update\addons\ewei_shopv2\plugin\sns\static\images\face\75.gif
D:\update\addons\ewei_shopv2\plugin\sns\static\images\face\8.gif
D:\update\addons\ewei_shopv2\plugin\sns\static\images\face\9.gif
D:\update\addons\ewei_shopv2\plugin\sns\static\js\board.js
D:\update\addons\ewei_shopv2\plugin\sns\static\js\board.js2.6.5
D:\update\addons\ewei_shopv2\plugin\sns\static\js\board_best.js
D:\update\addons\ewei_shopv2\plugin\sns\static\js\face.js
D:\update\addons\ewei_shopv2\plugin\sns\static\js\post.js
D:\update\addons\ewei_shopv2\plugin\sns\static\js\post.js2.6.5
D:\update\addons\ewei_shopv2\plugin\sns\static\js\user.js
D:\update\addons\ewei_shopv2\plugin\sns\static\js\user_boards.js
D:\update\addons\ewei_shopv2\plugin\sns\static\js\user_posts.js
D:\update\addons\ewei_shopv2\plugin\sns\static\js\user_replys.js
D:\update\addons\ewei_shopv2\plugin\sns\template\mobile\default\index.html
D:\update\addons\ewei_shopv2\plugin\sns\template\mobile\default\_menu.html
D:\update\addons\ewei_shopv2\plugin\sns\template\mobile\default\board\best.html
D:\update\addons\ewei_shopv2\plugin\sns\template\mobile\default\board\board_item.html
D:\update\addons\ewei_shopv2\plugin\sns\template\mobile\default\board\index.html
D:\update\addons\ewei_shopv2\plugin\sns\template\mobile\default\board\lists.html
D:\update\addons\ewei_shopv2\plugin\sns\template\mobile\default\board\relate.html
D:\update\addons\ewei_shopv2\plugin\sns\template\mobile\default\images\common.css
D:\update\addons\ewei_shopv2\plugin\sns\template\mobile\default\images\userbg.png
D:\update\addons\ewei_shopv2\plugin\sns\template\mobile\default\post\index.html
D:\update\addons\ewei_shopv2\plugin\sns\template\mobile\default\user\boards.html
D:\update\addons\ewei_shopv2\plugin\sns\template\mobile\default\user\index.html
D:\update\addons\ewei_shopv2\plugin\sns\template\mobile\default\user\posts.html
D:\update\addons\ewei_shopv2\plugin\sns\template\mobile\default\user\replys.html
D:\update\addons\ewei_shopv2\plugin\sns\template\web\cover.html
D:\update\addons\ewei_shopv2\plugin\sns\template\web\index.html
D:\update\addons\ewei_shopv2\plugin\sns\template\web\notice.html
D:\update\addons\ewei_shopv2\plugin\sns\template\web\set.html
D:\update\addons\ewei_shopv2\plugin\sns\template\web\tabs.html
D:\update\addons\ewei_shopv2\plugin\sns\template\web\adv\index.html
D:\update\addons\ewei_shopv2\plugin\sns\template\web\adv\post.html
D:\update\addons\ewei_shopv2\plugin\sns\template\web\board\index.html
D:\update\addons\ewei_shopv2\plugin\sns\template\web\board\post.html
D:\update\addons\ewei_shopv2\plugin\sns\template\web\board\tab\basic.html
D:\update\addons\ewei_shopv2\plugin\sns\template\web\board\tab\commission.html
D:\update\addons\ewei_shopv2\plugin\sns\template\web\board\tab\credit.html
D:\update\addons\ewei_shopv2\plugin\sns\template\web\board\tab\globonus.html
D:\update\addons\ewei_shopv2\plugin\sns\template\web\board\tab\member.html
D:\update\addons\ewei_shopv2\plugin\sns\template\web\board\tab\share.html
D:\update\addons\ewei_shopv2\plugin\sns\template\web\category\index.html
D:\update\addons\ewei_shopv2\plugin\sns\template\web\category\post.html
D:\update\addons\ewei_shopv2\plugin\sns\template\web\complain\category.html
D:\update\addons\ewei_shopv2\plugin\sns\template\web\complain\checked.html
D:\update\addons\ewei_shopv2\plugin\sns\template\web\complain\index.html
D:\update\addons\ewei_shopv2\plugin\sns\template\web\level\index.html
D:\update\addons\ewei_shopv2\plugin\sns\template\web\level\post.html
D:\update\addons\ewei_shopv2\plugin\sns\template\web\manage\index.html
D:\update\addons\ewei_shopv2\plugin\sns\template\web\manage\post.html
D:\update\addons\ewei_shopv2\plugin\sns\template\web\member\index.html
D:\update\addons\ewei_shopv2\plugin\sns\template\web\posts\index.html
D:\update\addons\ewei_shopv2\plugin\sns\template\web\posts\post.html
D:\update\addons\ewei_shopv2\plugin\sns\template\web\replys\index.html
D:\update\addons\ewei_shopv2\plugin\sns\template\web_v3\cover.html
D:\update\addons\ewei_shopv2\plugin\sns\template\web_v3\index.html
D:\update\addons\ewei_shopv2\plugin\sns\template\web_v3\notice.html
D:\update\addons\ewei_shopv2\plugin\sns\template\web_v3\set.html
D:\update\addons\ewei_shopv2\plugin\sns\template\web_v3\tabs.html
D:\update\addons\ewei_shopv2\plugin\sns\template\web_v3\adv\index.html
D:\update\addons\ewei_shopv2\plugin\sns\template\web_v3\adv\post.html
D:\update\addons\ewei_shopv2\plugin\sns\template\web_v3\board\index.html
D:\update\addons\ewei_shopv2\plugin\sns\template\web_v3\board\post.html
D:\update\addons\ewei_shopv2\plugin\sns\template\web_v3\board\tab\basic.html
D:\update\addons\ewei_shopv2\plugin\sns\template\web_v3\board\tab\commission.html
D:\update\addons\ewei_shopv2\plugin\sns\template\web_v3\board\tab\credit.html
D:\update\addons\ewei_shopv2\plugin\sns\template\web_v3\board\tab\globonus.html
D:\update\addons\ewei_shopv2\plugin\sns\template\web_v3\board\tab\member.html
D:\update\addons\ewei_shopv2\plugin\sns\template\web_v3\board\tab\share.html
D:\update\addons\ewei_shopv2\plugin\sns\template\web_v3\category\index.html
D:\update\addons\ewei_shopv2\plugin\sns\template\web_v3\category\post.html
D:\update\addons\ewei_shopv2\plugin\sns\template\web_v3\complain\category.html
D:\update\addons\ewei_shopv2\plugin\sns\template\web_v3\complain\checked.html
D:\update\addons\ewei_shopv2\plugin\sns\template\web_v3\complain\index.html
D:\update\addons\ewei_shopv2\plugin\sns\template\web_v3\level\index.html
D:\update\addons\ewei_shopv2\plugin\sns\template\web_v3\level\post.html
D:\update\addons\ewei_shopv2\plugin\sns\template\web_v3\manage\index.html
D:\update\addons\ewei_shopv2\plugin\sns\template\web_v3\manage\post.html
D:\update\addons\ewei_shopv2\plugin\sns\template\web_v3\member\index.html
D:\update\addons\ewei_shopv2\plugin\sns\template\web_v3\posts\index.html
D:\update\addons\ewei_shopv2\plugin\sns\template\web_v3\posts\post.html
D:\update\addons\ewei_shopv2\plugin\sns\template\web_v3\replys\index.html
D:\update\addons\ewei_shopv2\template\mobile\default\store\detail.html
