gx (2).sql
gx.sql
version.php
addons/ewei_shopv2/version.php
addons/ewei_shopv2/core/inc/functions.php
addons/ewei_shopv2/core/mobile/store/index.php
addons/ewei_shopv2/plugin/app/config.php
addons/ewei_shopv2/plugin/bargain/config.php
addons/ewei_shopv2/plugin/bargain/core/model.php
addons/ewei_shopv2/plugin/bargain/core/mobile/index.php
addons/ewei_shopv2/plugin/bargain/core/web/index.php
addons/ewei_shopv2/plugin/bargain/template/mobile/purchase.html
addons/ewei_shopv2/plugin/bargain/template/mobile/default/act.html
addons/ewei_shopv2/plugin/bargain/template/mobile/default/bargain.html
addons/ewei_shopv2/plugin/bargain/template/mobile/default/detail.html
addons/ewei_shopv2/plugin/bargain/template/mobile/default/index.html
addons/ewei_shopv2/plugin/bargain/template/mobile/default/join.html
addons/ewei_shopv2/plugin/bargain/template/mobile/default/lost.html
addons/ewei_shopv2/plugin/bargain/template/mobile/default/purchase.html
addons/ewei_shopv2/plugin/bargain/template/mobile/default/rule.html
addons/ewei_shopv2/plugin/bargain/template/web/act.html
addons/ewei_shopv2/plugin/bargain/template/web/all.html
addons/ewei_shopv2/plugin/bargain/template/web/complete.html
addons/ewei_shopv2/plugin/bargain/template/web/error.html
addons/ewei_shopv2/plugin/bargain/template/web/index.html
addons/ewei_shopv2/plugin/bargain/template/web/ing.html
addons/ewei_shopv2/plugin/bargain/template/web/messageset.html
addons/ewei_shopv2/plugin/bargain/template/web/notstart.html
addons/ewei_shopv2/plugin/bargain/template/web/otherset.html
addons/ewei_shopv2/plugin/bargain/template/web/out.html
addons/ewei_shopv2/plugin/bargain/template/web/react.html
addons/ewei_shopv2/plugin/bargain/template/web/recycle.html
addons/ewei_shopv2/plugin/bargain/template/web/select.html
addons/ewei_shopv2/plugin/bargain/template/web/set.html
addons/ewei_shopv2/plugin/bargain/template/web/soldout.html
addons/ewei_shopv2/plugin/bargain/template/web/success.html
addons/ewei_shopv2/plugin/bargain/template/web/tabs.html
addons/ewei_shopv2/plugin/bargain/template/web/warehouse.html
addons/ewei_shopv2/plugin/bargain/template/web_v3/act.html
addons/ewei_shopv2/plugin/bargain/template/web_v3/all.html
addons/ewei_shopv2/plugin/bargain/template/web_v3/complete.html
addons/ewei_shopv2/plugin/bargain/template/web_v3/error.html
addons/ewei_shopv2/plugin/bargain/template/web_v3/index.html
addons/ewei_shopv2/plugin/bargain/template/web_v3/ing.html
addons/ewei_shopv2/plugin/bargain/template/web_v3/messageset.html
addons/ewei_shopv2/plugin/bargain/template/web_v3/notstart.html
addons/ewei_shopv2/plugin/bargain/template/web_v3/otherset.html
addons/ewei_shopv2/plugin/bargain/template/web_v3/out.html
addons/ewei_shopv2/plugin/bargain/template/web_v3/react.html
addons/ewei_shopv2/plugin/bargain/template/web_v3/recycle.html
addons/ewei_shopv2/plugin/bargain/template/web_v3/select.html
addons/ewei_shopv2/plugin/bargain/template/web_v3/set.html
addons/ewei_shopv2/plugin/bargain/template/web_v3/soldout.html
addons/ewei_shopv2/plugin/bargain/template/web_v3/success.html
addons/ewei_shopv2/plugin/bargain/template/web_v3/tabs.html
addons/ewei_shopv2/plugin/bargain/template/web_v3/warehouse.html
addons/ewei_shopv2/plugin/creditshop/static/css/common.css
addons/ewei_shopv2/plugin/exhelper/config.php
addons/ewei_shopv2/plugin/exhelper/core/model.php
addons/ewei_shopv2/plugin/exhelper/core/web/index.php
addons/ewei_shopv2/plugin/exhelper/core/web/printset.php
addons/ewei_shopv2/plugin/exhelper/core/web/sender.php
addons/ewei_shopv2/plugin/exhelper/core/web/short.php
addons/ewei_shopv2/plugin/exhelper/core/web/temp.php
addons/ewei_shopv2/plugin/exhelper/core/web/esheetprint/batch.php
addons/ewei_shopv2/plugin/exhelper/core/web/esheetprint/single.php
addons/ewei_shopv2/plugin/exhelper/core/web/print/batch.php
addons/ewei_shopv2/plugin/exhelper/core/web/print/single.php
addons/ewei_shopv2/plugin/exhelper/core/web/temp/esheet.php
addons/ewei_shopv2/plugin/exhelper/core/web/temp/express.php
addons/ewei_shopv2/plugin/exhelper/core/web/temp/invoice.php
addons/ewei_shopv2/plugin/exhelper/static/expcom.xml
addons/ewei_shopv2/plugin/exhelper/static/js/designer.js
addons/ewei_shopv2/plugin/exhelper/static/js/exhelper.js
addons/ewei_shopv2/plugin/exhelper/static/js/jquery.contextMenu.css
addons/ewei_shopv2/plugin/exhelper/static/js/jquery.contextMenu.js
addons/ewei_shopv2/plugin/exhelper/static/js/LodopFuncs.js
addons/ewei_shopv2/plugin/exhelper/template/web/index.html
addons/ewei_shopv2/plugin/exhelper/template/web/printset.html
addons/ewei_shopv2/plugin/exhelper/template/web/short.html
addons/ewei_shopv2/plugin/exhelper/template/web/tabs.html
addons/ewei_shopv2/plugin/exhelper/template/web/esheetprint/print_tpl_dosend.html
addons/ewei_shopv2/plugin/exhelper/template/web/esheetprint/print_tpl_template.html
addons/ewei_shopv2/plugin/exhelper/template/web/esheetprint/batch/index.html
addons/ewei_shopv2/plugin/exhelper/template/web/esheetprint/batch/print_tpl_detail.html
addons/ewei_shopv2/plugin/exhelper/template/web/esheetprint/single/index.html
addons/ewei_shopv2/plugin/exhelper/template/web/esheetprint/single/print_tpl.html
addons/ewei_shopv2/plugin/exhelper/template/web/esheetprint/single/print_tpl_detail.html
addons/ewei_shopv2/plugin/exhelper/template/web/print/print_tpl_dosend.html
addons/ewei_shopv2/plugin/exhelper/template/web/print/print_tpl_template.html
addons/ewei_shopv2/plugin/exhelper/template/web/print/batch/index.html
addons/ewei_shopv2/plugin/exhelper/template/web/print/batch/print_tpl_detail.html
addons/ewei_shopv2/plugin/exhelper/template/web/print/single/index.html
addons/ewei_shopv2/plugin/exhelper/template/web/print/single/print_tpl.html
addons/ewei_shopv2/plugin/exhelper/template/web/print/single/print_tpl_detail.html
addons/ewei_shopv2/plugin/exhelper/template/web/sender/index.html
addons/ewei_shopv2/plugin/exhelper/template/web/sender/post.html
addons/ewei_shopv2/plugin/exhelper/template/web/temp/express/index.html
addons/ewei_shopv2/plugin/exhelper/template/web/temp/express/post.html
addons/ewei_shopv2/plugin/exhelper/template/web/temp/invoice/index.html
addons/ewei_shopv2/plugin/exhelper/template/web/temp/invoice/post.html
addons/ewei_shopv2/plugin/exhelper/template/web_v3/index.html
addons/ewei_shopv2/plugin/exhelper/template/web_v3/printset.html
addons/ewei_shopv2/plugin/exhelper/template/web_v3/short.html
addons/ewei_shopv2/plugin/exhelper/template/web_v3/tabs.html
addons/ewei_shopv2/plugin/exhelper/template/web_v3/esheetprint/print_tpl_dosend.html
addons/ewei_shopv2/plugin/exhelper/template/web_v3/esheetprint/print_tpl_template.html
addons/ewei_shopv2/plugin/exhelper/template/web_v3/esheetprint/batch/index.html
addons/ewei_shopv2/plugin/exhelper/template/web_v3/esheetprint/batch/print_tpl_detail.html
addons/ewei_shopv2/plugin/exhelper/template/web_v3/esheetprint/single/index.html
addons/ewei_shopv2/plugin/exhelper/template/web_v3/esheetprint/single/print_tpl.html
addons/ewei_shopv2/plugin/exhelper/template/web_v3/esheetprint/single/print_tpl_detail.html
addons/ewei_shopv2/plugin/exhelper/template/web_v3/print/print_tpl_dosend.html
addons/ewei_shopv2/plugin/exhelper/template/web_v3/print/print_tpl_template.html
addons/ewei_shopv2/plugin/exhelper/template/web_v3/print/batch/index.html
addons/ewei_shopv2/plugin/exhelper/template/web_v3/print/batch/print_tpl_detail.html
addons/ewei_shopv2/plugin/exhelper/template/web_v3/print/single/index.html
addons/ewei_shopv2/plugin/exhelper/template/web_v3/print/single/print_tpl.html
addons/ewei_shopv2/plugin/exhelper/template/web_v3/print/single/print_tpl_detail.html
addons/ewei_shopv2/plugin/exhelper/template/web_v3/sender/index.html
addons/ewei_shopv2/plugin/exhelper/template/web_v3/sender/post.html
addons/ewei_shopv2/plugin/exhelper/template/web_v3/temp/esheet/index.html
addons/ewei_shopv2/plugin/exhelper/template/web_v3/temp/esheet/post.html
addons/ewei_shopv2/plugin/exhelper/template/web_v3/temp/express/index.html
addons/ewei_shopv2/plugin/exhelper/template/web_v3/temp/express/post.html
addons/ewei_shopv2/plugin/exhelper/template/web_v3/temp/invoice/index.html
addons/ewei_shopv2/plugin/exhelper/template/web_v3/temp/invoice/post.html
addons/ewei_shopv2/plugin/merch/config.php
addons/ewei_shopv2/plugin/merch/core/model.php
addons/ewei_shopv2/plugin/merch/core/inc/common.php
addons/ewei_shopv2/plugin/merch/core/inc/page_merch.php
addons/ewei_shopv2/plugin/merch/core/mobile/index.php
addons/ewei_shopv2/plugin/merch/core/mobile/list.php
addons/ewei_shopv2/plugin/merch/core/mobile/map.php
addons/ewei_shopv2/plugin/merch/core/mobile/register.php
addons/ewei_shopv2/plugin/merch/core/mobile/member/favorite.php
addons/ewei_shopv2/plugin/merch/core/web/category.php
addons/ewei_shopv2/plugin/merch/core/web/check.php
addons/ewei_shopv2/plugin/merch/core/web/clearing.php
addons/ewei_shopv2/plugin/merch/core/web/cover.php
addons/ewei_shopv2/plugin/merch/core/web/group.php
addons/ewei_shopv2/plugin/merch/core/web/index.php
addons/ewei_shopv2/plugin/merch/core/web/notice.php
addons/ewei_shopv2/plugin/merch/core/web/reg.php
addons/ewei_shopv2/plugin/merch/core/web/set.php
addons/ewei_shopv2/plugin/merch/core/web/user.php
addons/ewei_shopv2/plugin/merch/core/web/util.php
addons/ewei_shopv2/plugin/merch/core/web/manage/index.php
addons/ewei_shopv2/plugin/merch/core/web/manage/login.php
addons/ewei_shopv2/plugin/merch/core/web/manage/apply/detail.php
addons/ewei_shopv2/plugin/merch/core/web/manage/apply/index.php
addons/ewei_shopv2/plugin/merch/core/web/manage/apply/list.php
addons/ewei_shopv2/plugin/merch/core/web/manage/creditshop/adv.php
addons/ewei_shopv2/plugin/merch/core/web/manage/creditshop/category.php
addons/ewei_shopv2/plugin/merch/core/web/manage/creditshop/comment.php
addons/ewei_shopv2/plugin/merch/core/web/manage/creditshop/cover.php
addons/ewei_shopv2/plugin/merch/core/web/manage/creditshop/goods.php
addons/ewei_shopv2/plugin/merch/core/web/manage/creditshop/index.php
addons/ewei_shopv2/plugin/merch/core/web/manage/creditshop/log.php
addons/ewei_shopv2/plugin/merch/core/web/manage/diypage/index.php
addons/ewei_shopv2/plugin/merch/core/web/manage/diypage/menu/index.php
addons/ewei_shopv2/plugin/merch/core/web/manage/diypage/page/diy.php
addons/ewei_shopv2/plugin/merch/core/web/manage/diypage/page/index.php
addons/ewei_shopv2/plugin/merch/core/web/manage/diypage/page/mod.php
addons/ewei_shopv2/plugin/merch/core/web/manage/diypage/page/sys.php
addons/ewei_shopv2/plugin/merch/core/web/manage/diypage/shop/adv.php
addons/ewei_shopv2/plugin/merch/core/web/manage/diypage/shop/index.php
addons/ewei_shopv2/plugin/merch/core/web/manage/diypage/temp/category.php
addons/ewei_shopv2/plugin/merch/core/web/manage/diypage/temp/index.php
addons/ewei_shopv2/plugin/merch/core/web/manage/exhelper/index.php
addons/ewei_shopv2/plugin/merch/core/web/manage/exhelper/printset.php
addons/ewei_shopv2/plugin/merch/core/web/manage/exhelper/sender.php
addons/ewei_shopv2/plugin/merch/core/web/manage/exhelper/short.php
addons/ewei_shopv2/plugin/merch/core/web/manage/exhelper/temp.php
addons/ewei_shopv2/plugin/merch/core/web/manage/exhelper/print/batch.php
addons/ewei_shopv2/plugin/merch/core/web/manage/exhelper/print/single.php
addons/ewei_shopv2/plugin/merch/core/web/manage/exhelper/temp/express.php
addons/ewei_shopv2/plugin/merch/core/web/manage/exhelper/temp/invoice.php
addons/ewei_shopv2/plugin/merch/core/web/manage/goods/category.php
addons/ewei_shopv2/plugin/merch/core/web/manage/goods/group.php
addons/ewei_shopv2/plugin/merch/core/web/manage/goods/index.php
addons/ewei_shopv2/plugin/merch/core/web/manage/goods/post.php
addons/ewei_shopv2/plugin/merch/core/web/manage/goods/virtual/category.php
addons/ewei_shopv2/plugin/merch/core/web/manage/goods/virtual/data.php
addons/ewei_shopv2/plugin/merch/core/web/manage/goods/virtual/temp.php
addons/ewei_shopv2/plugin/merch/core/web/manage/member/list.php
addons/ewei_shopv2/plugin/merch/core/web/manage/member/query.php
addons/ewei_shopv2/plugin/merch/core/web/manage/order/batchsend.php
addons/ewei_shopv2/plugin/merch/core/web/manage/order/detail.php
addons/ewei_shopv2/plugin/merch/core/web/manage/order/export.php
addons/ewei_shopv2/plugin/merch/core/web/manage/order/index.php
addons/ewei_shopv2/plugin/merch/core/web/manage/order/list.php
addons/ewei_shopv2/plugin/merch/core/web/manage/order/op.php
addons/ewei_shopv2/plugin/merch/core/web/manage/order/util.php
addons/ewei_shopv2/plugin/merch/core/web/manage/order/op/refund.php
addons/ewei_shopv2/plugin/merch/core/web/manage/perm/index.php
addons/ewei_shopv2/plugin/merch/core/web/manage/perm/log.php
addons/ewei_shopv2/plugin/merch/core/web/manage/perm/role.php
addons/ewei_shopv2/plugin/merch/core/web/manage/perm/user.php
addons/ewei_shopv2/plugin/merch/core/web/manage/plugins/index.php
addons/ewei_shopv2/plugin/merch/core/web/manage/quick/adv.php
addons/ewei_shopv2/plugin/merch/core/web/manage/quick/index.php
addons/ewei_shopv2/plugin/merch/core/web/manage/quick/pages.php
addons/ewei_shopv2/plugin/merch/core/web/manage/sale/index.php
addons/ewei_shopv2/plugin/merch/core/web/manage/sale/coupon/category.php
addons/ewei_shopv2/plugin/merch/core/web/manage/sale/coupon/index.php
addons/ewei_shopv2/plugin/merch/core/web/manage/sale/coupon/log.php
addons/ewei_shopv2/plugin/merch/core/web/manage/shop/adv.php
addons/ewei_shopv2/plugin/merch/core/web/manage/shop/banner.php
addons/ewei_shopv2/plugin/merch/core/web/manage/shop/comment.php
addons/ewei_shopv2/plugin/merch/core/web/manage/shop/cube.php
addons/ewei_shopv2/plugin/merch/core/web/manage/shop/dispatch.php
addons/ewei_shopv2/plugin/merch/core/web/manage/shop/index.php
addons/ewei_shopv2/plugin/merch/core/web/manage/shop/nav.php
addons/ewei_shopv2/plugin/merch/core/web/manage/shop/notice.php
addons/ewei_shopv2/plugin/merch/core/web/manage/shop/recommand.php
addons/ewei_shopv2/plugin/merch/core/web/manage/shop/refundaddress.php
addons/ewei_shopv2/plugin/merch/core/web/manage/shop/sort.php
addons/ewei_shopv2/plugin/merch/core/web/manage/shop/verify/log.php
addons/ewei_shopv2/plugin/merch/core/web/manage/shop/verify/saler.php
addons/ewei_shopv2/plugin/merch/core/web/manage/shop/verify/store.php
addons/ewei_shopv2/plugin/merch/core/web/manage/statistics/goods.php
addons/ewei_shopv2/plugin/merch/core/web/manage/statistics/goods_rank.php
addons/ewei_shopv2/plugin/merch/core/web/manage/statistics/goods_trans.php
addons/ewei_shopv2/plugin/merch/core/web/manage/statistics/index.php
addons/ewei_shopv2/plugin/merch/core/web/manage/statistics/member_cost.php
addons/ewei_shopv2/plugin/merch/core/web/manage/statistics/member_increase.php
addons/ewei_shopv2/plugin/merch/core/web/manage/statistics/order.php
addons/ewei_shopv2/plugin/merch/core/web/manage/statistics/sale.php
addons/ewei_shopv2/plugin/merch/core/web/manage/statistics/sale_analysis.php
addons/ewei_shopv2/plugin/merch/core/web/manage/sysset/index.php
addons/ewei_shopv2/plugin/merch/core/web/manage/sysset/printer.php
addons/ewei_shopv2/plugin/merch/core/web/manage/taobao/index.php
addons/ewei_shopv2/plugin/merch/core/web/manage/taobao/jingdong.php
addons/ewei_shopv2/plugin/merch/core/web/manage/taobao/one688.php
addons/ewei_shopv2/plugin/merch/core/web/manage/taobao/taobaocsv.php
addons/ewei_shopv2/plugin/merch/core/web/manage/util/area.php
addons/ewei_shopv2/plugin/merch/core/web/manage/util/index.php
addons/ewei_shopv2/plugin/merch/core/web/manage/util/selecticon.php
addons/ewei_shopv2/plugin/merch/core/web/manage/util/selecturl.php
addons/ewei_shopv2/plugin/merch/core/web/statistics/merch.php
addons/ewei_shopv2/plugin/merch/core/web/statistics/order.php
addons/ewei_shopv2/plugin/merch/static/images/bargain_bg.png
addons/ewei_shopv2/plugin/merch/static/images/fu.png
addons/ewei_shopv2/plugin/merch/static/images/share_logo.jpg
addons/ewei_shopv2/plugin/merch/static/images/swipe-info-bg.png
addons/ewei_shopv2/plugin/merch/static/images/tishi.png
addons/ewei_shopv2/plugin/merch/static/js/list.js
addons/ewei_shopv2/plugin/merch/static/js/map.js
addons/ewei_shopv2/plugin/merch/static/js/register.js
addons/ewei_shopv2/plugin/merch/static/js/manage/init.js
addons/ewei_shopv2/plugin/merch/template/mobile/default/common.html
addons/ewei_shopv2/plugin/merch/template/mobile/default/map.html
addons/ewei_shopv2/plugin/merch/template/mobile/default/register.html
addons/ewei_shopv2/plugin/merch/template/mobile/default/register_notice.html
addons/ewei_shopv2/plugin/merch/template/mobile/default/_menu.html
addons/ewei_shopv2/plugin/merch/template/mobile/default/list/category.html
addons/ewei_shopv2/plugin/merch/template/mobile/default/list/index.html
addons/ewei_shopv2/plugin/merch/template/mobile/default/list/merchuser.html
addons/ewei_shopv2/plugin/merch/template/mobile/default/member/cart.html
addons/ewei_shopv2/plugin/merch/template/mobile/default/member/favorite.html
addons/ewei_shopv2/plugin/merch/template/mobile/default/member/history.html
addons/ewei_shopv2/plugin/merch/template/mobile/default/order/index.html
addons/ewei_shopv2/plugin/merch/template/mobile/default/static/css/style.css
addons/ewei_shopv2/plugin/merch/template/mobile/default/static/images/regbg.png
addons/ewei_shopv2/plugin/merch/template/web/cover.html
addons/ewei_shopv2/plugin/merch/template/web/index.html
addons/ewei_shopv2/plugin/merch/template/web/notice.html
addons/ewei_shopv2/plugin/merch/template/web/set.html
addons/ewei_shopv2/plugin/merch/template/web/tabs.html
addons/ewei_shopv2/plugin/merch/template/web/category/index.html
addons/ewei_shopv2/plugin/merch/template/web/category/post.html
addons/ewei_shopv2/plugin/merch/template/web/category/post_swipe.html
addons/ewei_shopv2/plugin/merch/template/web/category/query.html
addons/ewei_shopv2/plugin/merch/template/web/category/swipe.html
addons/ewei_shopv2/plugin/merch/template/web/check/detail.html
addons/ewei_shopv2/plugin/merch/template/web/check/index.html
addons/ewei_shopv2/plugin/merch/template/web/clearing/index.html
addons/ewei_shopv2/plugin/merch/template/web/clearing/post.html
addons/ewei_shopv2/plugin/merch/template/web/clearing/query.html
addons/ewei_shopv2/plugin/merch/template/web/group/index.html
addons/ewei_shopv2/plugin/merch/template/web/group/post.html
addons/ewei_shopv2/plugin/merch/template/web/group/query.html
addons/ewei_shopv2/plugin/merch/template/web/manage/common.html
addons/ewei_shopv2/plugin/merch/template/web/manage/login.html
addons/ewei_shopv2/plugin/merch/template/web/manage/updatepassword.html
addons/ewei_shopv2/plugin/merch/template/web/manage/_footer.html
addons/ewei_shopv2/plugin/merch/template/web/manage/_header.html
addons/ewei_shopv2/plugin/merch/template/web/manage/_header_base.html
addons/ewei_shopv2/plugin/merch/template/web/manage/_message.html
addons/ewei_shopv2/plugin/merch/template/web/manage/apply/applytype.html
addons/ewei_shopv2/plugin/merch/template/web/manage/apply/box.html
addons/ewei_shopv2/plugin/merch/template/web/manage/apply/detail.html
addons/ewei_shopv2/plugin/merch/template/web/manage/apply/index.html
addons/ewei_shopv2/plugin/merch/template/web/manage/apply/list.html
addons/ewei_shopv2/plugin/merch/template/web/manage/apply/post.html
addons/ewei_shopv2/plugin/merch/template/web/manage/apply/table.html
addons/ewei_shopv2/plugin/merch/template/web/manage/apply/tabs.html
addons/ewei_shopv2/plugin/merch/template/web/manage/creditshop/category/index.html
addons/ewei_shopv2/plugin/merch/template/web/manage/creditshop/category/query.html
addons/ewei_shopv2/plugin/merch/template/web/manage/exhelper/index.html
addons/ewei_shopv2/plugin/merch/template/web/manage/exhelper/printset.html
addons/ewei_shopv2/plugin/merch/template/web/manage/exhelper/short.html
addons/ewei_shopv2/plugin/merch/template/web/manage/exhelper/tabs.html
addons/ewei_shopv2/plugin/merch/template/web/manage/exhelper/print/print_tpl_dosend.html
addons/ewei_shopv2/plugin/merch/template/web/manage/exhelper/print/print_tpl_template.html
addons/ewei_shopv2/plugin/merch/template/web/manage/exhelper/print/batch/index.html
addons/ewei_shopv2/plugin/merch/template/web/manage/exhelper/print/batch/print_tpl_detail.html
addons/ewei_shopv2/plugin/merch/template/web/manage/exhelper/print/single/index.html
addons/ewei_shopv2/plugin/merch/template/web/manage/exhelper/print/single/print_tpl.html
addons/ewei_shopv2/plugin/merch/template/web/manage/exhelper/print/single/print_tpl_detail.html
addons/ewei_shopv2/plugin/merch/template/web/manage/exhelper/sender/index.html
addons/ewei_shopv2/plugin/merch/template/web/manage/exhelper/sender/post.html
addons/ewei_shopv2/plugin/merch/template/web/manage/exhelper/temp/express/index.html
addons/ewei_shopv2/plugin/merch/template/web/manage/exhelper/temp/express/post.html
addons/ewei_shopv2/plugin/merch/template/web/manage/exhelper/temp/invoice/index.html
addons/ewei_shopv2/plugin/merch/template/web/manage/exhelper/temp/invoice/post.html
addons/ewei_shopv2/plugin/merch/template/web/manage/goods/index.html
addons/ewei_shopv2/plugin/merch/template/web/manage/goods/post.html
addons/ewei_shopv2/plugin/merch/template/web/manage/goods/query.html
addons/ewei_shopv2/plugin/merch/template/web/manage/goods/tabs.html
addons/ewei_shopv2/plugin/merch/template/web/manage/goods/category/index.html
addons/ewei_shopv2/plugin/merch/template/web/manage/goods/category/query.html
addons/ewei_shopv2/plugin/merch/template/web/manage/goods/group/index.html
addons/ewei_shopv2/plugin/merch/template/web/manage/goods/group/post.html
addons/ewei_shopv2/plugin/merch/template/web/manage/goods/group/query.html
addons/ewei_shopv2/plugin/merch/template/web/manage/goods/tab/basic.html
addons/ewei_shopv2/plugin/merch/template/web/manage/goods/tab/buy.html
addons/ewei_shopv2/plugin/merch/template/web/manage/goods/tab/des.html
addons/ewei_shopv2/plugin/merch/template/web/manage/goods/tab/notice.html
addons/ewei_shopv2/plugin/merch/template/web/manage/goods/tab/option.html
addons/ewei_shopv2/plugin/merch/template/web/manage/goods/tab/param.html
addons/ewei_shopv2/plugin/merch/template/web/manage/goods/tab/sale.html
addons/ewei_shopv2/plugin/merch/template/web/manage/goods/tab/share.html
addons/ewei_shopv2/plugin/merch/template/web/manage/goods/tab/verify.html
addons/ewei_shopv2/plugin/merch/template/web/manage/goods/tpl/param.html
addons/ewei_shopv2/plugin/merch/template/web/manage/goods/tpl/spec.html
addons/ewei_shopv2/plugin/merch/template/web/manage/goods/tpl/spec_item.html
addons/ewei_shopv2/plugin/merch/template/web/manage/goods/virtual/category.html
addons/ewei_shopv2/plugin/merch/template/web/manage/goods/virtual/data/index.html
addons/ewei_shopv2/plugin/merch/template/web/manage/goods/virtual/data/post.html
addons/ewei_shopv2/plugin/merch/template/web/manage/goods/virtual/data/tpl.html
addons/ewei_shopv2/plugin/merch/template/web/manage/goods/virtual/temp/index.html
addons/ewei_shopv2/plugin/merch/template/web/manage/goods/virtual/temp/post.html
addons/ewei_shopv2/plugin/merch/template/web/manage/goods/virtual/temp/tpl.html
addons/ewei_shopv2/plugin/merch/template/web/manage/hotelreservation/goods/post.html
addons/ewei_shopv2/plugin/merch/template/web/manage/member/query.html
addons/ewei_shopv2/plugin/merch/template/web/manage/member/tabs.html
addons/ewei_shopv2/plugin/merch/template/web/manage/member/detail/basic.html
addons/ewei_shopv2/plugin/merch/template/web/manage/member/detail/diyform.html
addons/ewei_shopv2/plugin/merch/template/web/manage/member/detail/trade.html
addons/ewei_shopv2/plugin/merch/template/web/manage/member/list/detail.html
addons/ewei_shopv2/plugin/merch/template/web/manage/order/batchsend.html
addons/ewei_shopv2/plugin/merch/template/web/manage/order/detail.html
addons/ewei_shopv2/plugin/merch/template/web/manage/order/export.html
addons/ewei_shopv2/plugin/merch/template/web/manage/order/index.html
addons/ewei_shopv2/plugin/merch/template/web/manage/order/list.html
addons/ewei_shopv2/plugin/merch/template/web/manage/order/ops.html
addons/ewei_shopv2/plugin/merch/template/web/manage/order/tabs.html
addons/ewei_shopv2/plugin/merch/template/web/manage/order/op/changeaddress.html
addons/ewei_shopv2/plugin/merch/template/web/manage/order/op/changeprice.html
addons/ewei_shopv2/plugin/merch/template/web/manage/order/op/close.html
addons/ewei_shopv2/plugin/merch/template/web/manage/order/op/remarksaler.html
addons/ewei_shopv2/plugin/merch/template/web/manage/order/op/send.html
addons/ewei_shopv2/plugin/merch/template/web/manage/order/op/sendcancel.html
addons/ewei_shopv2/plugin/merch/template/web/manage/order/op/refund/index.html
addons/ewei_shopv2/plugin/merch/template/web/manage/order/op/refund/submit.html
addons/ewei_shopv2/plugin/merch/template/web/manage/perm/log.html
addons/ewei_shopv2/plugin/merch/template/web/manage/perm/perms.html
addons/ewei_shopv2/plugin/merch/template/web/manage/perm/tabs.html
addons/ewei_shopv2/plugin/merch/template/web/manage/perm/role/index.html
addons/ewei_shopv2/plugin/merch/template/web/manage/perm/role/post.html
addons/ewei_shopv2/plugin/merch/template/web/manage/perm/role/query.html
addons/ewei_shopv2/plugin/merch/template/web/manage/perm/user/index.html
addons/ewei_shopv2/plugin/merch/template/web/manage/perm/user/post.html
addons/ewei_shopv2/plugin/merch/template/web/manage/plugins/index.html
addons/ewei_shopv2/plugin/merch/template/web/manage/plugins/tabs.html
addons/ewei_shopv2/plugin/merch/template/web/manage/sale/enough.html
addons/ewei_shopv2/plugin/merch/template/web/manage/sale/enoughfree.html
addons/ewei_shopv2/plugin/merch/template/web/manage/sale/tabs.html
addons/ewei_shopv2/plugin/merch/template/web/manage/sale/coupon/category.html
addons/ewei_shopv2/plugin/merch/template/web/manage/sale/coupon/index.html
addons/ewei_shopv2/plugin/merch/template/web/manage/sale/coupon/log.html
addons/ewei_shopv2/plugin/merch/template/web/manage/sale/coupon/post.html
addons/ewei_shopv2/plugin/merch/template/web/manage/sale/coupon/query.html
addons/ewei_shopv2/plugin/merch/template/web/manage/sale/coupon/querygoods.html
addons/ewei_shopv2/plugin/merch/template/web/manage/sale/coupon/set.html
addons/ewei_shopv2/plugin/merch/template/web/manage/sale/coupon/post/basic.html
addons/ewei_shopv2/plugin/merch/template/web/manage/sale/coupon/post/center.html
addons/ewei_shopv2/plugin/merch/template/web/manage/sale/coupon/post/consume.html
addons/ewei_shopv2/plugin/merch/template/web/manage/sale/coupon/post/limit.html
addons/ewei_shopv2/plugin/merch/template/web/manage/sale/coupon/post/resp.html
addons/ewei_shopv2/plugin/merch/template/web/manage/sale/coupon/post/usage.html
addons/ewei_shopv2/plugin/merch/template/web/manage/sale/coupon/set/basic.html
addons/ewei_shopv2/plugin/merch/template/web/manage/shop/index.html
addons/ewei_shopv2/plugin/merch/template/web/manage/shop/selectareas.html
addons/ewei_shopv2/plugin/merch/template/web/manage/shop/selectareasNew.html
addons/ewei_shopv2/plugin/merch/template/web/manage/shop/tabs.html
addons/ewei_shopv2/plugin/merch/template/web/manage/shop/adv/index.html
addons/ewei_shopv2/plugin/merch/template/web/manage/shop/adv/post.html
addons/ewei_shopv2/plugin/merch/template/web/manage/shop/banner/index.html
addons/ewei_shopv2/plugin/merch/template/web/manage/shop/banner/post.html
addons/ewei_shopv2/plugin/merch/template/web/manage/shop/comment/index.html
addons/ewei_shopv2/plugin/merch/template/web/manage/shop/comment/post.html
addons/ewei_shopv2/plugin/merch/template/web/manage/shop/cube/index.html
addons/ewei_shopv2/plugin/merch/template/web/manage/shop/dispatch/index.html
addons/ewei_shopv2/plugin/merch/template/web/manage/shop/dispatch/post.html
addons/ewei_shopv2/plugin/merch/template/web/manage/shop/dispatch/tpl.html
addons/ewei_shopv2/plugin/merch/template/web/manage/shop/nav/index.html
addons/ewei_shopv2/plugin/merch/template/web/manage/shop/nav/post.html
addons/ewei_shopv2/plugin/merch/template/web/manage/shop/notice/index.html
addons/ewei_shopv2/plugin/merch/template/web/manage/shop/notice/post.html
addons/ewei_shopv2/plugin/merch/template/web/manage/shop/recommand/index.html
addons/ewei_shopv2/plugin/merch/template/web/manage/shop/refundaddress/index.html
addons/ewei_shopv2/plugin/merch/template/web/manage/shop/refundaddress/post.html
addons/ewei_shopv2/plugin/merch/template/web/manage/shop/sort/index.html
addons/ewei_shopv2/plugin/merch/template/web/manage/shop/verify/saler/index.html
addons/ewei_shopv2/plugin/merch/template/web/manage/shop/verify/saler/post.html
addons/ewei_shopv2/plugin/merch/template/web/manage/shop/verify/saler/query.html
addons/ewei_shopv2/plugin/merch/template/web/manage/shop/verify/store/index.html
addons/ewei_shopv2/plugin/merch/template/web/manage/shop/verify/store/post.html
addons/ewei_shopv2/plugin/merch/template/web/manage/shop/verify/store/query.html
addons/ewei_shopv2/plugin/merch/template/web/manage/statistics/goods.html
addons/ewei_shopv2/plugin/merch/template/web/manage/statistics/goods_rank.html
addons/ewei_shopv2/plugin/merch/template/web/manage/statistics/goods_trans.html
addons/ewei_shopv2/plugin/merch/template/web/manage/statistics/member_cost.html
addons/ewei_shopv2/plugin/merch/template/web/manage/statistics/member_increase.html
addons/ewei_shopv2/plugin/merch/template/web/manage/statistics/order.html
addons/ewei_shopv2/plugin/merch/template/web/manage/statistics/sale.html
addons/ewei_shopv2/plugin/merch/template/web/manage/statistics/sale_analysis.html
addons/ewei_shopv2/plugin/merch/template/web/manage/statistics/tabs.html
addons/ewei_shopv2/plugin/merch/template/web/manage/sysset/index.html
addons/ewei_shopv2/plugin/merch/template/web/manage/sysset/notice.html
addons/ewei_shopv2/plugin/merch/template/web/manage/sysset/tabs.html
addons/ewei_shopv2/plugin/merch/template/web/manage/sysset/printer/index.html
addons/ewei_shopv2/plugin/merch/template/web/manage/sysset/printer/post.html
addons/ewei_shopv2/plugin/merch/template/web/manage/sysset/printer/printer_list.html
addons/ewei_shopv2/plugin/merch/template/web/manage/sysset/printer/printer_post.html
addons/ewei_shopv2/plugin/merch/template/web/manage/sysset/printer/printer_query.html
addons/ewei_shopv2/plugin/merch/template/web/manage/sysset/printer/printer_tpl.html
addons/ewei_shopv2/plugin/merch/template/web/manage/sysset/printer/query.html
addons/ewei_shopv2/plugin/merch/template/web/manage/sysset/printer/set.html
addons/ewei_shopv2/plugin/merch/template/web/manage/sysset/printer/tpl.html
addons/ewei_shopv2/plugin/merch/template/web/manage/taobao/index.html
addons/ewei_shopv2/plugin/merch/template/web/manage/taobao/jingdong.html
addons/ewei_shopv2/plugin/merch/template/web/manage/taobao/one688.html
addons/ewei_shopv2/plugin/merch/template/web/manage/taobao/tabs.html
addons/ewei_shopv2/plugin/merch/template/web/manage/taobao/taobaocsv.html
addons/ewei_shopv2/plugin/merch/template/web/manage/util/express.html
addons/ewei_shopv2/plugin/merch/template/web/manage/util/selecticon.html
addons/ewei_shopv2/plugin/merch/template/web/manage/util/selecturl.html
addons/ewei_shopv2/plugin/merch/template/web/manage/util/selecturl_tpl.html
addons/ewei_shopv2/plugin/merch/template/web/reg/detail.html
addons/ewei_shopv2/plugin/merch/template/web/reg/index.html
addons/ewei_shopv2/plugin/merch/template/web/set/basic.html
addons/ewei_shopv2/plugin/merch/template/web/set/enter.html
addons/ewei_shopv2/plugin/merch/template/web/set/protocol.html
addons/ewei_shopv2/plugin/merch/template/web/set/web.html
addons/ewei_shopv2/plugin/merch/template/web/statistics/merch.html
addons/ewei_shopv2/plugin/merch/template/web/statistics/order.html
addons/ewei_shopv2/plugin/merch/template/web/user/basic.html
addons/ewei_shopv2/plugin/merch/template/web/user/index.html
addons/ewei_shopv2/plugin/merch/template/web/user/plugin.html
addons/ewei_shopv2/plugin/merch/template/web/user/post.html
addons/ewei_shopv2/plugin/merch/template/web/user/query.html
addons/ewei_shopv2/plugin/merch/template/web/user/querymerchs.html
addons/ewei_shopv2/plugin/merch/template/web_v3/cover.html
addons/ewei_shopv2/plugin/merch/template/web_v3/index.html
addons/ewei_shopv2/plugin/merch/template/web_v3/notice.html
addons/ewei_shopv2/plugin/merch/template/web_v3/set.html
addons/ewei_shopv2/plugin/merch/template/web_v3/category/index.html
addons/ewei_shopv2/plugin/merch/template/web_v3/category/post.html
addons/ewei_shopv2/plugin/merch/template/web_v3/category/post_swipe.html
addons/ewei_shopv2/plugin/merch/template/web_v3/category/query.html
addons/ewei_shopv2/plugin/merch/template/web_v3/category/swipe.html
addons/ewei_shopv2/plugin/merch/template/web_v3/check/detail.html
addons/ewei_shopv2/plugin/merch/template/web_v3/check/index.html
addons/ewei_shopv2/plugin/merch/template/web_v3/clearing/index.html
addons/ewei_shopv2/plugin/merch/template/web_v3/clearing/post.html
addons/ewei_shopv2/plugin/merch/template/web_v3/clearing/query.html
addons/ewei_shopv2/plugin/merch/template/web_v3/group/index.html
addons/ewei_shopv2/plugin/merch/template/web_v3/group/post.html
addons/ewei_shopv2/plugin/merch/template/web_v3/group/query.html
addons/ewei_shopv2/plugin/merch/template/web_v3/manage/common.html
addons/ewei_shopv2/plugin/merch/template/web_v3/manage/login.html
addons/ewei_shopv2/plugin/merch/template/web_v3/manage/search.html
addons/ewei_shopv2/plugin/merch/template/web_v3/manage/updatepassword.html
addons/ewei_shopv2/plugin/merch/template/web_v3/manage/_header_base.html
addons/ewei_shopv2/plugin/merch/template/web_v3/manage/_message.html
addons/ewei_shopv2/plugin/merch/template/web_v3/manage/apply/applytype.html
addons/ewei_shopv2/plugin/merch/template/web_v3/manage/apply/box.html
addons/ewei_shopv2/plugin/merch/template/web_v3/manage/apply/detail.html
addons/ewei_shopv2/plugin/merch/template/web_v3/manage/apply/index.html
addons/ewei_shopv2/plugin/merch/template/web_v3/manage/apply/list.html
addons/ewei_shopv2/plugin/merch/template/web_v3/manage/apply/post.html
addons/ewei_shopv2/plugin/merch/template/web_v3/manage/apply/table.html
addons/ewei_shopv2/plugin/merch/template/web_v3/manage/apply/tabs.html
addons/ewei_shopv2/plugin/merch/template/web_v3/manage/creditshop/category/index.html
addons/ewei_shopv2/plugin/merch/template/web_v3/manage/creditshop/category/query.html
addons/ewei_shopv2/plugin/merch/template/web_v3/manage/exhelper/index.html
addons/ewei_shopv2/plugin/merch/template/web_v3/manage/exhelper/printset.html
addons/ewei_shopv2/plugin/merch/template/web_v3/manage/exhelper/short.html
addons/ewei_shopv2/plugin/merch/template/web_v3/manage/exhelper/tabs.html
addons/ewei_shopv2/plugin/merch/template/web_v3/manage/exhelper/print/print_tpl_dosend.html
addons/ewei_shopv2/plugin/merch/template/web_v3/manage/exhelper/print/print_tpl_template.html
addons/ewei_shopv2/plugin/merch/template/web_v3/manage/exhelper/print/batch/index.html
addons/ewei_shopv2/plugin/merch/template/web_v3/manage/exhelper/print/batch/print_tpl_detail.html
addons/ewei_shopv2/plugin/merch/template/web_v3/manage/exhelper/print/single/index.html
addons/ewei_shopv2/plugin/merch/template/web_v3/manage/exhelper/print/single/print_tpl.html
addons/ewei_shopv2/plugin/merch/template/web_v3/manage/exhelper/print/single/print_tpl_detail.html
addons/ewei_shopv2/plugin/merch/template/web_v3/manage/exhelper/sender/index.html
addons/ewei_shopv2/plugin/merch/template/web_v3/manage/exhelper/sender/post.html
addons/ewei_shopv2/plugin/merch/template/web_v3/manage/exhelper/temp/express/index.html
addons/ewei_shopv2/plugin/merch/template/web_v3/manage/exhelper/temp/express/post.html
addons/ewei_shopv2/plugin/merch/template/web_v3/manage/exhelper/temp/invoice/index.html
addons/ewei_shopv2/plugin/merch/template/web_v3/manage/exhelper/temp/invoice/post.html
addons/ewei_shopv2/plugin/merch/template/web_v3/manage/goods/create.html
addons/ewei_shopv2/plugin/merch/template/web_v3/manage/goods/index.html
addons/ewei_shopv2/plugin/merch/template/web_v3/manage/goods/post.html
addons/ewei_shopv2/plugin/merch/template/web_v3/manage/goods/query.html
addons/ewei_shopv2/plugin/merch/template/web_v3/manage/goods/tabs.html
addons/ewei_shopv2/plugin/merch/template/web_v3/manage/goods/category/index.html
addons/ewei_shopv2/plugin/merch/template/web_v3/manage/goods/category/query.html
addons/ewei_shopv2/plugin/merch/template/web_v3/manage/goods/group/index.html
addons/ewei_shopv2/plugin/merch/template/web_v3/manage/goods/group/post.html
addons/ewei_shopv2/plugin/merch/template/web_v3/manage/goods/group/query.html
addons/ewei_shopv2/plugin/merch/template/web_v3/manage/goods/tab/basic.html
addons/ewei_shopv2/plugin/merch/template/web_v3/manage/goods/tab/buy.html
addons/ewei_shopv2/plugin/merch/template/web_v3/manage/goods/tab/des.html
addons/ewei_shopv2/plugin/merch/template/web_v3/manage/goods/tab/notice.html
addons/ewei_shopv2/plugin/merch/template/web_v3/manage/goods/tab/option.html
addons/ewei_shopv2/plugin/merch/template/web_v3/manage/goods/tab/param.html
addons/ewei_shopv2/plugin/merch/template/web_v3/manage/goods/tab/sale.html
addons/ewei_shopv2/plugin/merch/template/web_v3/manage/goods/tab/share.html
addons/ewei_shopv2/plugin/merch/template/web_v3/manage/goods/tab/verify.html
addons/ewei_shopv2/plugin/merch/template/web_v3/manage/goods/tpl/param.html
addons/ewei_shopv2/plugin/merch/template/web_v3/manage/goods/tpl/spec.html
addons/ewei_shopv2/plugin/merch/template/web_v3/manage/goods/tpl/spec_item.html
addons/ewei_shopv2/plugin/merch/template/web_v3/manage/goods/virtual/category.html
addons/ewei_shopv2/plugin/merch/template/web_v3/manage/goods/virtual/data/index.html
addons/ewei_shopv2/plugin/merch/template/web_v3/manage/goods/virtual/data/post.html
addons/ewei_shopv2/plugin/merch/template/web_v3/manage/goods/virtual/data/tpl.html
addons/ewei_shopv2/plugin/merch/template/web_v3/manage/goods/virtual/temp/index.html
addons/ewei_shopv2/plugin/merch/template/web_v3/manage/goods/virtual/temp/post.html
addons/ewei_shopv2/plugin/merch/template/web_v3/manage/goods/virtual/temp/tpl.html
addons/ewei_shopv2/plugin/merch/template/web_v3/manage/hotelreservation/goods/post.html
addons/ewei_shopv2/plugin/merch/template/web_v3/manage/hotelreservation/goods/tab/basic.html
addons/ewei_shopv2/plugin/merch/template/web_v3/manage/hotelreservation/goods/tab/option.html
addons/ewei_shopv2/plugin/merch/template/web_v3/manage/member/query.html
addons/ewei_shopv2/plugin/merch/template/web_v3/manage/member/tabs.html
addons/ewei_shopv2/plugin/merch/template/web_v3/manage/member/detail/basic.html
addons/ewei_shopv2/plugin/merch/template/web_v3/manage/member/detail/diyform.html
addons/ewei_shopv2/plugin/merch/template/web_v3/manage/member/detail/trade.html
addons/ewei_shopv2/plugin/merch/template/web_v3/manage/member/list/detail.html
addons/ewei_shopv2/plugin/merch/template/web_v3/manage/order/batchsend.html
addons/ewei_shopv2/plugin/merch/template/web_v3/manage/order/detail.html
addons/ewei_shopv2/plugin/merch/template/web_v3/manage/order/export.html
addons/ewei_shopv2/plugin/merch/template/web_v3/manage/order/index.html
addons/ewei_shopv2/plugin/merch/template/web_v3/manage/order/list.html
addons/ewei_shopv2/plugin/merch/template/web_v3/manage/order/ops.html
addons/ewei_shopv2/plugin/merch/template/web_v3/manage/order/tabs.html
addons/ewei_shopv2/plugin/merch/template/web_v3/manage/order/op/changeaddress.html
addons/ewei_shopv2/plugin/merch/template/web_v3/manage/order/op/changeprice.html
addons/ewei_shopv2/plugin/merch/template/web_v3/manage/order/op/close.html
addons/ewei_shopv2/plugin/merch/template/web_v3/manage/order/op/remarksaler.html
addons/ewei_shopv2/plugin/merch/template/web_v3/manage/order/op/send.html
addons/ewei_shopv2/plugin/merch/template/web_v3/manage/order/op/sendcancel.html
addons/ewei_shopv2/plugin/merch/template/web_v3/manage/order/op/refund/index.html
addons/ewei_shopv2/plugin/merch/template/web_v3/manage/order/op/refund/submit.html
addons/ewei_shopv2/plugin/merch/template/web_v3/manage/perm/log.html
addons/ewei_shopv2/plugin/merch/template/web_v3/manage/perm/perms.html
addons/ewei_shopv2/plugin/merch/template/web_v3/manage/perm/tabs.html
addons/ewei_shopv2/plugin/merch/template/web_v3/manage/perm/role/index.html
addons/ewei_shopv2/plugin/merch/template/web_v3/manage/perm/role/post.html
addons/ewei_shopv2/plugin/merch/template/web_v3/manage/perm/role/query.html
addons/ewei_shopv2/plugin/merch/template/web_v3/manage/perm/user/index.html
addons/ewei_shopv2/plugin/merch/template/web_v3/manage/perm/user/post.html
addons/ewei_shopv2/plugin/merch/template/web_v3/manage/plugins/index.html
addons/ewei_shopv2/plugin/merch/template/web_v3/manage/plugins/index2.html
addons/ewei_shopv2/plugin/merch/template/web_v3/manage/plugins/tabs.html
addons/ewei_shopv2/plugin/merch/template/web_v3/manage/sale/enough.html
addons/ewei_shopv2/plugin/merch/template/web_v3/manage/sale/enoughfree.html
addons/ewei_shopv2/plugin/merch/template/web_v3/manage/sale/tabs.html
addons/ewei_shopv2/plugin/merch/template/web_v3/manage/sale/coupon/category.html
addons/ewei_shopv2/plugin/merch/template/web_v3/manage/sale/coupon/index.html
addons/ewei_shopv2/plugin/merch/template/web_v3/manage/sale/coupon/log.html
addons/ewei_shopv2/plugin/merch/template/web_v3/manage/sale/coupon/post.html
addons/ewei_shopv2/plugin/merch/template/web_v3/manage/sale/coupon/query.html
addons/ewei_shopv2/plugin/merch/template/web_v3/manage/sale/coupon/querygoods.html
addons/ewei_shopv2/plugin/merch/template/web_v3/manage/sale/coupon/set.html
addons/ewei_shopv2/plugin/merch/template/web_v3/manage/sale/coupon/post/basic.html
addons/ewei_shopv2/plugin/merch/template/web_v3/manage/sale/coupon/post/center.html
addons/ewei_shopv2/plugin/merch/template/web_v3/manage/sale/coupon/post/consume.html
addons/ewei_shopv2/plugin/merch/template/web_v3/manage/sale/coupon/post/limit.html
addons/ewei_shopv2/plugin/merch/template/web_v3/manage/sale/coupon/post/resp.html
addons/ewei_shopv2/plugin/merch/template/web_v3/manage/sale/coupon/post/usage.html
addons/ewei_shopv2/plugin/merch/template/web_v3/manage/sale/coupon/set/basic.html
addons/ewei_shopv2/plugin/merch/template/web_v3/manage/shop/index.html
addons/ewei_shopv2/plugin/merch/template/web_v3/manage/shop/selectareas.html
addons/ewei_shopv2/plugin/merch/template/web_v3/manage/shop/selectareasNew.html
addons/ewei_shopv2/plugin/merch/template/web_v3/manage/shop/adv/index.html
addons/ewei_shopv2/plugin/merch/template/web_v3/manage/shop/adv/post.html
addons/ewei_shopv2/plugin/merch/template/web_v3/manage/shop/banner/index.html
addons/ewei_shopv2/plugin/merch/template/web_v3/manage/shop/banner/post.html
addons/ewei_shopv2/plugin/merch/template/web_v3/manage/shop/comment/index.html
addons/ewei_shopv2/plugin/merch/template/web_v3/manage/shop/comment/post.html
addons/ewei_shopv2/plugin/merch/template/web_v3/manage/shop/cube/index.html
addons/ewei_shopv2/plugin/merch/template/web_v3/manage/shop/dispatch/index.html
addons/ewei_shopv2/plugin/merch/template/web_v3/manage/shop/dispatch/post.html
addons/ewei_shopv2/plugin/merch/template/web_v3/manage/shop/dispatch/tpl.html
addons/ewei_shopv2/plugin/merch/template/web_v3/manage/shop/nav/index.html
addons/ewei_shopv2/plugin/merch/template/web_v3/manage/shop/nav/post.html
addons/ewei_shopv2/plugin/merch/template/web_v3/manage/shop/notice/index.html
addons/ewei_shopv2/plugin/merch/template/web_v3/manage/shop/notice/post.html
addons/ewei_shopv2/plugin/merch/template/web_v3/manage/shop/recommand/index.html
addons/ewei_shopv2/plugin/merch/template/web_v3/manage/shop/refundaddress/index.html
addons/ewei_shopv2/plugin/merch/template/web_v3/manage/shop/refundaddress/post.html
addons/ewei_shopv2/plugin/merch/template/web_v3/manage/shop/sort/index.html
addons/ewei_shopv2/plugin/merch/template/web_v3/manage/shop/verify/saler/index.html
addons/ewei_shopv2/plugin/merch/template/web_v3/manage/shop/verify/saler/post.html
addons/ewei_shopv2/plugin/merch/template/web_v3/manage/shop/verify/saler/query.html
addons/ewei_shopv2/plugin/merch/template/web_v3/manage/shop/verify/store/index.html
addons/ewei_shopv2/plugin/merch/template/web_v3/manage/shop/verify/store/post.html
addons/ewei_shopv2/plugin/merch/template/web_v3/manage/shop/verify/store/query.html
addons/ewei_shopv2/plugin/merch/template/web_v3/manage/statistics/goods.html
addons/ewei_shopv2/plugin/merch/template/web_v3/manage/statistics/goods_rank.html
addons/ewei_shopv2/plugin/merch/template/web_v3/manage/statistics/goods_trans.html
addons/ewei_shopv2/plugin/merch/template/web_v3/manage/statistics/member_cost.html
addons/ewei_shopv2/plugin/merch/template/web_v3/manage/statistics/member_increase.html
addons/ewei_shopv2/plugin/merch/template/web_v3/manage/statistics/order.html
addons/ewei_shopv2/plugin/merch/template/web_v3/manage/statistics/sale.html
addons/ewei_shopv2/plugin/merch/template/web_v3/manage/statistics/sale_analysis.html
addons/ewei_shopv2/plugin/merch/template/web_v3/manage/sysset/index.html
addons/ewei_shopv2/plugin/merch/template/web_v3/manage/sysset/notice.html
addons/ewei_shopv2/plugin/merch/template/web_v3/manage/sysset/tabs.html
addons/ewei_shopv2/plugin/merch/template/web_v3/manage/sysset/printer/index.html
addons/ewei_shopv2/plugin/merch/template/web_v3/manage/sysset/printer/post.html
addons/ewei_shopv2/plugin/merch/template/web_v3/manage/sysset/printer/printer_list.html
addons/ewei_shopv2/plugin/merch/template/web_v3/manage/sysset/printer/printer_post.html
addons/ewei_shopv2/plugin/merch/template/web_v3/manage/sysset/printer/printer_query.html
addons/ewei_shopv2/plugin/merch/template/web_v3/manage/sysset/printer/printer_tpl.html
addons/ewei_shopv2/plugin/merch/template/web_v3/manage/sysset/printer/query.html
addons/ewei_shopv2/plugin/merch/template/web_v3/manage/sysset/printer/set.html
addons/ewei_shopv2/plugin/merch/template/web_v3/manage/sysset/printer/tpl.html
addons/ewei_shopv2/plugin/merch/template/web_v3/manage/taobao/index.html
addons/ewei_shopv2/plugin/merch/template/web_v3/manage/taobao/jingdong.html
addons/ewei_shopv2/plugin/merch/template/web_v3/manage/taobao/one688.html
addons/ewei_shopv2/plugin/merch/template/web_v3/manage/taobao/tabs.html
addons/ewei_shopv2/plugin/merch/template/web_v3/manage/taobao/taobaocsv.html
addons/ewei_shopv2/plugin/merch/template/web_v3/manage/util/express.html
addons/ewei_shopv2/plugin/merch/template/web_v3/manage/util/selecticon.html
addons/ewei_shopv2/plugin/merch/template/web_v3/manage/util/selecturl.html
addons/ewei_shopv2/plugin/merch/template/web_v3/manage/util/selecturl_tpl.html
addons/ewei_shopv2/plugin/merch/template/web_v3/reg/detail.html
addons/ewei_shopv2/plugin/merch/template/web_v3/reg/index.html
addons/ewei_shopv2/plugin/merch/template/web_v3/set/basic.html
addons/ewei_shopv2/plugin/merch/template/web_v3/set/enter.html
addons/ewei_shopv2/plugin/merch/template/web_v3/set/protocol.html
addons/ewei_shopv2/plugin/merch/template/web_v3/set/web.html
addons/ewei_shopv2/plugin/merch/template/web_v3/statistics/merch.html
addons/ewei_shopv2/plugin/merch/template/web_v3/statistics/order.html
addons/ewei_shopv2/plugin/merch/template/web_v3/user/basic.html
addons/ewei_shopv2/plugin/merch/template/web_v3/user/index.html
addons/ewei_shopv2/plugin/merch/template/web_v3/user/plugin.html
addons/ewei_shopv2/plugin/merch/template/web_v3/user/post.html
addons/ewei_shopv2/plugin/merch/template/web_v3/user/query.html
addons/ewei_shopv2/plugin/merch/template/web_v3/user/querymerchs.html
addons/ewei_shopv2/plugin/mmanage/config.php
addons/ewei_shopv2/plugin/mmanage/core/model.php
addons/ewei_shopv2/plugin/mmanage/core/processor.php
addons/ewei_shopv2/plugin/mmanage/core/inc/page_mmanage.php
addons/ewei_shopv2/plugin/mmanage/core/mobile/index.php
addons/ewei_shopv2/plugin/mmanage/core/mobile/login.php
addons/ewei_shopv2/plugin/mmanage/core/mobile/finance/index.php
addons/ewei_shopv2/plugin/mmanage/core/mobile/finance/recharge.php
addons/ewei_shopv2/plugin/mmanage/core/mobile/goods/index.php
addons/ewei_shopv2/plugin/mmanage/core/mobile/member/index.php
addons/ewei_shopv2/plugin/mmanage/core/mobile/order/index.php
addons/ewei_shopv2/plugin/mmanage/core/mobile/order/op.php
addons/ewei_shopv2/plugin/mmanage/core/mobile/order/op/refund.php
addons/ewei_shopv2/plugin/mmanage/core/mobile/sale/index.php
addons/ewei_shopv2/plugin/mmanage/core/mobile/set/index.php
addons/ewei_shopv2/plugin/mmanage/core/mobile/shop/index.php
addons/ewei_shopv2/plugin/mmanage/core/mobile/statistics/index.php
addons/ewei_shopv2/plugin/mmanage/core/mobile/system/notice.php
addons/ewei_shopv2/plugin/mmanage/core/web/index.php
addons/ewei_shopv2/plugin/mmanage/static/css/style.css
addons/ewei_shopv2/plugin/mmanage/static/js/base.js
addons/ewei_shopv2/plugin/mmanage/static/js/finance.js
addons/ewei_shopv2/plugin/mmanage/static/js/goods-detail.js
addons/ewei_shopv2/plugin/mmanage/static/js/goods.js
addons/ewei_shopv2/plugin/mmanage/static/js/init.js
addons/ewei_shopv2/plugin/mmanage/static/js/member-detail.js
addons/ewei_shopv2/plugin/mmanage/static/js/member.js
addons/ewei_shopv2/plugin/mmanage/static/js/order-base.js
addons/ewei_shopv2/plugin/mmanage/static/js/order-detail.js
addons/ewei_shopv2/plugin/mmanage/static/js/order-op.js
addons/ewei_shopv2/plugin/mmanage/static/js/order.js
addons/ewei_shopv2/plugin/mmanage/static/js/recharge.js
addons/ewei_shopv2/plugin/mmanage/static/js/sortable.js
addons/ewei_shopv2/plugin/mmanage/template/mobile/default/common.html
addons/ewei_shopv2/plugin/mmanage/template/mobile/default/index.html
addons/ewei_shopv2/plugin/mmanage/template/mobile/default/login.html
addons/ewei_shopv2/plugin/mmanage/template/mobile/default/_menu.html
addons/ewei_shopv2/plugin/mmanage/template/mobile/default/finance/index.html
addons/ewei_shopv2/plugin/mmanage/template/mobile/default/finance/recharge.html
addons/ewei_shopv2/plugin/mmanage/template/mobile/default/goods/index.html
addons/ewei_shopv2/plugin/mmanage/template/mobile/default/goods/post.html
addons/ewei_shopv2/plugin/mmanage/template/mobile/default/member/detail.html
addons/ewei_shopv2/plugin/mmanage/template/mobile/default/member/index.html
addons/ewei_shopv2/plugin/mmanage/template/mobile/default/order/detail.html
addons/ewei_shopv2/plugin/mmanage/template/mobile/default/order/express.html
addons/ewei_shopv2/plugin/mmanage/template/mobile/default/order/index.html
addons/ewei_shopv2/plugin/mmanage/template/mobile/default/order/ops.html
addons/ewei_shopv2/plugin/mmanage/template/mobile/default/order/op/changeaddress.html
addons/ewei_shopv2/plugin/mmanage/template/mobile/default/order/op/refund.html
addons/ewei_shopv2/plugin/mmanage/template/mobile/default/order/op/remarksaler.html
addons/ewei_shopv2/plugin/mmanage/template/mobile/default/order/op/send.html
addons/ewei_shopv2/plugin/mmanage/template/mobile/default/order/op/sendcancel.html
addons/ewei_shopv2/plugin/mmanage/template/mobile/default/sale/index.html
addons/ewei_shopv2/plugin/mmanage/template/mobile/default/set/index.html
addons/ewei_shopv2/plugin/mmanage/template/mobile/default/shop/index.html
addons/ewei_shopv2/plugin/mmanage/template/mobile/default/statistics/index.html
addons/ewei_shopv2/plugin/mmanage/template/mobile/default/system/notice/detail.html
addons/ewei_shopv2/plugin/mmanage/template/mobile/default/system/notice/index.html
addons/ewei_shopv2/plugin/mmanage/template/mobile/default/_tpl/finance.html
addons/ewei_shopv2/plugin/mmanage/template/mobile/default/_tpl/goods.html
addons/ewei_shopv2/plugin/mmanage/template/mobile/default/_tpl/goods_params.html
addons/ewei_shopv2/plugin/mmanage/template/mobile/default/_tpl/member.html
addons/ewei_shopv2/plugin/mmanage/template/mobile/default/_tpl/member_params.html
addons/ewei_shopv2/plugin/mmanage/template/mobile/default/_tpl/order.html
addons/ewei_shopv2/plugin/mmanage/template/mobile/default/_tpl/order_params.html
addons/ewei_shopv2/plugin/mmanage/template/mobile/default/_tpl/order_refund.html
addons/ewei_shopv2/plugin/mmanage/template/mobile/default/_tpl/recharge_params.html
addons/ewei_shopv2/plugin/mmanage/template/web/index.html
addons/ewei_shopv2/plugin/mmanage/template/web/setting.html
addons/ewei_shopv2/plugin/mmanage/template/web/tabs.html
addons/ewei_shopv2/plugin/mmanage/template/web_v3/index.html
addons/ewei_shopv2/plugin/mmanage/template/web_v3/setting.html
addons/ewei_shopv2/plugin/mmanage/template/web_v3/tabs.html
addons/ewei_shopv2/plugin/seckill/config.php
addons/ewei_shopv2/plugin/seckill/model.php
addons/ewei_shopv2/plugin/seckill/core/model.php
addons/ewei_shopv2/plugin/seckill/core/seckill_page_web.php
addons/ewei_shopv2/plugin/seckill/core/mobile/index.php
addons/ewei_shopv2/plugin/seckill/core/web/adv.php
addons/ewei_shopv2/plugin/seckill/core/web/calendar.php
addons/ewei_shopv2/plugin/seckill/core/web/category.php
addons/ewei_shopv2/plugin/seckill/core/web/cover.php
addons/ewei_shopv2/plugin/seckill/core/web/goods.php
addons/ewei_shopv2/plugin/seckill/core/web/index.php
addons/ewei_shopv2/plugin/seckill/core/web/room.php
addons/ewei_shopv2/plugin/seckill/core/web/task.php
addons/ewei_shopv2/plugin/seckill/static/js/mobile.js
addons/ewei_shopv2/plugin/seckill/static/js/timer.js
addons/ewei_shopv2/plugin/seckill/task/delete.php
addons/ewei_shopv2/plugin/seckill/template/mobile/default/index.html
addons/ewei_shopv2/plugin/seckill/template/mobile/default/room.html
addons/ewei_shopv2/plugin/seckill/template/mobile/default/_menu.html
addons/ewei_shopv2/plugin/seckill/template/mobile/default/static/css/common.css
addons/ewei_shopv2/plugin/seckill/template/web/category.html
addons/ewei_shopv2/plugin/seckill/template/web/cover.html
addons/ewei_shopv2/plugin/seckill/template/web/goods.html
addons/ewei_shopv2/plugin/seckill/template/web/index.html
addons/ewei_shopv2/plugin/seckill/template/web/settings.html
addons/ewei_shopv2/plugin/seckill/template/web/tabs.html
addons/ewei_shopv2/plugin/seckill/template/web/adv/index.html
addons/ewei_shopv2/plugin/seckill/template/web/adv/post.html
addons/ewei_shopv2/plugin/seckill/template/web/calendar/dates.html
addons/ewei_shopv2/plugin/seckill/template/web/calendar/index.html
addons/ewei_shopv2/plugin/seckill/template/web/room/index.html
addons/ewei_shopv2/plugin/seckill/template/web/room/post.html
addons/ewei_shopv2/plugin/seckill/template/web/room/querygoods.html
addons/ewei_shopv2/plugin/seckill/template/web/room/queryoption.html
addons/ewei_shopv2/plugin/seckill/template/web/task/index.html
addons/ewei_shopv2/plugin/seckill/template/web/task/post.html
addons/ewei_shopv2/plugin/seckill/template/web/task/query.html
addons/ewei_shopv2/plugin/seckill/template/web_v3/category.html
addons/ewei_shopv2/plugin/seckill/template/web_v3/cover.html
addons/ewei_shopv2/plugin/seckill/template/web_v3/goods.html
addons/ewei_shopv2/plugin/seckill/template/web_v3/index.html
addons/ewei_shopv2/plugin/seckill/template/web_v3/settings.html
addons/ewei_shopv2/plugin/seckill/template/web_v3/tabs.html
addons/ewei_shopv2/plugin/seckill/template/web_v3/adv/index.html
addons/ewei_shopv2/plugin/seckill/template/web_v3/adv/post.html
addons/ewei_shopv2/plugin/seckill/template/web_v3/calendar/dates.html
addons/ewei_shopv2/plugin/seckill/template/web_v3/calendar/index.html
addons/ewei_shopv2/plugin/seckill/template/web_v3/room/index.html
addons/ewei_shopv2/plugin/seckill/template/web_v3/room/post.html
addons/ewei_shopv2/plugin/seckill/template/web_v3/room/querygoods.html
addons/ewei_shopv2/plugin/seckill/template/web_v3/room/queryoption.html
addons/ewei_shopv2/plugin/seckill/template/web_v3/task/index.html
addons/ewei_shopv2/plugin/seckill/template/web_v3/task/post.html
addons/ewei_shopv2/plugin/seckill/template/web_v3/task/query.html
addons/ewei_shopv2/plugin/task/config.php
addons/ewei_shopv2/plugin/task/core/model.php
addons/ewei_shopv2/plugin/task/core/processor.php
addons/ewei_shopv2/plugin/task/core/mobile/build.php
addons/ewei_shopv2/plugin/task/core/mobile/index.php
addons/ewei_shopv2/plugin/task/core/mobile/index2.php
addons/ewei_shopv2/plugin/task/core/web/adv.php
addons/ewei_shopv2/plugin/task/core/web/default.php
addons/ewei_shopv2/plugin/task/core/web/extension.php
addons/ewei_shopv2/plugin/task/core/web/index.php
addons/ewei_shopv2/plugin/task/core/web/log.php
addons/ewei_shopv2/plugin/task/core/web/select.php
addons/ewei_shopv2/plugin/task/static/css/foxui.extends.css
addons/ewei_shopv2/plugin/task/static/css/iconfont.css
addons/ewei_shopv2/plugin/task/static/css/iconfont.eot
addons/ewei_shopv2/plugin/task/static/css/iconfont.svg
addons/ewei_shopv2/plugin/task/static/css/iconfont.ttf
addons/ewei_shopv2/plugin/task/static/css/iconfont.woff
addons/ewei_shopv2/plugin/task/static/css/task.css
addons/ewei_shopv2/plugin/task/static/images/detail-head.jpg
addons/ewei_shopv2/plugin/task/static/images/fail.png
addons/ewei_shopv2/plugin/task/static/images/get.png
addons/ewei_shopv2/plugin/task/static/images/head.jpg
addons/ewei_shopv2/plugin/task/static/images/icon1.png
addons/ewei_shopv2/plugin/task/static/images/img.jpg
addons/ewei_shopv2/plugin/task/static/images/label.png
addons/ewei_shopv2/plugin/task/static/images/qr.jpg
addons/ewei_shopv2/plugin/task/static/images/sky.png
addons/ewei_shopv2/plugin/task/static/images/success.png
addons/ewei_shopv2/plugin/task/static/images/taskbluebg.png
addons/ewei_shopv2/plugin/task/static/images/taskico.png
addons/ewei_shopv2/plugin/task/static/images/taskicon.png
addons/ewei_shopv2/plugin/task/static/js/designer.js
addons/ewei_shopv2/plugin/task/static/js/index.js
addons/ewei_shopv2/plugin/task/static/js/iscroll.js
addons/ewei_shopv2/plugin/task/static/js/post.js
addons/ewei_shopv2/plugin/task/static/style/common.css
addons/ewei_shopv2/plugin/task/static/style/goods.css
addons/ewei_shopv2/plugin/task/static/style/taskplugin.css
addons/ewei_shopv2/plugin/task/template/mobile/default/complete.html
addons/ewei_shopv2/plugin/task/template/mobile/default/detail.html
addons/ewei_shopv2/plugin/task/template/mobile/default/detail_new.html
addons/ewei_shopv2/plugin/task/template/mobile/default/goodslist.html
addons/ewei_shopv2/plugin/task/template/mobile/default/index.html
addons/ewei_shopv2/plugin/task/template/mobile/default/index2.html
addons/ewei_shopv2/plugin/task/template/mobile/default/index_new.html
addons/ewei_shopv2/plugin/task/template/mobile/default/mine.html
addons/ewei_shopv2/plugin/task/template/mobile/default/mytask.html
addons/ewei_shopv2/plugin/task/template/mobile/default/rankcomplete.html
addons/ewei_shopv2/plugin/task/template/mobile/default/ranktaskinfo.html
addons/ewei_shopv2/plugin/task/template/mobile/default/reward.html
addons/ewei_shopv2/plugin/task/template/mobile/default/rewardlist.html
addons/ewei_shopv2/plugin/task/template/mobile/default/taskinfo.html
addons/ewei_shopv2/plugin/task/template/mobile/default/taskinfo1.html
addons/ewei_shopv2/plugin/task/template/web/default.html
addons/ewei_shopv2/plugin/task/template/web/index.html
addons/ewei_shopv2/plugin/task/template/web/log.html
addons/ewei_shopv2/plugin/task/template/web/post.html
addons/ewei_shopv2/plugin/task/template/web/rankpost.html
addons/ewei_shopv2/plugin/task/template/web/tabs.html
addons/ewei_shopv2/plugin/task/template/web/adv/index.html
addons/ewei_shopv2/plugin/task/template/web/adv/post.html
addons/ewei_shopv2/plugin/task/template/web/default/poster.html
addons/ewei_shopv2/plugin/task/template/web/default/setstart.html
addons/ewei_shopv2/plugin/task/template/web/default/system.html
addons/ewei_shopv2/plugin/task/template/web/extension/certain.html
addons/ewei_shopv2/plugin/task/template/web/extension/coupon.html
addons/ewei_shopv2/plugin/task/template/web/extension/goods.html
addons/ewei_shopv2/plugin/task/template/web/extension/index.html
addons/ewei_shopv2/plugin/task/template/web/extension/post.html
addons/ewei_shopv2/plugin/task/template/web/new/index.html
addons/ewei_shopv2/plugin/task/template/web/new/notice.html
addons/ewei_shopv2/plugin/task/template/web/new/post.html
addons/ewei_shopv2/plugin/task/template/web/new/preview.html
addons/ewei_shopv2/plugin/task/template/web/new/record.html
addons/ewei_shopv2/plugin/task/template/web/new/reward.html
addons/ewei_shopv2/plugin/task/template/web/new/setting.html
addons/ewei_shopv2/plugin/task/template/web/new/tabs.html
addons/ewei_shopv2/plugin/task/template/web/new/tasklist.html
addons/ewei_shopv2/plugin/task/template/web/new/post/basic.html
addons/ewei_shopv2/plugin/task/template/web/new/post/design.html
addons/ewei_shopv2/plugin/task/template/web/new/post/followreward.html
addons/ewei_shopv2/plugin/task/template/web/new/post/level_2.html
addons/ewei_shopv2/plugin/task/template/web/new/post/level_3.html
addons/ewei_shopv2/plugin/task/template/web/new/post/reward.html
addons/ewei_shopv2/plugin/task/template/web/new/post/selector.html
addons/ewei_shopv2/plugin/task/template/web/post/basic.html
addons/ewei_shopv2/plugin/task/template/web/post/commission.html
addons/ewei_shopv2/plugin/task/template/web/post/design.html
addons/ewei_shopv2/plugin/task/template/web/post/notice.html
addons/ewei_shopv2/plugin/task/template/web/post/rankbasic.html
addons/ewei_shopv2/plugin/task/template/web/post/rankreward.html
addons/ewei_shopv2/plugin/task/template/web/post/resp.html
addons/ewei_shopv2/plugin/task/template/web/post/reward.html
addons/ewei_shopv2/plugin/task/template/web/post/right.html
addons/ewei_shopv2/plugin/task/template/web/post/select_coupon.html
addons/ewei_shopv2/plugin/task/template/web/post/select_goods.html
addons/ewei_shopv2/plugin/task/template/web/query/query_coupon.html
addons/ewei_shopv2/plugin/task/template/web/query/query_goods.html
addons/ewei_shopv2/plugin/task/template/web/query/select_tpl.html
addons/ewei_shopv2/plugin/task/template/web_v3/default.html
addons/ewei_shopv2/plugin/task/template/web_v3/index.html
addons/ewei_shopv2/plugin/task/template/web_v3/log.html
addons/ewei_shopv2/plugin/task/template/web_v3/post.html
addons/ewei_shopv2/plugin/task/template/web_v3/rankpost.html
addons/ewei_shopv2/plugin/task/template/web_v3/tabs.html
addons/ewei_shopv2/plugin/task/template/web_v3/adv/index.html
addons/ewei_shopv2/plugin/task/template/web_v3/adv/post.html
addons/ewei_shopv2/plugin/task/template/web_v3/default/poster.html
addons/ewei_shopv2/plugin/task/template/web_v3/default/setstart.html
addons/ewei_shopv2/plugin/task/template/web_v3/default/system.html
addons/ewei_shopv2/plugin/task/template/web_v3/extension/certain.html
addons/ewei_shopv2/plugin/task/template/web_v3/extension/coupon.html
addons/ewei_shopv2/plugin/task/template/web_v3/extension/goods.html
addons/ewei_shopv2/plugin/task/template/web_v3/extension/index.html
addons/ewei_shopv2/plugin/task/template/web_v3/extension/post.html
addons/ewei_shopv2/plugin/task/template/web_v3/post/basic.html
addons/ewei_shopv2/plugin/task/template/web_v3/post/commission.html
addons/ewei_shopv2/plugin/task/template/web_v3/post/design.html
addons/ewei_shopv2/plugin/task/template/web_v3/post/notice.html
addons/ewei_shopv2/plugin/task/template/web_v3/post/rankbasic.html
addons/ewei_shopv2/plugin/task/template/web_v3/post/rankreward.html
addons/ewei_shopv2/plugin/task/template/web_v3/post/resp.html
addons/ewei_shopv2/plugin/task/template/web_v3/post/reward.html
addons/ewei_shopv2/plugin/task/template/web_v3/post/right.html
addons/ewei_shopv2/plugin/task/template/web_v3/post/select_coupon.html
addons/ewei_shopv2/plugin/task/template/web_v3/post/select_goods.html
addons/ewei_shopv2/plugin/task/template/web_v3/query/query_coupon.html
addons/ewei_shopv2/plugin/task/template/web_v3/query/query_goods.html
addons/ewei_shopv2/plugin/task/template/web_v3/query/select_tpl.html
addons/ewei_shopv2/template/mobile/default/store/detail.html